../src/sig/aimer/reference/aimer-256s/field_common.c:8:6:samsungsds_aimer_256s_ref_gf_to_bytes	20	static
../src/sig/aimer/reference/aimer-256s/field_common.c:21:6:samsungsds_aimer_256s_ref_gf_from_bytes	48	static
../src/sig/aimer/reference/aimer-256s/field_common.c:34:6:samsungsds_aimer_256s_ref_gf_set0	0	static
../src/sig/aimer/reference/aimer-256s/field_common.c:42:6:samsungsds_aimer_256s_ref_gf_is0	8	static
../src/sig/aimer/reference/aimer-256s/field_common.c:52:6:samsungsds_aimer_256s_ref_gf_copy	0	static
../src/sig/aimer/reference/aimer-256s/field_common.c:60:6:samsungsds_aimer_256s_ref_gf_add	12	static
../src/sig/aimer/reference/aimer-256s/field_common.c:68:6:samsungsds_aimer_256s_ref_gf_inv	56	static
../src/sig/aimer/reference/aimer-256s/field_common.c:85:6:samsungsds_aimer_256s_ref_gf_mul_add	48	static
../src/sig/aimer/reference/aimer-256s/field_common.c:93:6:samsungsds_aimer_256s_ref_gf_mat_vec_mul_add	48	static
