/Users/seungwon/STM32CubeN6/Drivers/STM32N6xx_HAL_Driver/Src/stm32n6xx_hal_rcc.c:2409:17:RCC_IC_CheckPLLSources	0	static
/Users/seungwon/STM32CubeN6/Drivers/STM32N6xx_HAL_Driver/Src/stm32n6xx_hal_rcc.c:2517:13:RCC_ATTR_ConfigItemGroup	4	static
/Users/seungwon/STM32CubeN6/Drivers/STM32N6xx_HAL_Driver/Src/stm32n6xx_hal_rcc.c:2121:26:RCC_PLL_Config	32	static
/Users/seungwon/STM32CubeN6/Drivers/STM32N6xx_HAL_Driver/Src/stm32n6xx_hal_rcc.c:227:19:HAL_RCC_DeInit	24	static
/Users/seungwon/STM32CubeN6/Drivers/STM32N6xx_HAL_Driver/Src/stm32n6xx_hal_rcc.c:356:19:HAL_RCC_OscConfig	48	static
/Users/seungwon/STM32CubeN6/Drivers/STM32N6xx_HAL_Driver/Src/stm32n6xx_hal_rcc.c:1240:6:HAL_RCC_MCOConfig	56	static
/Users/seungwon/STM32CubeN6/Drivers/STM32N6xx_HAL_Driver/Src/stm32n6xx_hal_rcc.c:1333:6:HAL_RCC_EnableCSS	0	static
/Users/seungwon/STM32CubeN6/Drivers/STM32N6xx_HAL_Driver/Src/stm32n6xx_hal_rcc.c:1372:10:HAL_RCC_GetCpuClockFreq	16	static
/Users/seungwon/STM32CubeN6/Drivers/STM32N6xx_HAL_Driver/Src/stm32n6xx_hal_rcc.c:907:19:HAL_RCC_ClockConfig	32	static
/Users/seungwon/STM32CubeN6/Drivers/STM32N6xx_HAL_Driver/Src/stm32n6xx_hal_rcc.c:1461:10:HAL_RCC_GetSysClockFreq	16	static
/Users/seungwon/STM32CubeN6/Drivers/STM32N6xx_HAL_Driver/Src/stm32n6xx_hal_rcc.c:1498:10:HAL_RCC_GetNPUClockFreq	16	static
/Users/seungwon/STM32CubeN6/Drivers/STM32N6xx_HAL_Driver/Src/stm32n6xx_hal_rcc.c:1536:10:HAL_RCC_GetNPURAMSClockFreq	16	static
/Users/seungwon/STM32CubeN6/Drivers/STM32N6xx_HAL_Driver/Src/stm32n6xx_hal_rcc.c:1545:10:HAL_RCC_GetHCLKFreq	16	static
/Users/seungwon/STM32CubeN6/Drivers/STM32N6xx_HAL_Driver/Src/stm32n6xx_hal_rcc.c:1556:10:HAL_RCC_GetPCLK1Freq	16	static
/Users/seungwon/STM32CubeN6/Drivers/STM32N6xx_HAL_Driver/Src/stm32n6xx_hal_rcc.c:1568:10:HAL_RCC_GetPCLK2Freq	16	static
/Users/seungwon/STM32CubeN6/Drivers/STM32N6xx_HAL_Driver/Src/stm32n6xx_hal_rcc.c:1580:10:HAL_RCC_GetPCLK4Freq	16	static
/Users/seungwon/STM32CubeN6/Drivers/STM32N6xx_HAL_Driver/Src/stm32n6xx_hal_rcc.c:1592:10:HAL_RCC_GetPCLK5Freq	16	static
/Users/seungwon/STM32CubeN6/Drivers/STM32N6xx_HAL_Driver/Src/stm32n6xx_hal_rcc.c:1605:6:HAL_RCC_GetOscConfig	4	static
/Users/seungwon/STM32CubeN6/Drivers/STM32N6xx_HAL_Driver/Src/stm32n6xx_hal_rcc.c:1815:6:HAL_RCC_GetClockConfig	4	static
/Users/seungwon/STM32CubeN6/Drivers/STM32N6xx_HAL_Driver/Src/stm32n6xx_hal_rcc.c:1895:13:HAL_RCC_CSSCallback	0	static
/Users/seungwon/STM32CubeN6/Drivers/STM32N6xx_HAL_Driver/Src/stm32n6xx_hal_rcc.c:1878:6:HAL_RCC_NMI_IRQHandler	8	static
/Users/seungwon/STM32CubeN6/Drivers/STM32N6xx_HAL_Driver/Src/stm32n6xx_hal_rcc.c:1939:6:HAL_RCC_ConfigAttributes	16	static
/Users/seungwon/STM32CubeN6/Drivers/STM32N6xx_HAL_Driver/Src/stm32n6xx_hal_rcc.c:1992:19:HAL_RCC_GetConfigAttributes	4	static
