ABLATION_CONTEXT,result_dir=/Users/seungwon/AIMer3_on_AVX512/AIMer_v3/m55/benchmarks/results/matvec-ablation-20260903-182926,command=make PARAM=192s BACKEND=ref MATVEC=reference SIGN_SCHEDULE=lowmem check-kat-host
cc -DAIMER_KAT_LOW_MEMORY -DPARAMS=192s \
		-Iinclude -I../src/sig/aimer/reference/aimer-192s -I../src \
		-O2 -std=c11 tests/kat_runner.c tests/host_platform.c src/ref/sign_low_memory.c src/ref/verify_batch.c src/mve/field_batch.c src/mve/mpc_batch.c ../src/sig/aimer/reference/aimer-192s/aim3.c ../src/sig/aimer/reference/aimer-192s/hash.c ../src/sig/aimer/reference/aimer-192s/sign.c ../src/sig/aimer/reference/aimer-192s/tree.c ../src/sig/aimer/reference/aimer-192s/field_common.c ../src/sig/aimer/reference/aimer-192s/field192.c ../src/common/aes.c ../src/common/fips202.c ../src/common/rng.c -o build/host/192s/test-kat-192s
build/host/192s/test-kat-192s
KAT_VECTOR_PASS param=192s count=0
KAT_VECTOR_PASS param=192s count=1
KAT_VECTOR_PASS param=192s count=2
KAT_VECTOR_PASS param=192s count=3
KAT_VECTOR_PASS param=192s count=4
KAT_VECTOR_PASS param=192s count=5
KAT_VECTOR_PASS param=192s count=6
KAT_VECTOR_PASS param=192s count=7
KAT_VECTOR_PASS param=192s count=8
KAT_VECTOR_PASS param=192s count=9
KAT_VECTOR_PASS param=192s count=10
KAT_VECTOR_PASS param=192s count=11
KAT_VECTOR_PASS param=192s count=12
KAT_VECTOR_PASS param=192s count=13
KAT_VECTOR_PASS param=192s count=14
KAT_VECTOR_PASS param=192s count=15
KAT_VECTOR_PASS param=192s count=16
KAT_VECTOR_PASS param=192s count=17
KAT_VECTOR_PASS param=192s count=18
KAT_VECTOR_PASS param=192s count=19
KAT_VECTOR_PASS param=192s count=20
KAT_VECTOR_PASS param=192s count=21
KAT_VECTOR_PASS param=192s count=22
KAT_VECTOR_PASS param=192s count=23
KAT_VECTOR_PASS param=192s count=24
KAT_VECTOR_PASS param=192s count=25
KAT_VECTOR_PASS param=192s count=26
KAT_VECTOR_PASS param=192s count=27
KAT_VECTOR_PASS param=192s count=28
KAT_VECTOR_PASS param=192s count=29
KAT_VECTOR_PASS param=192s count=30
KAT_VECTOR_PASS param=192s count=31
KAT_VECTOR_PASS param=192s count=32
KAT_VECTOR_PASS param=192s count=33
KAT_VECTOR_PASS param=192s count=34
KAT_VECTOR_PASS param=192s count=35
KAT_VECTOR_PASS param=192s count=36
KAT_VECTOR_PASS param=192s count=37
KAT_VECTOR_PASS param=192s count=38
KAT_VECTOR_PASS param=192s count=39
KAT_VECTOR_PASS param=192s count=40
KAT_VECTOR_PASS param=192s count=41
KAT_VECTOR_PASS param=192s count=42
KAT_VECTOR_PASS param=192s count=43
KAT_VECTOR_PASS param=192s count=44
KAT_VECTOR_PASS param=192s count=45
KAT_VECTOR_PASS param=192s count=46
KAT_VECTOR_PASS param=192s count=47
KAT_VECTOR_PASS param=192s count=48
KAT_VECTOR_PASS param=192s count=49
KAT_VECTOR_PASS param=192s count=50
KAT_VECTOR_PASS param=192s count=51
KAT_VECTOR_PASS param=192s count=52
KAT_VECTOR_PASS param=192s count=53
KAT_VECTOR_PASS param=192s count=54
KAT_VECTOR_PASS param=192s count=55
KAT_VECTOR_PASS param=192s count=56
KAT_VECTOR_PASS param=192s count=57
KAT_VECTOR_PASS param=192s count=58
KAT_VECTOR_PASS param=192s count=59
KAT_VECTOR_PASS param=192s count=60
KAT_VECTOR_PASS param=192s count=61
KAT_VECTOR_PASS param=192s count=62
KAT_VECTOR_PASS param=192s count=63
KAT_VECTOR_PASS param=192s count=64
KAT_VECTOR_PASS param=192s count=65
KAT_VECTOR_PASS param=192s count=66
KAT_VECTOR_PASS param=192s count=67
KAT_VECTOR_PASS param=192s count=68
KAT_VECTOR_PASS param=192s count=69
KAT_VECTOR_PASS param=192s count=70
KAT_VECTOR_PASS param=192s count=71
KAT_VECTOR_PASS param=192s count=72
KAT_VECTOR_PASS param=192s count=73
KAT_VECTOR_PASS param=192s count=74
KAT_VECTOR_PASS param=192s count=75
KAT_VECTOR_PASS param=192s count=76
KAT_VECTOR_PASS param=192s count=77
KAT_VECTOR_PASS param=192s count=78
KAT_VECTOR_PASS param=192s count=79
KAT_VECTOR_PASS param=192s count=80
KAT_VECTOR_PASS param=192s count=81
KAT_VECTOR_PASS param=192s count=82
KAT_VECTOR_PASS param=192s count=83
KAT_VECTOR_PASS param=192s count=84
KAT_VECTOR_PASS param=192s count=85
KAT_VECTOR_PASS param=192s count=86
KAT_VECTOR_PASS param=192s count=87
KAT_VECTOR_PASS param=192s count=88
KAT_VECTOR_PASS param=192s count=89
KAT_VECTOR_PASS param=192s count=90
KAT_VECTOR_PASS param=192s count=91
KAT_VECTOR_PASS param=192s count=92
KAT_VECTOR_PASS param=192s count=93
KAT_VECTOR_PASS param=192s count=94
KAT_VECTOR_PASS param=192s count=95
KAT_VECTOR_PASS param=192s count=96
KAT_VECTOR_PASS param=192s count=97
KAT_VECTOR_PASS param=192s count=98
KAT_VECTOR_PASS param=192s count=99
KAT_PASS param=192s vectors=100
