Archive member included to satisfy reference by file (symbol)

/Users/seungwon/test/.tools/xpack-arm-none-eabi-gcc-15.2.1-1.1/bin/../lib/gcc/arm-none-eabi/15.2.1/../../../../arm-none-eabi/lib/thumb/v8-m.main+dp/hard/libc.a(libc_a-abort.o)
                              build/full/256s/mve-affine/sign/rng.c.o (abort)
/Users/seungwon/test/.tools/xpack-arm-none-eabi-gcc-15.2.1-1.1/bin/../lib/gcc/arm-none-eabi/15.2.1/../../../../arm-none-eabi/lib/thumb/v8-m.main+dp/hard/libc.a(libc_a-atexit.o)
                              /Users/seungwon/test/.tools/xpack-arm-none-eabi-gcc-15.2.1-1.1/bin/../lib/gcc/arm-none-eabi/15.2.1/../../../../arm-none-eabi/lib/thumb/v8-m.main+dp/hard/crt0.o (atexit)
/Users/seungwon/test/.tools/xpack-arm-none-eabi-gcc-15.2.1-1.1/bin/../lib/gcc/arm-none-eabi/15.2.1/../../../../arm-none-eabi/lib/thumb/v8-m.main+dp/hard/libc.a(libc_a-calloc.o)
                              build/full/256s/mve-affine/sign/sign.c.o (calloc)
/Users/seungwon/test/.tools/xpack-arm-none-eabi-gcc-15.2.1-1.1/bin/../lib/gcc/arm-none-eabi/15.2.1/../../../../arm-none-eabi/lib/thumb/v8-m.main+dp/hard/libc.a(libc_a-callocr.o)
                              /Users/seungwon/test/.tools/xpack-arm-none-eabi-gcc-15.2.1-1.1/bin/../lib/gcc/arm-none-eabi/15.2.1/../../../../arm-none-eabi/lib/thumb/v8-m.main+dp/hard/libc.a(libc_a-calloc.o) (_calloc_r)
/Users/seungwon/test/.tools/xpack-arm-none-eabi-gcc-15.2.1-1.1/bin/../lib/gcc/arm-none-eabi/15.2.1/../../../../arm-none-eabi/lib/thumb/v8-m.main+dp/hard/libc.a(libc_a-exit.o)
                              /Users/seungwon/test/.tools/xpack-arm-none-eabi-gcc-15.2.1-1.1/bin/../lib/gcc/arm-none-eabi/15.2.1/../../../../arm-none-eabi/lib/thumb/v8-m.main+dp/hard/crt0.o (exit)
/Users/seungwon/test/.tools/xpack-arm-none-eabi-gcc-15.2.1-1.1/bin/../lib/gcc/arm-none-eabi/15.2.1/../../../../arm-none-eabi/lib/thumb/v8-m.main+dp/hard/libc.a(libc_a-malloc.o)
                              build/full/256s/mve-affine/sign/sign_low_memory.c.o (malloc)
/Users/seungwon/test/.tools/xpack-arm-none-eabi-gcc-15.2.1-1.1/bin/../lib/gcc/arm-none-eabi/15.2.1/../../../../arm-none-eabi/lib/thumb/v8-m.main+dp/hard/libc.a(libc_a-mallocr.o)
                              /Users/seungwon/test/.tools/xpack-arm-none-eabi-gcc-15.2.1-1.1/bin/../lib/gcc/arm-none-eabi/15.2.1/../../../../arm-none-eabi/lib/thumb/v8-m.main+dp/hard/libc.a(libc_a-callocr.o) (_malloc_r)
/Users/seungwon/test/.tools/xpack-arm-none-eabi-gcc-15.2.1-1.1/bin/../lib/gcc/arm-none-eabi/15.2.1/../../../../arm-none-eabi/lib/thumb/v8-m.main+dp/hard/libc.a(libc_a-mlock.o)
                              /Users/seungwon/test/.tools/xpack-arm-none-eabi-gcc-15.2.1-1.1/bin/../lib/gcc/arm-none-eabi/15.2.1/../../../../arm-none-eabi/lib/thumb/v8-m.main+dp/hard/libc.a(libc_a-mallocr.o) (__malloc_lock)
/Users/seungwon/test/.tools/xpack-arm-none-eabi-gcc-15.2.1-1.1/bin/../lib/gcc/arm-none-eabi/15.2.1/../../../../arm-none-eabi/lib/thumb/v8-m.main+dp/hard/libc.a(libc_a-fwrite.o)
                              build/full/256s/mve-affine/sign/rng.c.o (fwrite)
/Users/seungwon/test/.tools/xpack-arm-none-eabi-gcc-15.2.1-1.1/bin/../lib/gcc/arm-none-eabi/15.2.1/../../../../arm-none-eabi/lib/thumb/v8-m.main+dp/hard/libc.a(libc_a-printf.o)
                              build/full/256s/mve-affine/sign/test_sign_verify.c.o (printf)
/Users/seungwon/test/.tools/xpack-arm-none-eabi-gcc-15.2.1-1.1/bin/../lib/gcc/arm-none-eabi/15.2.1/../../../../arm-none-eabi/lib/thumb/v8-m.main+dp/hard/libc.a(libc_a-puts.o)
                              build/full/256s/mve-affine/sign/platform.c.o (puts)
/Users/seungwon/test/.tools/xpack-arm-none-eabi-gcc-15.2.1-1.1/bin/../lib/gcc/arm-none-eabi/15.2.1/../../../../arm-none-eabi/lib/thumb/v8-m.main+dp/hard/libc.a(libc_a-fflush.o)
                              build/full/256s/mve-affine/sign/platform.c.o (fflush)
/Users/seungwon/test/.tools/xpack-arm-none-eabi-gcc-15.2.1-1.1/bin/../lib/gcc/arm-none-eabi/15.2.1/../../../../arm-none-eabi/lib/thumb/v8-m.main+dp/hard/libc.a(libc_a-findfp.o)
                              /Users/seungwon/test/.tools/xpack-arm-none-eabi-gcc-15.2.1-1.1/bin/../lib/gcc/arm-none-eabi/15.2.1/../../../../arm-none-eabi/lib/thumb/v8-m.main+dp/hard/libc.a(libc_a-fflush.o) (__sglue)
/Users/seungwon/test/.tools/xpack-arm-none-eabi-gcc-15.2.1-1.1/bin/../lib/gcc/arm-none-eabi/15.2.1/../../../../arm-none-eabi/lib/thumb/v8-m.main+dp/hard/libc.a(libc_a-memcmp.o)
                              build/full/256s/mve-affine/sign/verify_batch.c.o (memcmp)
/Users/seungwon/test/.tools/xpack-arm-none-eabi-gcc-15.2.1-1.1/bin/../lib/gcc/arm-none-eabi/15.2.1/../../../../arm-none-eabi/lib/thumb/v8-m.main+dp/hard/libc.a(libc_a-memmove.o)
                              build/full/256s/mve-affine/sign/verify_batch.c.o (memmove)
/Users/seungwon/test/.tools/xpack-arm-none-eabi-gcc-15.2.1-1.1/bin/../lib/gcc/arm-none-eabi/15.2.1/../../../../arm-none-eabi/lib/thumb/v8-m.main+dp/hard/libc.a(libc_a-memset.o)
[...]
Memory Configuration

Name             Origin             Length             Attributes
ROM              0x34180400         0x0003fc00         xrw
BOOTRAM          0x341c0000         0x00040000         xrw
HEAPRAM          0x34200000         0x001c0000         xrw
*default*        0x00000000         0xffffffff

Linker script and memory map

LOAD /Users/seungwon/test/.tools/xpack-arm-none-eabi-gcc-15.2.1-1.1/bin/../lib/gcc/arm-none-eabi/15.2.1/thumb/v8-m.main+dp/hard/crti.o
LOAD /Users/seungwon/test/.tools/xpack-arm-none-eabi-gcc-15.2.1-1.1/bin/../lib/gcc/arm-none-eabi/15.2.1/thumb/v8-m.main+dp/hard/crtbegin.o
LOAD /Users/seungwon/test/.tools/xpack-arm-none-eabi-gcc-15.2.1-1.1/bin/../lib/gcc/arm-none-eabi/15.2.1/../../../../arm-none-eabi/lib/thumb/v8-m.main+dp/hard/crt0.o
LOAD build/full/256s/mve-affine/sign/test_sign_verify.c.o
LOAD build/full/256s/mve-affine/sign/sign_low_memory.c.o
LOAD build/full/256s/mve-affine/sign/verify_batch.c.o
LOAD build/full/256s/mve-affine/sign/field_batch.c.o
LOAD build/full/256s/mve-affine/sign/mpc_batch.c.o
LOAD build/full/256s/mve-affine/sign/aim3.c.o
LOAD build/full/256s/mve-affine/sign/hash.c.o
LOAD build/full/256s/mve-affine/sign/sign.c.o
LOAD build/full/256s/mve-affine/sign/tree.c.o
LOAD build/full/256s/mve-affine/sign/field_common.c.o
LOAD build/full/256s/mve-affine/sign/field_mve.c.o
LOAD build/full/256s/mve-affine/sign/matvec_mve.c.o
LOAD build/full/256s/mve-affine/sign/aes.c.o
LOAD build/full/256s/mve-affine/sign/fips202.c.o
LOAD build/full/256s/mve-affine/sign/rng.c.o
LOAD build/full/256s/mve-affine/sign/platform.c.o
LOAD build/full/256s/mve-affine/sign/system_stm32n6xx_fsbl.c.o
LOAD build/full/256s/mve-affine/sign/stm32n6xx_hal.c.o
LOAD build/full/256s/mve-affine/sign/stm32n6xx_hal_cortex.c.o
LOAD build/full/256s/mve-affine/sign/stm32n6xx_hal_pwr.c.o
LOAD build/full/256s/mve-affine/sign/stm32n6xx_hal_pwr_ex.c.o
LOAD build/full/256s/mve-affine/sign/stm32n6xx_hal_rcc.c.o
LOAD build/full/256s/mve-affine/sign/stm32n6xx_hal_rcc_ex.c.o
LOAD build/full/256s/mve-affine/sign/startup_stm32n657x0hxq_fsbl.s.o
LOAD /Users/seungwon/test/.tools/xpack-arm-none-eabi-gcc-15.2.1-1.1/bin/../lib/gcc/arm-none-eabi/15.2.1/../../../../arm-none-eabi/lib/thumb/v8-m.main+dp/hard/libc.a
LOAD /Users/seungwon/test/.tools/xpack-arm-none-eabi-gcc-15.2.1-1.1/bin/../lib/gcc/arm-none-eabi/15.2.1/../../../../arm-none-eabi/lib/thumb/v8-m.main+dp/hard/libm.a
START GROUP
LOAD /Users/seungwon/test/.tools/xpack-arm-none-eabi-gcc-15.2.1-1.1/bin/../lib/gcc/arm-none-eabi/15.2.1/thumb/v8-m.main+dp/hard/libgcc.a
LOAD /Users/seungwon/test/.tools/xpack-arm-none-eabi-gcc-15.2.1-1.1/bin/../lib/gcc/arm-none-eabi/15.2.1/../../../../arm-none-eabi/lib/thumb/v8-m.main+dp/hard/libc.a
END GROUP
START GROUP
LOAD /Users/seungwon/test/.tools/xpack-arm-none-eabi-gcc-15.2.1-1.1/bin/../lib/gcc/arm-none-eabi/15.2.1/thumb/v8-m.main+dp/hard/libgcc.a
LOAD /Users/seungwon/test/.tools/xpack-arm-none-eabi-gcc-15.2.1-1.1/bin/../lib/gcc/arm-none-eabi/15.2.1/../../../../arm-none-eabi/lib/thumb/v8-m.main+dp/hard/libc.a
LOAD /Users/seungwon/test/.tools/xpack-arm-none-eabi-gcc-15.2.1-1.1/bin/../lib/gcc/arm-none-eabi/15.2.1/../../../../arm-none-eabi/lib/thumb/v8-m.main+dp/hard/libnosys.a
END GROUP
LOAD /Users/seungwon/test/.tools/xpack-arm-none-eabi-gcc-15.2.1-1.1/bin/../lib/gcc/arm-none-eabi/15.2.1/thumb/v8-m.main+dp/hard/crtend.o
LOAD /Users/seungwon/test/.tools/xpack-arm-none-eabi-gcc-15.2.1-1.1/bin/../lib/gcc/arm-none-eabi/15.2.1/thumb/v8-m.main+dp/hard/crtn.o
                0x00001000                        _Min_Heap_Size = 0x1000
                0x00020000                        _Min_Stack_Size = 0x20000
                0x34200000                        _estack = (ORIGIN (BOOTRAM) + LENGTH (BOOTRAM))
                0x341e0000                        _sstack = (_estack - _Min_Stack_Size)

.isr_vector     0x34180400      0x34c
                0x34180400                        . = ALIGN (0x400)
 *(.isr_vector)
 .isr_vector    0x34180400      0x34c build/full/256s/mve-affine/sign/startup_stm32n657x0hxq_fsbl.s.o
                0x34180400                g_pfnVectors
                0x3418074c                        . = ALIGN (0x4)

.text           0x34180750    0x10070
                0x34180750                        . = ALIGN (0x4)
 *(.text .text*)
 .text.__do_global_dtors_aux
                0x34180750       0x28 /Users/seungwon/test/.tools/xpack-arm-none-eabi-gcc-15.2.1-1.1/bin/../lib/gcc/arm-none-eabi/15.2.1/thumb/v8-m.main+dp/hard/crtbegin.o
 .text.frame_dummy
                0x34180778       0x1c /Users/seungwon/test/.tools/xpack-arm-none-eabi-gcc-15.2.1-1.1/bin/../lib/gcc/arm-none-eabi/15.2.1/thumb/v8-m.main+dp/hard/crtbegin.o
 .text.startup.main
                0x34180794      0x1dc build/full/256s/mve-affine/sign/test_sign_verify.c.o
                0x34180794                main
 .text.__wrap_samsungsds_aimer_256s_ref_crypto_sign_signature
                0x34180970      0x998 build/full/256s/mve-affine/sign/sign_low_memory.c.o
                0x34180970                __wrap_samsungsds_aimer_256s_ref_crypto_sign_signature
 .text.m55_crypto_sign_verify_internal
                0x34181308      0x6bc build/full/256s/mve-affine/sign/verify_batch.c.o
 .text.__wrap_samsungsds_aimer_256s_ref_crypto_sign_verify
                0x341819c4       0x48 build/full/256s/mve-affine/sign/verify_batch.c.o
                0x341819c4                __wrap_samsungsds_aimer_256s_ref_crypto_sign_verify
 .text.m55_square_reduce_batch4
                0x34181a0c      0x298 build/full/256s/mve-affine/sign/field_batch.c.o
 .text.m55_gf_mul_const_batch4
                0x34181ca4      0x4a4 build/full/256s/mve-affine/sign/field_batch.c.o
                0x34181ca4                m55_gf_mul_const_batch4
 .text.m55_gf_frobenius_batch4
                0x34182148      0x35c build/full/256s/mve-affine/sign/field_batch.c.o
                0x34182148                m55_gf_frobenius_batch4
 .text.m55_aim3_mpc_batch4
                0x341824a4      0x2e8 build/full/256s/mve-affine/sign/mpc_batch.c.o
                0x341824a4                m55_aim3_mpc_batch4
 .text.squeeze_invertible_matrix
                0x3418278c      0x188 build/full/256s/mve-affine/sign/aim3.c.o
 .text.samsungsds_aimer_256s_ref_aim3_generate_linear
                0x34182914       0x54 build/full/256s/mve-affine/sign/aim3.c.o
                0x34182914                samsungsds_aimer_256s_ref_aim3_generate_linear
 .text.samsungsds_aimer_256s_ref_aim3_nozeroinpsb
                0x34182968      0x18c build/full/256s/mve-affine/sign/aim3.c.o
                0x34182968                samsungsds_aimer_256s_ref_aim3_nozeroinpsb
 .text.samsungsds_aimer_256s_ref_aim3_sbox_outputs
                0x34182af4       0x94 build/full/256s/mve-affine/sign/aim3.c.o
                0x34182af4                samsungsds_aimer_256s_ref_aim3_sbox_outputs
 .text.samsungsds_aimer_256s_ref_aim3_mpc
                0x34182b88      0x16c build/full/256s/mve-affine/sign/aim3.c.o
                0x34182b88                samsungsds_aimer_256s_ref_aim3_mpc
 .text.samsungsds_aimer_256s_ref_hash_init
                0x34182cf4        0x4 build/full/256s/mve-affine/sign/hash.c.o
                0x34182cf4                samsungsds_aimer_256s_ref_hash_init
 .text.samsungsds_aimer_256s_ref_hash_init_prefix
                0x34182cf8       0x20 build/full/256s/mve-affine/sign/hash.c.o
                0x34182cf8                samsungsds_aimer_256s_ref_hash_init_prefix
 .text.samsungsds_aimer_256s_ref_hash_update
                0x34182d18        0x4 build/full/256s/mve-affine/sign/hash.c.o
                0x34182d18                samsungsds_aimer_256s_ref_hash_update
 .text.samsungsds_aimer_256s_ref_hash_final
                0x34182d1c        0x4 build/full/256s/mve-affine/sign/hash.c.o
                0x34182d1c                samsungsds_aimer_256s_ref_hash_final
 .text.samsungsds_aimer_256s_ref_hash_squeeze
                0x34182d20        0xc build/full/256s/mve-affine/sign/hash.c.o
                0x34182d20                samsungsds_aimer_256s_ref_hash_squeeze
 .text.samsungsds_aimer_256s_ref_hash_ctx_release
                0x34182d2c        0x4 build/full/256s/mve-affine/sign/hash.c.o
                0x34182d2c                samsungsds_aimer_256s_ref_hash_ctx_release
 .text.samsungsds_aimer_256s_ref_crypto_sign_keypair
                0x34182d30       0xe8 build/full/256s/mve-affine/sign/sign.c.o
                0x34182d30                samsungsds_aimer_256s_ref_crypto_sign_keypair
 .text.samsungsds_aimer_256s_ref_expand_tree
                0x34182e18       0xa0 build/full/256s/mve-affine/sign/tree.c.o
                0x34182e18                samsungsds_aimer_256s_ref_expand_tree
 .text.samsungsds_aimer_256s_ref_reveal_all_but
                0x34182eb8       0x58 build/full/256s/mve-affine/sign/tree.c.o
                0x34182eb8                samsungsds_aimer_256s_ref_reveal_all_but
 .text.samsungsds_aimer_256s_ref_reconstruct_tree
                0x34182f10      0x120 build/full/256s/mve-affine/sign/tree.c.o
                0x34182f10                samsungsds_aimer_256s_ref_reconstruct_tree
 .text.samsungsds_aimer_256s_ref_gf_to_bytes
                0x34183030       0xd0 build/full/256s/mve-affine/sign/field_common.c.o
                0x34183030                samsungsds_aimer_256s_ref_gf_to_bytes
 .text.samsungsds_aimer_256s_ref_gf_from_bytes
                0x34183100      0x1ac build/full/256s/mve-affine/sign/field_common.c.o
                0x34183100                samsungsds_aimer_256s_ref_gf_from_bytes
 .text.samsungsds_aimer_256s_ref_gf_set0
                0x341832ac        0x8 build/full/256s/mve-affine/sign/field_common.c.o
                0x341832ac                samsungsds_aimer_256s_ref_gf_set0
 .text.samsungsds_aimer_256s_ref_gf_is0
                0x341832b4       0x30 build/full/256s/mve-affine/sign/field_common.c.o
                0x341832b4                samsungsds_aimer_256s_ref_gf_is0
 .text.samsungsds_aimer_256s_ref_gf_copy
                0x341832e4       0x24 build/full/256s/mve-affine/sign/field_common.c.o
                0x341832e4                samsungsds_aimer_256s_ref_gf_copy
 .text.samsungsds_aimer_256s_ref_gf_add
                0x34183308       0x60 build/full/256s/mve-affine/sign/field_common.c.o
                0x34183308                samsungsds_aimer_256s_ref_gf_add
 .text.samsungsds_aimer_256s_ref_gf_inv
                0x34183368       0x74 build/full/256s/mve-affine/sign/field_common.c.o
                0x34183368                samsungsds_aimer_256s_ref_gf_inv
 .text.samsungsds_aimer_256s_ref_gf_mul_add
                0x341833dc       0x50 build/full/256s/mve-affine/sign/field_common.c.o
                0x341833dc                samsungsds_aimer_256s_ref_gf_mul_add
 .text.m55_clmul_convolution
                0x3418342c      0x164 build/full/256s/mve-affine/sign/field_mve.c.o
 .text.samsungsds_aimer_256s_ref_gf_mul
                0x34183590      0x2d8 build/full/256s/mve-affine/sign/field_mve.c.o
                0x34183590                samsungsds_aimer_256s_ref_gf_mul
 .text.samsungsds_aimer_256s_ref_gf_sqr
                0x34183868      0x5d4 build/full/256s/mve-affine/sign/field_mve.c.o
                0x34183868                samsungsds_aimer_256s_ref_gf_sqr
 .text.m55_gf_mat_vec_mul_add
                0x34183e3c       0xb0 build/full/256s/mve-affine/sign/matvec_mve.c.o
                0x34183e3c                m55_gf_mat_vec_mul_add
 .text.m55_gf_mat_vec_mul_add_batch4
                0x34183eec      0x230 build/full/256s/mve-affine/sign/matvec_mve.c.o
                0x34183eec                m55_gf_mat_vec_mul_add_batch4
 .text.m55_gf_mat_vec_mul_batch4
                0x3418411c       0x68 build/full/256s/mve-affine/sign/matvec_mve.c.o
                0x3418411c                m55_gf_mat_vec_mul_batch4
 .text.samsungsds_aimer_256s_ref_gf_mat_vec_mul
                0x34184184       0x48 build/full/256s/mve-affine/sign/matvec_mve.c.o
                0x34184184                samsungsds_aimer_256s_ref_gf_mat_vec_mul
 .text.__wrap_samsungsds_aimer_256s_ref_gf_mat_vec_mul_add
                0x341841cc        0x4 build/full/256s/mve-affine/sign/matvec_mve.c.o
                0x341841cc                __wrap_samsungsds_aimer_256s_ref_gf_mat_vec_mul_add
 .text.br_aes_ct64_bitslice_Sbox
                0x341841d0      0x4ec build/full/256s/mve-affine/sign/aes.c.o
 .text.br_aes_ct64_ortho
                0x341846bc      0x3f8 build/full/256s/mve-affine/sign/aes.c.o
 .text.aes_ecb4x.constprop.0
                0x34184ab4     0x1274 build/full/256s/mve-affine/sign/aes.c.o
 .text.aes256_ecb_keyexp
                0x34185d28      0x33c build/full/256s/mve-affine/sign/aes.c.o
                0x34185d28                aes256_ecb_keyexp
 .text.aes256_ecb
                0x34186064       0xa4 build/full/256s/mve-affine/sign/aes.c.o
                0x34186064                aes256_ecb
 .text.aes256_ctx_release
                0x34186108        0x8 build/full/256s/mve-affine/sign/aes.c.o
                0x34186108                aes256_ctx_release
 .text.KeccakF1600_StatePermute
                0x34186110      0xef4 build/full/256s/mve-affine/sign/fips202.c.o
 .text.keccak_inc_absorb
                0x34187004      0x124 build/full/256s/mve-affine/sign/fips202.c.o
 .text.shake256_inc_init
                0x34187128       0x28 build/full/256s/mve-affine/sign/fips202.c.o
                0x34187128                shake256_inc_init
 .text.shake256_inc_absorb
                0x34187150        0xc build/full/256s/mve-affine/sign/fips202.c.o
                0x34187150                shake256_inc_absorb
 .text.shake256_inc_finalize
                0x3418715c       0x48 build/full/256s/mve-affine/sign/fips202.c.o
                0x3418715c                shake256_inc_finalize
 .text.shake256_inc_squeeze
                0x341871a4      0x114 build/full/256s/mve-affine/sign/fips202.c.o
                0x341871a4                shake256_inc_squeeze
 .text.shake256_inc_ctx_release
                0x341872b8        0x8 build/full/256s/mve-affine/sign/fips202.c.o
                0x341872b8                shake256_inc_ctx_release
 .text.randombytes
                0x341872c0      0x350 build/full/256s/mve-affine/sign/rng.c.o
                0x341872c0                randombytes
 .text.AES256_CTR_DRBG_Update
                0x34187610      0x15c build/full/256s/mve-affine/sign/rng.c.o
                0x34187610                AES256_CTR_DRBG_Update
 .text.randombytes_init
                0x3418776c       0x88 build/full/256s/mve-affine/sign/rng.c.o
                0x3418776c                randombytes_init
 .text.__wrap__write
                0x341877f4       0x58 build/full/256s/mve-affine/sign/platform.c.o
                0x341877f4                __wrap__write
 .text.__wrap__read
                0x3418784c       0x14 build/full/256s/mve-affine/sign/platform.c.o
                0x3418784c                __wrap__read
 .text._sbrk    0x34187860       0x6c build/full/256s/mve-affine/sign/platform.c.o
                0x34187860                _sbrk
 .text.SysTick_Handler
                0x341878cc       0x24 build/full/256s/mve-affine/sign/platform.c.o
                0x341878cc                SysTick_Handler
 .text.m55_measure_start
                0x341878f0       0x1c build/full/256s/mve-affine/sign/platform.c.o
                0x341878f0                m55_measure_start
 .text.m55_measure_end
                0x3418790c       0x14 build/full/256s/mve-affine/sign/platform.c.o
                0x3418790c                m55_measure_end
 .text.Error_Handler
                0x34187920       0x20 build/full/256s/mve-affine/sign/platform.c.o
                0x34187920                Error_Handler
 .text.__wrap_main
                0x34187940      0x2c8 build/full/256s/mve-affine/sign/platform.c.o
                0x34187940                __wrap_main
 .text.SystemInit
                0x34187c08      0x16c build/full/256s/mve-affine/sign/system_stm32n6xx_fsbl.c.o
                0x34187c08                SystemInit
 .text.SystemCoreClockUpdate
                0x34187d74      0x1e4 build/full/256s/mve-affine/sign/system_stm32n6xx_fsbl.c.o
                0x34187d74                SystemCoreClockUpdate
 .text.SECURE_SystemCoreClockUpdate
                0x34187f58      0x1e0 build/full/256s/mve-affine/sign/system_stm32n6xx_fsbl.c.o
                0x34187f58                __acle_se_SECURE_SystemCoreClockUpdate
 .text.HAL_MspInit
                0x34188138        0x4 build/full/256s/mve-affine/sign/stm32n6xx_hal.c.o
                0x34188138                HAL_MspInit
 .text.HAL_InitTick
                0x3418813c       0x54 build/full/256s/mve-affine/sign/stm32n6xx_hal.c.o
                0x3418813c                HAL_InitTick
 .text.HAL_Init
                0x34188190       0x28 build/full/256s/mve-affine/sign/stm32n6xx_hal.c.o
                0x34188190                HAL_Init
 .text.HAL_GetTick
                0x341881b8        0xc build/full/256s/mve-affine/sign/stm32n6xx_hal.c.o
                0x341881b8                HAL_GetTick
 .text.HAL_NVIC_SetPriorityGrouping
                0x341881c4       0x24 build/full/256s/mve-affine/sign/stm32n6xx_hal_cortex.c.o
                0x341881c4                HAL_NVIC_SetPriorityGrouping
 .text.HAL_NVIC_SetPriority
                0x341881e8       0x64 build/full/256s/mve-affine/sign/stm32n6xx_hal_cortex.c.o
                0x341881e8                HAL_NVIC_SetPriority
 .text.HAL_SYSTICK_Config
                0x3418824c       0x30 build/full/256s/mve-affine/sign/stm32n6xx_hal_cortex.c.o
                0x3418824c                HAL_SYSTICK_Config
 .text.HAL_PWREx_ConfigSupply
                0x3418827c       0x34 build/full/256s/mve-affine/sign/stm32n6xx_hal_pwr_ex.c.o
                0x3418827c                HAL_PWREx_ConfigSupply
 .text.HAL_PWREx_ControlVoltageScaling
                0x341882b0       0x34 build/full/256s/mve-affine/sign/stm32n6xx_hal_pwr_ex.c.o
                0x341882b0                HAL_PWREx_ControlVoltageScaling
 .text.RCC_IC_CheckPLLSources
                0x341882e4       0xcc build/full/256s/mve-affine/sign/stm32n6xx_hal_rcc.c.o
 .text.RCC_PLL_Config
                0x341883b0      0x1a0 build/full/256s/mve-affine/sign/stm32n6xx_hal_rcc.c.o
 .text.HAL_RCC_OscConfig
                0x34188550      0x984 build/full/256s/mve-affine/sign/stm32n6xx_hal_rcc.c.o
                0x34188550                HAL_RCC_OscConfig
 .text.HAL_RCC_GetCpuClockFreq
                0x34188ed4       0xb4 build/full/256s/mve-affine/sign/stm32n6xx_hal_rcc.c.o
                0x34188ed4                HAL_RCC_GetCpuClockFreq
 .text.HAL_RCC_ClockConfig
                0x34188f88      0x2f8 build/full/256s/mve-affine/sign/stm32n6xx_hal_rcc.c.o
                0x34188f88                HAL_RCC_ClockConfig
 .text.HAL_RCC_GetClockConfig
                0x34189280       0x88 build/full/256s/mve-affine/sign/stm32n6xx_hal_rcc.c.o
                0x34189280                HAL_RCC_GetClockConfig
 .text.HAL_RCCEx_GetPLL1CLKFreq
                0x34189308      0x174 build/full/256s/mve-affine/sign/stm32n6xx_hal_rcc_ex.c.o
                0x34189308                HAL_RCCEx_GetPLL1CLKFreq
 .text.HAL_RCCEx_GetPLL2CLKFreq
                0x3418947c      0x174 build/full/256s/mve-affine/sign/stm32n6xx_hal_rcc_ex.c.o
                0x3418947c                HAL_RCCEx_GetPLL2CLKFreq
 .text.HAL_RCCEx_GetPLL3CLKFreq
                0x341895f0      0x174 build/full/256s/mve-affine/sign/stm32n6xx_hal_rcc_ex.c.o
                0x341895f0                HAL_RCCEx_GetPLL3CLKFreq
 .text.HAL_RCCEx_GetPLL4CLKFreq
                0x34189764      0x174 build/full/256s/mve-affine/sign/stm32n6xx_hal_rcc_ex.c.o
                0x34189764                HAL_RCCEx_GetPLL4CLKFreq
 .text.Reset_Handler
                0x341898d8       0x5c build/full/256s/mve-affine/sign/startup_stm32n657x0hxq_fsbl.s.o
                0x341898d8                Reset_Handler
 .text.Default_Handler
                0x34189934        0x2 build/full/256s/mve-affine/sign/startup_stm32n657x0hxq_fsbl.s.o
                0x34189934                HASH_IRQHandler
                0x34189934                EXTI2_IRQHandler
                0x34189934                MCE2_IRQHandler
                0x34189934                TIM8_CC_IRQHandler
                0x34189934                USB2_OTG_HS_IRQHandler
                0x34189934                SAI1_A_IRQHandler
                0x34189934                EXTI5_IRQHandler
                0x34189934                I3C1_ER_IRQHandler
                0x34189934                DebugMon_Handler
                0x34189934                UART8_IRQHandler
                0x34189934                CTI_INT0_IRQHandler
                0x34189934                SPI4_IRQHandler
                0x34189934                LTDC_LO_IRQHandler
                0x34189934                NPU2_IRQHandler
                0x34189934                FDCAN3_IT0_IRQHandler
                0x34189934                EXTI13_IRQHandler
                0x34189934                TIM1_CC_IRQHandler
                0x34189934                XSPI1_IRQHandler
                0x34189934                HardFault_Handler
                0x34189934                TIM10_IRQHandler
                0x34189934                JPEG_IRQHandler
                0x34189934                TAMP_IRQHandler
                0x34189934                CACHE_ECC_IRQHandler
                0x34189934                TIM6_IRQHandler
                0x34189934                CSI_IRQHandler
                0x34189934                EXTI12_IRQHandler
                0x34189934                GFXTIM_IRQHandler
                0x34189934                PendSV_Handler
                0x34189934                NMI_Handler
                0x34189934                EXTI3_IRQHandler
                0x34189934                LPTIM4_IRQHandler
                0x34189934                GPDMA1_Channel5_IRQHandler
                0x34189934                EXTI8_IRQHandler
                0x34189934                LPTIM2_IRQHandler
                0x34189934                GFXMMU_IRQHandler
                0x34189934                LTDC_LO_ERR_IRQHandler
                0x34189934                I2C3_ER_IRQHandler
                0x34189934                RIFSC_TAMPER_IRQHandler
                0x34189934                USART10_IRQHandler
                0x34189934                MDF1_FLT2_IRQHandler
                0x34189934                LPTIM3_IRQHandler
                0x34189934                SAI2_A_IRQHandler
                0x34189934                EXTI0_IRQHandler
                0x34189934                HPDMA1_Channel9_IRQHandler
                0x34189934                I2C2_EV_IRQHandler
                0x34189934                GPU2D_IRQHandler
                0x34189934                FPU_IRQHandler
                0x34189934                GPDMA1_Channel3_IRQHandler
                0x34189934                GPDMA1_Channel7_IRQHandler
                0x34189934                MDF1_FLT4_IRQHandler
                0x34189934                FDCAN1_IT1_IRQHandler
                0x34189934                HPDMA1_Channel3_IRQHandler
                0x34189934                UsageFault_Handler
                0x34189934                ADC1_2_IRQHandler
                0x34189934                GPDMA1_Channel9_IRQHandler
                0x34189934                SPI1_IRQHandler
                0x34189934                CACHEAXI_IRQHandler
                0x34189934                SAI1_B_IRQHandler
                0x34189934                GPDMA1_Channel2_IRQHandler
                0x34189934                PAHB_ERR_IRQHandler
                0x34189934                TIM8_UP_IRQHandler
                0x34189934                RCC_S_IRQHandler
                0x34189934                MDF1_FLT1_IRQHandler
                0x34189934                LTDC_UP_IRQHandler
                0x34189934                LOCKUP_IRQHandler
                0x34189934                PKA_IRQHandler
                0x34189934                USART6_IRQHandler
                0x34189934                HPDMA1_Channel2_IRQHandler
                0x34189934                MDF1_FLT5_IRQHandler
                0x34189934                MCE4_IRQHandler
                0x34189934                I3C2_ER_IRQHandler
                0x34189934                EXTI15_IRQHandler
                0x34189934                TIM17_IRQHandler
                0x34189934                USART3_IRQHandler
                0x34189934                HPDMA1_Channel6_IRQHandler
                0x34189934                CRYP_IRQHandler
                0x34189934                RTC_IRQHandler
                0x34189934                XSPI2_IRQHandler
                0x34189934                EXTI9_IRQHandler
                0x34189934                IAC_IRQHandler
                0x34189934                HPDMA1_Channel0_IRQHandler
                0x34189934                LPTIM5_IRQHandler
                0x34189934                HPDMA1_Channel1_IRQHandler
                0x34189934                UART5_IRQHandler
                0x34189934                TIM4_IRQHandler
                0x34189934                NPU3_IRQHandler
                0x34189934                I3C2_EV_IRQHandler
                0x34189934                I2C1_EV_IRQHandler
                0x34189934                FDCAN_CU_IRQHandler
                0x34189934                GPDMA1_Channel12_IRQHandler
                0x34189934                HPDMA1_Channel7_IRQHandler
                0x34189934                GPDMA1_Channel1_IRQHandler
                0x34189934                TIM16_IRQHandler
                0x34189934                GPDMA1_Channel15_IRQHandler
                0x34189934                UART4_IRQHandler
                0x34189934                SecureFault_Handler
                0x34189934                TCM_ECC_IRQHandler
                0x34189934                TIM3_IRQHandler
                0x34189934                RCC_IRQHandler
                0x34189934                UART9_IRQHandler
                0x34189934                NPU1_IRQHandler
                0x34189934                SAI2_B_IRQHandler
                0x34189934                Default_Handler
                0x34189934                GPDMA1_Channel8_IRQHandler
                0x34189934                HPDMA1_Channel8_IRQHandler
                0x34189934                TIM18_IRQHandler
                0x34189934                TIM14_IRQHandler
                0x34189934                TIM13_IRQHandler
                0x34189934                CTI_INT1_IRQHandler
                0x34189934                GPDMA1_Channel11_IRQHandler
                0x34189934                GPU2D_ER_IRQHandler
                0x34189934                SPI5_IRQHandler
                0x34189934                TIM12_IRQHandler
                0x34189934                TIM7_IRQHandler
                0x34189934                FDCAN3_IT1_IRQHandler
                0x34189934                HPDMA1_Channel10_IRQHandler
                0x34189934                SDMMC1_IRQHandler
                0x34189934                SAES_IRQHandler
                0x34189934                TIM5_IRQHandler
                0x34189934                UCPD1_IRQHandler
                0x34189934                GPDMA1_Channel0_IRQHandler
                0x34189934                I3C1_EV_IRQHandler
                0x34189934                HPDMA1_Channel5_IRQHandler
                0x34189934                TIM15_IRQHandler
                0x34189934                I2C3_EV_IRQHandler
                0x34189934                HPDMA1_Channel4_IRQHandler
                0x34189934                HPDMA1_Channel15_IRQHandler
                0x34189934                TIM9_IRQHandler
                0x34189934                ETH1_IRQHandler
                0x34189934                USB1_OTG_HS_IRQHandler
                0x34189934                PVD_PVM_IRQHandler
                0x34189934                SPI2_IRQHandler
                0x34189934                TIM1_TRG_CCU_IRQHandler
                0x34189934                HPDMA1_Channel11_IRQHandler
                0x34189934                MemManage_Handler
                0x34189934                EXTI14_IRQHandler
                0x34189934                EXTI11_IRQHandler
                0x34189934                VENC_IRQHandler
                0x34189934                SVC_Handler
                0x34189934                GPDMA1_Channel14_IRQHandler
                0x34189934                EXTI4_IRQHandler
                0x34189934                RTC_S_IRQHandler
                0x34189934                GPDMA1_Channel13_IRQHandler
                0x34189934                RNG_IRQHandler
                0x34189934                XSPI3_IRQHandler
                0x34189934                FDCAN2_IT1_IRQHandler
                0x34189934                TIM1_UP_IRQHandler
                0x34189934                NPU0_IRQHandler
                0x34189934                BCK_ECC_IRQHandler
                0x34189934                WWDG_IRQHandler
                0x34189934                SPI6_IRQHandler
                0x34189934                MDIOS_IRQHandler
                0x34189934                I2C4_EV_IRQHandler
                0x34189934                FDCAN2_IT0_IRQHandler
                0x34189934                IWDG_IRQHandler
                0x34189934                HPDMA1_Channel14_IRQHandler
                0x34189934                LPUART1_IRQHandler
                0x34189934                FDCAN1_IT0_IRQHandler
                0x34189934                MDF1_FLT0_IRQHandler
                0x34189934                TIM2_IRQHandler
                0x34189934                MCE3_IRQHandler
                0x34189934                GPDMA1_Channel4_IRQHandler
                0x34189934                EXTI7_IRQHandler
                0x34189934                DMA2D_IRQHandler
                0x34189934                TIM1_BRK_IRQHandler
                0x34189934                EXTI1_IRQHandler
                0x34189934                SDMMC2_IRQHandler
                0x34189934                TIM11_IRQHandler
                0x34189934                LTDC_UP_ERR_IRQHandler
                0x34189934                UART7_IRQHandler
                0x34189934                DTS_IRQHandler
                0x34189934                MDF1_FLT3_IRQHandler
                0x34189934                USART2_IRQHandler
                0x34189934                GPDMA1_Channel6_IRQHandler
                0x34189934                ADF1_FLT0_IRQHandler
                0x34189934                I2C2_ER_IRQHandler
                0x34189934                MCE1_IRQHandler
                0x34189934                SPDIFRX_IRQHandler
                0x34189934                TIM8_BRK_IRQHandler
                0x34189934                HPDMA1_Channel12_IRQHandler
                0x34189934                BusFault_Handler
                0x34189934                USART1_IRQHandler
                0x34189934                EXTI10_IRQHandler
                0x34189934                SPI3_IRQHandler
                0x34189934                WAKEUP_PIN_IRQHandler
                0x34189934                DCMIPP_IRQHandler
                0x34189934                I2C1_ER_IRQHandler
                0x34189934                FMC_IRQHandler
                0x34189934                EXTI6_IRQHandler
                0x34189934                LPTIM1_IRQHandler
                0x34189934                DCMI_PSSI_IRQHandler
                0x34189934                TIM8_TRG_CCU_IRQHandler
                0x34189934                I2C4_ER_IRQHandler
                0x34189934                GPDMA1_Channel10_IRQHandler
                0x34189934                ICACHE_IRQHandler
                0x34189934                HPDMA1_Channel13_IRQHandler
 *fill*         0x34189936        0x2 
 .text.abort    0x34189938       0x10 /Users/seungwon/test/.tools/xpack-arm-none-eabi-gcc-15.2.1-1.1/bin/../lib/gcc/arm-none-eabi/15.2.1/../../../../arm-none-eabi/lib/thumb/v8-m.main+dp/hard/libc.a(libc_a-abort.o)
                0x34189938                abort
 .text.atexit   0x34189948        0xc /Users/seungwon/test/.tools/xpack-arm-none-eabi-gcc-15.2.1-1.1/bin/../lib/gcc/arm-none-eabi/15.2.1/../../../../arm-none-eabi/lib/thumb/v8-m.main+dp/hard/libc.a(libc_a-atexit.o)
                0x34189948                atexit
 .text._calloc_r
                0x34189954       0x7c /Users/seungwon/test/.tools/xpack-arm-none-eabi-gcc-15.2.1-1.1/bin/../lib/gcc/arm-none-eabi/15.2.1/../../../../arm-none-eabi/lib/thumb/v8-m.main+dp/hard/libc.a(libc_a-callocr.o)
                0x34189954                _calloc_r
 .text.exit     0x341899d0       0x1c /Users/seungwon/test/.tools/xpack-arm-none-eabi-gcc-15.2.1-1.1/bin/../lib/gcc/arm-none-eabi/15.2.1/../../../../arm-none-eabi/lib/thumb/v8-m.main+dp/hard/libc.a(libc_a-exit.o)
                0x341899d0                exit
 .text.malloc   0x341899ec       0x10 /Users/seungwon/test/.tools/xpack-arm-none-eabi-gcc-15.2.1-1.1/bin/../lib/gcc/arm-none-eabi/15.2.1/../../../../arm-none-eabi/lib/thumb/v8-m.main+dp/hard/libc.a(libc_a-malloc.o)
                0x341899ec                malloc
 .text.free     0x341899fc       0x10 /Users/seungwon/test/.tools/xpack-arm-none-eabi-gcc-15.2.1-1.1/bin/../lib/gcc/arm-none-eabi/15.2.1/../../../../arm-none-eabi/lib/thumb/v8-m.main+dp/hard/libc.a(libc_a-malloc.o)
                0x341899fc                free
 .text._malloc_r
                0x34189a0c      0x5a8 /Users/seungwon/test/.tools/xpack-arm-none-eabi-gcc-15.2.1-1.1/bin/../lib/gcc/arm-none-eabi/15.2.1/../../../../arm-none-eabi/lib/thumb/v8-m.main+dp/hard/libc.a(libc_a-mallocr.o)
                0x34189a0c                _malloc_r
 .text.__malloc_lock
                0x34189fb4        0xc /Users/seungwon/test/.tools/xpack-arm-none-eabi-gcc-15.2.1-1.1/bin/../lib/gcc/arm-none-eabi/15.2.1/../../../../arm-none-eabi/lib/thumb/v8-m.main+dp/hard/libc.a(libc_a-mlock.o)
                0x34189fb4                __malloc_lock
 .text.__malloc_unlock
                0x34189fc0        0xc /Users/seungwon/test/.tools/xpack-arm-none-eabi-gcc-15.2.1-1.1/bin/../lib/gcc/arm-none-eabi/15.2.1/../../../../arm-none-eabi/lib/thumb/v8-m.main+dp/hard/libc.a(libc_a-mlock.o)
                0x34189fc0                __malloc_unlock
 .text.printf   0x34189fcc       0x28 /Users/seungwon/test/.tools/xpack-arm-none-eabi-gcc-15.2.1-1.1/bin/../lib/gcc/arm-none-eabi/15.2.1/../../../../arm-none-eabi/lib/thumb/v8-m.main+dp/hard/libc.a(libc_a-printf.o)
                0x34189fcc                printf
 .text._puts_r  0x34189ff4       0xc0 /Users/seungwon/test/.tools/xpack-arm-none-eabi-gcc-15.2.1-1.1/bin/../lib/gcc/arm-none-eabi/15.2.1/../../../../arm-none-eabi/lib/thumb/v8-m.main+dp/hard/libc.a(libc_a-puts.o)
                0x34189ff4                _puts_r
 .text.puts     0x3418a0b4       0x10 /Users/seungwon/test/.tools/xpack-arm-none-eabi-gcc-15.2.1-1.1/bin/../lib/gcc/arm-none-eabi/15.2.1/../../../../arm-none-eabi/lib/thumb/v8-m.main+dp/hard/libc.a(libc_a-puts.o)
                0x3418a0b4                puts
 .text.__sflush_r
                0x3418a0c4      0x134 /Users/seungwon/test/.tools/xpack-arm-none-eabi-gcc-15.2.1-1.1/bin/../lib/gcc/arm-none-eabi/15.2.1/../../../../arm-none-eabi/lib/thumb/v8-m.main+dp/hard/libc.a(libc_a-fflush.o)
                0x3418a0c4                __sflush_r
 .text._fflush_r
                0x3418a1f8       0x70 /Users/seungwon/test/.tools/xpack-arm-none-eabi-gcc-15.2.1-1.1/bin/../lib/gcc/arm-none-eabi/15.2.1/../../../../arm-none-eabi/lib/thumb/v8-m.main+dp/hard/libc.a(libc_a-fflush.o)
                0x3418a1f8                _fflush_r
 .text.fflush   0x3418a268       0x90 /Users/seungwon/test/.tools/xpack-arm-none-eabi-gcc-15.2.1-1.1/bin/../lib/gcc/arm-none-eabi/15.2.1/../../../../arm-none-eabi/lib/thumb/v8-m.main+dp/hard/libc.a(libc_a-fflush.o)
                0x3418a268                fflush
 .text.stdio_exit_handler
                0x3418a2f8       0x18 /Users/seungwon/test/.tools/xpack-arm-none-eabi-gcc-15.2.1-1.1/bin/../lib/gcc/arm-none-eabi/15.2.1/../../../../arm-none-eabi/lib/thumb/v8-m.main+dp/hard/libc.a(libc_a-findfp.o)
 .text.cleanup_stdio
                0x3418a310       0x40 /Users/seungwon/test/.tools/xpack-arm-none-eabi-gcc-15.2.1-1.1/bin/../lib/gcc/arm-none-eabi/15.2.1/../../../../arm-none-eabi/lib/thumb/v8-m.main+dp/hard/libc.a(libc_a-findfp.o)
 .text.global_stdio_init.part.0
                0x3418a350       0xf0 /Users/seungwon/test/.tools/xpack-arm-none-eabi-gcc-15.2.1-1.1/bin/../lib/gcc/arm-none-eabi/15.2.1/../../../../arm-none-eabi/lib/thumb/v8-m.main+dp/hard/libc.a(libc_a-findfp.o)
 .text.__sinit  0x3418a440       0x3c /Users/seungwon/test/.tools/xpack-arm-none-eabi-gcc-15.2.1-1.1/bin/../lib/gcc/arm-none-eabi/15.2.1/../../../../arm-none-eabi/lib/thumb/v8-m.main+dp/hard/libc.a(libc_a-findfp.o)
                0x3418a440                __sinit
 .text.__sfp_lock_acquire
                0x3418a47c        0xc /Users/seungwon/test/.tools/xpack-arm-none-eabi-gcc-15.2.1-1.1/bin/../lib/gcc/arm-none-eabi/15.2.1/../../../../arm-none-eabi/lib/thumb/v8-m.main+dp/hard/libc.a(libc_a-findfp.o)
                0x3418a47c                __sfp_lock_acquire
 .text.__sfp_lock_release
                0x3418a488        0xc /Users/seungwon/test/.tools/xpack-arm-none-eabi-gcc-15.2.1-1.1/bin/../lib/gcc/arm-none-eabi/15.2.1/../../../../arm-none-eabi/lib/thumb/v8-m.main+dp/hard/libc.a(libc_a-findfp.o)
                0x3418a488                __sfp_lock_release
 .text.memcmp   0x3418a494       0x80 /Users/seungwon/test/.tools/xpack-arm-none-eabi-gcc-15.2.1-1.1/bin/../lib/gcc/arm-none-eabi/15.2.1/../../../../arm-none-eabi/lib/thumb/v8-m.main+dp/hard/libc.a(libc_a-memcmp.o)
                0x3418a494                memcmp
 .text.memmove  0x3418a514      0x124 /Users/seungwon/test/.tools/xpack-arm-none-eabi-gcc-15.2.1-1.1/bin/../lib/gcc/arm-none-eabi/15.2.1/../../../../arm-none-eabi/lib/thumb/v8-m.main+dp/hard/libc.a(libc_a-memmove.o)
                0x3418a514                memmove
 .text.memset   0x3418a638       0x88 /Users/seungwon/test/.tools/xpack-arm-none-eabi-gcc-15.2.1-1.1/bin/../lib/gcc/arm-none-eabi/15.2.1/../../../../arm-none-eabi/lib/thumb/v8-m.main+dp/hard/libc.a(libc_a-memset.o)
                0x3418a638                memset
 .text.raise    0x3418a6c0       0x64 /Users/seungwon/test/.tools/xpack-arm-none-eabi-gcc-15.2.1-1.1/bin/../lib/gcc/arm-none-eabi/15.2.1/../../../../arm-none-eabi/lib/thumb/v8-m.main+dp/hard/libc.a(libc_a-signal.o)
                0x3418a6c0                raise
 .text._kill_r  0x3418a724       0x28 /Users/seungwon/test/.tools/xpack-arm-none-eabi-gcc-15.2.1-1.1/bin/../lib/gcc/arm-none-eabi/15.2.1/../../../../arm-none-eabi/lib/thumb/v8-m.main+dp/hard/libc.a(libc_a-signalr.o)
                0x3418a724                _kill_r
 .text._getpid_r
                0x3418a74c        0x4 /Users/seungwon/test/.tools/xpack-arm-none-eabi-gcc-15.2.1-1.1/bin/../lib/gcc/arm-none-eabi/15.2.1/../../../../arm-none-eabi/lib/thumb/v8-m.main+dp/hard/libc.a(libc_a-signalr.o)
                0x3418a74c                _getpid_r
 .text._sbrk_r  0x3418a750       0x24 /Users/seungwon/test/.tools/xpack-arm-none-eabi-gcc-15.2.1-1.1/bin/../lib/gcc/arm-none-eabi/15.2.1/../../../../arm-none-eabi/lib/thumb/v8-m.main+dp/hard/libc.a(libc_a-sbrkr.o)
                0x3418a750                _sbrk_r
 .text.__errno  0x3418a774        0xc /Users/seungwon/test/.tools/xpack-arm-none-eabi-gcc-15.2.1-1.1/bin/../lib/gcc/arm-none-eabi/15.2.1/../../../../arm-none-eabi/lib/thumb/v8-m.main+dp/hard/libc.a(libc_a-errno.o)
                0x3418a774                __errno
 .text.sysconf  0x3418a780       0x1c /Users/seungwon/test/.tools/xpack-arm-none-eabi-gcc-15.2.1-1.1/bin/../lib/gcc/arm-none-eabi/15.2.1/../../../../arm-none-eabi/lib/thumb/v8-m.main+dp/hard/libc.a(libc_a-sysconf.o)
                0x3418a780                sysconf
 .text.__libc_init_array
                0x3418a79c       0x4c /Users/seungwon/test/.tools/xpack-arm-none-eabi-gcc-15.2.1-1.1/bin/../lib/gcc/arm-none-eabi/15.2.1/../../../../arm-none-eabi/lib/thumb/v8-m.main+dp/hard/libc.a(libc_a-init.o)
                0x3418a79c                __libc_init_array
 .text.__libc_fini_array
                0x3418a7e8       0x28 /Users/seungwon/test/.tools/xpack-arm-none-eabi-gcc-15.2.1-1.1/bin/../lib/gcc/arm-none-eabi/15.2.1/../../../../arm-none-eabi/lib/thumb/v8-m.main+dp/hard/libc.a(libc_a-fini.o)
                0x3418a7e8                __libc_fini_array
 .text.__retarget_lock_init_recursive
                0x3418a810        0x4 /Users/seungwon/test/.tools/xpack-arm-none-eabi-gcc-15.2.1-1.1/bin/../lib/gcc/arm-none-eabi/15.2.1/../../../../arm-none-eabi/lib/thumb/v8-m.main+dp/hard/libc.a(libc_a-lock.o)
                0x3418a810                __retarget_lock_init_recursive
 .text.__retarget_lock_close_recursive
                0x3418a814        0x4 /Users/seungwon/test/.tools/xpack-arm-none-eabi-gcc-15.2.1-1.1/bin/../lib/gcc/arm-none-eabi/15.2.1/../../../../arm-none-eabi/lib/thumb/v8-m.main+dp/hard/libc.a(libc_a-lock.o)
                0x3418a814                __retarget_lock_close_recursive
 .text.__retarget_lock_acquire_recursive
                0x3418a818        0x4 /Users/seungwon/test/.tools/xpack-arm-none-eabi-gcc-15.2.1-1.1/bin/../lib/gcc/arm-none-eabi/15.2.1/../../../../arm-none-eabi/lib/thumb/v8-m.main+dp/hard/libc.a(libc_a-lock.o)
                0x3418a818                __retarget_lock_acquire_recursive
 .text.__retarget_lock_release_recursive
                0x3418a81c        0x4 /Users/seungwon/test/.tools/xpack-arm-none-eabi-gcc-15.2.1-1.1/bin/../lib/gcc/arm-none-eabi/15.2.1/../../../../arm-none-eabi/lib/thumb/v8-m.main+dp/hard/libc.a(libc_a-lock.o)
                0x3418a81c                __retarget_lock_release_recursive
 .text          0x3418a820       0xec /Users/seungwon/test/.tools/xpack-arm-none-eabi-gcc-15.2.1-1.1/bin/../lib/gcc/arm-none-eabi/15.2.1/../../../../arm-none-eabi/lib/thumb/v8-m.main+dp/hard/libc.a(libc_a-memcpy.o)
                0x3418a820                memcpy
 .text.strlen   0x3418a90c       0x5c /Users/seungwon/test/.tools/xpack-arm-none-eabi-gcc-15.2.1-1.1/bin/../lib/gcc/arm-none-eabi/15.2.1/../../../../arm-none-eabi/lib/thumb/v8-m.main+dp/hard/libc.a(libc_a-strlen-stub.o)
                0x3418a90c                strlen
 .text.__register_exitproc
                0x3418a968       0x84 /Users/seungwon/test/.tools/xpack-arm-none-eabi-gcc-15.2.1-1.1/bin/../lib/gcc/arm-none-eabi/15.2.1/../../../../arm-none-eabi/lib/thumb/v8-m.main+dp/hard/libc.a(libc_a-__atexit.o)
                0x3418a968                __register_exitproc
 .text.startup.register_fini
                0x3418a9ec       0x14 /Users/seungwon/test/.tools/xpack-arm-none-eabi-gcc-15.2.1-1.1/bin/../lib/gcc/arm-none-eabi/15.2.1/../../../../arm-none-eabi/lib/thumb/v8-m.main+dp/hard/libc.a(libc_a-__call_atexit.o)
 .text.__call_exitprocs
                0x3418aa00       0xec /Users/seungwon/test/.tools/xpack-arm-none-eabi-gcc-15.2.1-1.1/bin/../lib/gcc/arm-none-eabi/15.2.1/../../../../arm-none-eabi/lib/thumb/v8-m.main+dp/hard/libc.a(libc_a-__call_atexit.o)
                0x3418aa00                __call_exitprocs
 .text._malloc_trim_r
                0x3418aaec       0xac /Users/seungwon/test/.tools/xpack-arm-none-eabi-gcc-15.2.1-1.1/bin/../lib/gcc/arm-none-eabi/15.2.1/../../../../arm-none-eabi/lib/thumb/v8-m.main+dp/hard/libc.a(libc_a-freer.o)
                0x3418aaec                _malloc_trim_r
 .text._free_r  0x3418ab98      0x208 /Users/seungwon/test/.tools/xpack-arm-none-eabi-gcc-15.2.1-1.1/bin/../lib/gcc/arm-none-eabi/15.2.1/../../../../arm-none-eabi/lib/thumb/v8-m.main+dp/hard/libc.a(libc_a-freer.o)
                0x3418ab98                _free_r
 .text._vfprintf_r
                0x3418ada0     0x2124 /Users/seungwon/test/.tools/xpack-arm-none-eabi-gcc-15.2.1-1.1/bin/../lib/gcc/arm-none-eabi/15.2.1/../../../../arm-none-eabi/lib/thumb/v8-m.main+dp/hard/libc.a(libc_a-vfprintf.o)
                0x3418ada0                _vfprintf_r
 .text.__sbprintf
                0x3418cec4       0x80 /Users/seungwon/test/.tools/xpack-arm-none-eabi-gcc-15.2.1-1.1/bin/../lib/gcc/arm-none-eabi/15.2.1/../../../../arm-none-eabi/lib/thumb/v8-m.main+dp/hard/libc.a(libc_a-vfprintf.o)
 .text.__sfvwrite_r
                0x3418cf44      0x2f4 /Users/seungwon/test/.tools/xpack-arm-none-eabi-gcc-15.2.1-1.1/bin/../lib/gcc/arm-none-eabi/15.2.1/../../../../arm-none-eabi/lib/thumb/v8-m.main+dp/hard/libc.a(libc_a-fvwrite.o)
                0x3418cf44                __sfvwrite_r
 .text._fwalk_sglue
                0x3418d238       0x44 /Users/seungwon/test/.tools/xpack-arm-none-eabi-gcc-15.2.1-1.1/bin/../lib/gcc/arm-none-eabi/15.2.1/../../../../arm-none-eabi/lib/thumb/v8-m.main+dp/hard/libc.a(libc_a-fwalk.o)
                0x3418d238                _fwalk_sglue
 .text._realloc_r
                0x3418d27c      0x364 /Users/seungwon/test/.tools/xpack-arm-none-eabi-gcc-15.2.1-1.1/bin/../lib/gcc/arm-none-eabi/15.2.1/../../../../arm-none-eabi/lib/thumb/v8-m.main+dp/hard/libc.a(libc_a-reallocr.o)
                0x3418d27c                _realloc_r
 .text.__sprint_r
                0x3418d5e0       0x20 /Users/seungwon/test/.tools/xpack-arm-none-eabi-gcc-15.2.1-1.1/bin/../lib/gcc/arm-none-eabi/15.2.1/../../../../arm-none-eabi/lib/thumb/v8-m.main+dp/hard/libc.a(libc_a-sprint_r.o)
                0x3418d5e0                __sprint_r
 .text._fclose_r
                0x3418d600       0xc4 /Users/seungwon/test/.tools/xpack-arm-none-eabi-gcc-15.2.1-1.1/bin/../lib/gcc/arm-none-eabi/15.2.1/../../../../arm-none-eabi/lib/thumb/v8-m.main+dp/hard/libc.a(libc_a-fclose.o)
                0x3418d600                _fclose_r
 .text.__sread  0x3418d6c4       0x24 /Users/seungwon/test/.tools/xpack-arm-none-eabi-gcc-15.2.1-1.1/bin/../lib/gcc/arm-none-eabi/15.2.1/../../../../arm-none-eabi/lib/thumb/v8-m.main+dp/hard/libc.a(libc_a-stdio.o)
                0x3418d6c4                __sread
 .text.__swrite
                0x3418d6e8       0x40 /Users/seungwon/test/.tools/xpack-arm-none-eabi-gcc-15.2.1-1.1/bin/../lib/gcc/arm-none-eabi/15.2.1/../../../../arm-none-eabi/lib/thumb/v8-m.main+dp/hard/libc.a(libc_a-stdio.o)
                0x3418d6e8                __swrite
 .text.__sseek  0x3418d728       0x28 /Users/seungwon/test/.tools/xpack-arm-none-eabi-gcc-15.2.1-1.1/bin/../lib/gcc/arm-none-eabi/15.2.1/../../../../arm-none-eabi/lib/thumb/v8-m.main+dp/hard/libc.a(libc_a-stdio.o)
                0x3418d728                __sseek
 .text.__sclose
                0x3418d750        0x8 /Users/seungwon/test/.tools/xpack-arm-none-eabi-gcc-15.2.1-1.1/bin/../lib/gcc/arm-none-eabi/15.2.1/../../../../arm-none-eabi/lib/thumb/v8-m.main+dp/hard/libc.a(libc_a-stdio.o)
                0x3418d750                __sclose
 .text.__swsetup_r
                0x3418d758       0xdc /Users/seungwon/test/.tools/xpack-arm-none-eabi-gcc-15.2.1-1.1/bin/../lib/gcc/arm-none-eabi/15.2.1/../../../../arm-none-eabi/lib/thumb/v8-m.main+dp/hard/libc.a(libc_a-wsetup.o)
                0x3418d758                __swsetup_r
 .text.strncpy  0x3418d834       0x6c /Users/seungwon/test/.tools/xpack-arm-none-eabi-gcc-15.2.1-1.1/bin/../lib/gcc/arm-none-eabi/15.2.1/../../../../arm-none-eabi/lib/thumb/v8-m.main+dp/hard/libc.a(libc_a-strncpy.o)
                0x3418d834                strncpy
 .text.__locale_mb_cur_max
                0x3418d8a0        0xc /Users/seungwon/test/.tools/xpack-arm-none-eabi-gcc-15.2.1-1.1/bin/../lib/gcc/arm-none-eabi/15.2.1/../../../../arm-none-eabi/lib/thumb/v8-m.main+dp/hard/libc.a(libc_a-locale.o)
                0x3418d8a0                __locale_mb_cur_max
 .text._localeconv_r
                0x3418d8ac        0x8 /Users/seungwon/test/.tools/xpack-arm-none-eabi-gcc-15.2.1-1.1/bin/../lib/gcc/arm-none-eabi/15.2.1/../../../../arm-none-eabi/lib/thumb/v8-m.main+dp/hard/libc.a(libc_a-localeconv.o)
                0x3418d8ac                _localeconv_r
 .text._close_r
                0x3418d8b4       0x24 /Users/seungwon/test/.tools/xpack-arm-none-eabi-gcc-15.2.1-1.1/bin/../lib/gcc/arm-none-eabi/15.2.1/../../../../arm-none-eabi/lib/thumb/v8-m.main+dp/hard/libc.a(libc_a-closer.o)
                0x3418d8b4                _close_r
 .text._lseek_r
                0x3418d8d8       0x28 /Users/seungwon/test/.tools/xpack-arm-none-eabi-gcc-15.2.1-1.1/bin/../lib/gcc/arm-none-eabi/15.2.1/../../../../arm-none-eabi/lib/thumb/v8-m.main+dp/hard/libc.a(libc_a-lseekr.o)
                0x3418d8d8                _lseek_r
 .text._read_r  0x3418d900       0x28 /Users/seungwon/test/.tools/xpack-arm-none-eabi-gcc-15.2.1-1.1/bin/../lib/gcc/arm-none-eabi/15.2.1/../../../../arm-none-eabi/lib/thumb/v8-m.main+dp/hard/libc.a(libc_a-readr.o)
                0x3418d900                _read_r
 .text._write_r
                0x3418d928       0x28 /Users/seungwon/test/.tools/xpack-arm-none-eabi-gcc-15.2.1-1.1/bin/../lib/gcc/arm-none-eabi/15.2.1/../../../../arm-none-eabi/lib/thumb/v8-m.main+dp/hard/libc.a(libc_a-writer.o)
                0x3418d928                _write_r
 .text.memchr   0x3418d950       0x94 /Users/seungwon/test/.tools/xpack-arm-none-eabi-gcc-15.2.1-1.1/bin/../lib/gcc/arm-none-eabi/15.2.1/../../../../arm-none-eabi/lib/thumb/v8-m.main+dp/hard/libc.a(libc_a-memchr-stub.o)
                0x3418d950                memchr
 .text._wcrtomb_r
                0x3418d9e4       0x50 /Users/seungwon/test/.tools/xpack-arm-none-eabi-gcc-15.2.1-1.1/bin/../lib/gcc/arm-none-eabi/15.2.1/../../../../arm-none-eabi/lib/thumb/v8-m.main+dp/hard/libc.a(libc_a-wcrtomb.o)
                0x3418d9e4                _wcrtomb_r
 .text._wcsrtombs_r
                0x3418da34       0x18 /Users/seungwon/test/.tools/xpack-arm-none-eabi-gcc-15.2.1-1.1/bin/../lib/gcc/arm-none-eabi/15.2.1/../../../../arm-none-eabi/lib/thumb/v8-m.main+dp/hard/libc.a(libc_a-wcsrtombs.o)
                0x3418da34                _wcsrtombs_r
 *fill*         0x3418da4c        0x4 
 .text.frexp    0x3418da50       0x8c /Users/seungwon/test/.tools/xpack-arm-none-eabi-gcc-15.2.1-1.1/bin/../lib/gcc/arm-none-eabi/15.2.1/../../../../arm-none-eabi/lib/thumb/v8-m.main+dp/hard/libc.a(libm_a-s_frexp.o)
                0x3418da50                frexp
 .text.quorem   0x3418dadc      0x13c /Users/seungwon/test/.tools/xpack-arm-none-eabi-gcc-15.2.1-1.1/bin/../lib/gcc/arm-none-eabi/15.2.1/../../../../arm-none-eabi/lib/thumb/v8-m.main+dp/hard/libc.a(libc_a-dtoa.o)
 .text._dtoa_r  0x3418dc18      0xe0c /Users/seungwon/test/.tools/xpack-arm-none-eabi-gcc-15.2.1-1.1/bin/../lib/gcc/arm-none-eabi/15.2.1/../../../../arm-none-eabi/lib/thumb/v8-m.main+dp/hard/libc.a(libc_a-dtoa.o)
                0x3418dc18                _dtoa_r
 .text.__ascii_mbtowc
                0x3418ea24       0x2c /Users/seungwon/test/.tools/xpack-arm-none-eabi-gcc-15.2.1-1.1/bin/../lib/gcc/arm-none-eabi/15.2.1/../../../../arm-none-eabi/lib/thumb/v8-m.main+dp/hard/libc.a(libc_a-mbtowc_r.o)
                0x3418ea24                __ascii_mbtowc
 .text._Balloc  0x3418ea50       0x4c /Users/seungwon/test/.tools/xpack-arm-none-eabi-gcc-15.2.1-1.1/bin/../lib/gcc/arm-none-eabi/15.2.1/../../../../arm-none-eabi/lib/thumb/v8-m.main+dp/hard/libc.a(libc_a-mprec.o)
                0x3418ea50                _Balloc
 .text._Bfree   0x3418ea9c       0x14 /Users/seungwon/test/.tools/xpack-arm-none-eabi-gcc-15.2.1-1.1/bin/../lib/gcc/arm-none-eabi/15.2.1/../../../../arm-none-eabi/lib/thumb/v8-m.main+dp/hard/libc.a(libc_a-mprec.o)
                0x3418ea9c                _Bfree
 .text.__multadd
                0x3418eab0       0xa8 /Users/seungwon/test/.tools/xpack-arm-none-eabi-gcc-15.2.1-1.1/bin/../lib/gcc/arm-none-eabi/15.2.1/../../../../arm-none-eabi/lib/thumb/v8-m.main+dp/hard/libc.a(libc_a-mprec.o)
                0x3418eab0                __multadd
 .text.__hi0bits
                0x3418eb58       0x54 /Users/seungwon/test/.tools/xpack-arm-none-eabi-gcc-15.2.1-1.1/bin/../lib/gcc/arm-none-eabi/15.2.1/../../../../arm-none-eabi/lib/thumb/v8-m.main+dp/hard/libc.a(libc_a-mprec.o)
                0x3418eb58                __hi0bits
 .text.__lo0bits
                0x3418ebac       0x80 /Users/seungwon/test/.tools/xpack-arm-none-eabi-gcc-15.2.1-1.1/bin/../lib/gcc/arm-none-eabi/15.2.1/../../../../arm-none-eabi/lib/thumb/v8-m.main+dp/hard/libc.a(libc_a-mprec.o)
                0x3418ebac                __lo0bits
 .text.__i2b    0x3418ec2c       0x5c /Users/seungwon/test/.tools/xpack-arm-none-eabi-gcc-15.2.1-1.1/bin/../lib/gcc/arm-none-eabi/15.2.1/../../../../arm-none-eabi/lib/thumb/v8-m.main+dp/hard/libc.a(libc_a-mprec.o)
                0x3418ec2c                __i2b
 .text.__multiply
                0x3418ec88      0x188 /Users/seungwon/test/.tools/xpack-arm-none-eabi-gcc-15.2.1-1.1/bin/../lib/gcc/arm-none-eabi/15.2.1/../../../../arm-none-eabi/lib/thumb/v8-m.main+dp/hard/libc.a(libc_a-mprec.o)
                0x3418ec88                __multiply
 .text.__pow5mult
                0x3418ee10       0xb8 /Users/seungwon/test/.tools/xpack-arm-none-eabi-gcc-15.2.1-1.1/bin/../lib/gcc/arm-none-eabi/15.2.1/../../../../arm-none-eabi/lib/thumb/v8-m.main+dp/hard/libc.a(libc_a-mprec.o)
                0x3418ee10                __pow5mult
 .text.__lshift
                0x3418eec8       0xe4 /Users/seungwon/test/.tools/xpack-arm-none-eabi-gcc-15.2.1-1.1/bin/../lib/gcc/arm-none-eabi/15.2.1/../../../../arm-none-eabi/lib/thumb/v8-m.main+dp/hard/libc.a(libc_a-mprec.o)
                0x3418eec8                __lshift
 .text.__mcmp   0x3418efac       0x40 /Users/seungwon/test/.tools/xpack-arm-none-eabi-gcc-15.2.1-1.1/bin/../lib/gcc/arm-none-eabi/15.2.1/../../../../arm-none-eabi/lib/thumb/v8-m.main+dp/hard/libc.a(libc_a-mprec.o)
                0x3418efac                __mcmp
 .text.__mdiff  0x3418efec      0x188 /Users/seungwon/test/.tools/xpack-arm-none-eabi-gcc-15.2.1-1.1/bin/../lib/gcc/arm-none-eabi/15.2.1/../../../../arm-none-eabi/lib/thumb/v8-m.main+dp/hard/libc.a(libc_a-mprec.o)
                0x3418efec                __mdiff
 .text.__d2b    0x3418f174       0xc0 /Users/seungwon/test/.tools/xpack-arm-none-eabi-gcc-15.2.1-1.1/bin/../lib/gcc/arm-none-eabi/15.2.1/../../../../arm-none-eabi/lib/thumb/v8-m.main+dp/hard/libc.a(libc_a-mprec.o)
                0x3418f174                __d2b
 .text.__smakebuf_r
                0x3418f234       0xe8 /Users/seungwon/test/.tools/xpack-arm-none-eabi-gcc-15.2.1-1.1/bin/../lib/gcc/arm-none-eabi/15.2.1/../../../../arm-none-eabi/lib/thumb/v8-m.main+dp/hard/libc.a(libc_a-makebuf.o)
                0x3418f234                __smakebuf_r
 .text.__ascii_wctomb
                0x3418f31c       0x20 /Users/seungwon/test/.tools/xpack-arm-none-eabi-gcc-15.2.1-1.1/bin/../lib/gcc/arm-none-eabi/15.2.1/../../../../arm-none-eabi/lib/thumb/v8-m.main+dp/hard/libc.a(libc_a-wctomb_r.o)
                0x3418f31c                __ascii_wctomb
 .text._fstat_r
                0x3418f33c       0x28 /Users/seungwon/test/.tools/xpack-arm-none-eabi-gcc-15.2.1-1.1/bin/../lib/gcc/arm-none-eabi/15.2.1/../../../../arm-none-eabi/lib/thumb/v8-m.main+dp/hard/libc.a(libc_a-fstatr.o)
                0x3418f33c                _fstat_r
 .text._isatty_r
                0x3418f364       0x24 /Users/seungwon/test/.tools/xpack-arm-none-eabi-gcc-15.2.1-1.1/bin/../lib/gcc/arm-none-eabi/15.2.1/../../../../arm-none-eabi/lib/thumb/v8-m.main+dp/hard/libc.a(libc_a-isattyr.o)
                0x3418f364                _isatty_r
 .text._wcsnrtombs_l
                0x3418f388       0xfc /Users/seungwon/test/.tools/xpack-arm-none-eabi-gcc-15.2.1-1.1/bin/../lib/gcc/arm-none-eabi/15.2.1/../../../../arm-none-eabi/lib/thumb/v8-m.main+dp/hard/libc.a(libc_a-wcsnrtombs.o)
                0x3418f388                _wcsnrtombs_l
 .text._wcsnrtombs_r
                0x3418f484       0x28 /Users/seungwon/test/.tools/xpack-arm-none-eabi-gcc-15.2.1-1.1/bin/../lib/gcc/arm-none-eabi/15.2.1/../../../../arm-none-eabi/lib/thumb/v8-m.main+dp/hard/libc.a(libc_a-wcsnrtombs.o)
                0x3418f484                _wcsnrtombs_r
 .text.__assert_func
                0x3418f4ac       0x44 /Users/seungwon/test/.tools/xpack-arm-none-eabi-gcc-15.2.1-1.1/bin/../lib/gcc/arm-none-eabi/15.2.1/../../../../arm-none-eabi/lib/thumb/v8-m.main+dp/hard/libc.a(libc_a-assert.o)
                0x3418f4ac                __assert_func
 .text.fiprintf
                0x3418f4f0       0x28 /Users/seungwon/test/.tools/xpack-arm-none-eabi-gcc-15.2.1-1.1/bin/../lib/gcc/arm-none-eabi/15.2.1/../../../../arm-none-eabi/lib/thumb/v8-m.main+dp/hard/libc.a(libc_a-fiprintf.o)
                0x3418f4f0                fiprintf
 .text._vfiprintf_r
                0x3418f518     0x11ac /Users/seungwon/test/.tools/xpack-arm-none-eabi-gcc-15.2.1-1.1/bin/../lib/gcc/arm-none-eabi/15.2.1/../../../../arm-none-eabi/lib/thumb/v8-m.main+dp/hard/libc.a(libc_a-vfiprintf.o)
                0x3418f518                _vfiprintf_r
 .text.__sbprintf
                0x341906c4       0x80 /Users/seungwon/test/.tools/xpack-arm-none-eabi-gcc-15.2.1-1.1/bin/../lib/gcc/arm-none-eabi/15.2.1/../../../../arm-none-eabi/lib/thumb/v8-m.main+dp/hard/libc.a(libc_a-vfiprintf.o)
 .text._close   0x34190744       0x10 /Users/seungwon/test/.tools/xpack-arm-none-eabi-gcc-15.2.1-1.1/bin/../lib/gcc/arm-none-eabi/15.2.1/../../../../arm-none-eabi/lib/thumb/v8-m.main+dp/hard/libnosys.a(close.o)
                0x34190744                _close
 .text._fstat   0x34190754       0x10 /Users/seungwon/test/.tools/xpack-arm-none-eabi-gcc-15.2.1-1.1/bin/../lib/gcc/arm-none-eabi/15.2.1/../../../../arm-none-eabi/lib/thumb/v8-m.main+dp/hard/libnosys.a(fstat.o)
                0x34190754                _fstat
 .text._getpid  0x34190764       0x10 /Users/seungwon/test/.tools/xpack-arm-none-eabi-gcc-15.2.1-1.1/bin/../lib/gcc/arm-none-eabi/15.2.1/../../../../arm-none-eabi/lib/thumb/v8-m.main+dp/hard/libnosys.a(getpid.o)
                0x34190764                _getpid
 .text._isatty  0x34190774       0x10 /Users/seungwon/test/.tools/xpack-arm-none-eabi-gcc-15.2.1-1.1/bin/../lib/gcc/arm-none-eabi/15.2.1/../../../../arm-none-eabi/lib/thumb/v8-m.main+dp/hard/libnosys.a(isatty.o)
                0x34190774                _isatty
 .text._kill    0x34190784       0x10 /Users/seungwon/test/.tools/xpack-arm-none-eabi-gcc-15.2.1-1.1/bin/../lib/gcc/arm-none-eabi/15.2.1/../../../../arm-none-eabi/lib/thumb/v8-m.main+dp/hard/libnosys.a(kill.o)
                0x34190784                _kill
 .text._lseek   0x34190794       0x10 /Users/seungwon/test/.tools/xpack-arm-none-eabi-gcc-15.2.1-1.1/bin/../lib/gcc/arm-none-eabi/15.2.1/../../../../arm-none-eabi/lib/thumb/v8-m.main+dp/hard/libnosys.a(lseek.o)
                0x34190794                _lseek
 .text._exit    0x341907a4        0x4 /Users/seungwon/test/.tools/xpack-arm-none-eabi-gcc-15.2.1-1.1/bin/../lib/gcc/arm-none-eabi/15.2.1/../../../../arm-none-eabi/lib/thumb/v8-m.main+dp/hard/libnosys.a(_exit.o)
                0x341907a4                _exit
 *(.glue_7 .glue_7t)
 .glue_7        0x341907a8        0x0 linker stubs
 .glue_7t       0x341907a8        0x0 linker stubs
 *(.eh_frame)
 .eh_frame      0x341907a8        0x0 /Users/seungwon/test/.tools/xpack-arm-none-eabi-gcc-15.2.1-1.1/bin/../lib/gcc/arm-none-eabi/15.2.1/thumb/v8-m.main+dp/hard/crtbegin.o
 *(.RamFunc .RamFunc*)
 *(.init)
 .init          0x341907a8        0x4 /Users/seungwon/test/.tools/xpack-arm-none-eabi-gcc-15.2.1-1.1/bin/../lib/gcc/arm-none-eabi/15.2.1/thumb/v8-m.main+dp/hard/crti.o
                0x341907a8                _init
 .init          0x341907ac        0x8 /Users/seungwon/test/.tools/xpack-arm-none-eabi-gcc-15.2.1-1.1/bin/../lib/gcc/arm-none-eabi/15.2.1/thumb/v8-m.main+dp/hard/crtn.o
 *(.fini)
 .fini          0x341907b4        0x4 /Users/seungwon/test/.tools/xpack-arm-none-eabi-gcc-15.2.1-1.1/bin/../lib/gcc/arm-none-eabi/15.2.1/thumb/v8-m.main+dp/hard/crti.o
                0x341907b4                _fini
 .fini          0x341907b8        0x8 /Users/seungwon/test/.tools/xpack-arm-none-eabi-gcc-15.2.1-1.1/bin/../lib/gcc/arm-none-eabi/15.2.1/thumb/v8-m.main+dp/hard/crtn.o
                0x341907c0                        . = ALIGN (0x4)
                0x341907c0                        _etext = .

.vfp11_veneer   0x341907c0        0x0
 .vfp11_veneer  0x341907c0        0x0 linker stubs

.v4_bx          0x341907c0        0x0
 .v4_bx         0x341907c0        0x0 linker stubs

.iplt           0x341907c0        0x0
 .iplt          0x341907c0        0x0 /Users/seungwon/test/.tools/xpack-arm-none-eabi-gcc-15.2.1-1.1/bin/../lib/gcc/arm-none-eabi/15.2.1/thumb/v8-m.main+dp/hard/crtbegin.o

.rodata         0x341907c0      0x788
                0x341907c0                        . = ALIGN (0x4)
 *(.rodata .rodata*)
 .rodata.main.str1.4
                0x341907c0      0x427 build/full/256s/mve-affine/sign/test_sign_verify.c.o
                                0x175 (size before relaxing)
 *fill*         0x34190be7        0x1 
 .rodata.aim3_exponents
                0x34190be8       0x10 build/full/256s/mve-affine/sign/mpc_batch.c.o
 .rodata.aim3_exponents
                0x34190bf8       0x10 build/full/256s/mve-affine/sign/aim3.c.o
 .rodata.Rcon   0x34190c08        0xa build/full/256s/mve-affine/sign/aes.c.o
 *fill*         0x34190c12        0x6 
 .rodata.KeccakF_RoundConstants
                0x34190c18       0xc0 build/full/256s/mve-affine/sign/fips202.c.o
 .rodata.__wrap_main.str1.4
                0x34190cd8        0x0 build/full/256s/mve-affine/sign/platform.c.o
                                 0x56 (size before relaxing)
 .rodata.message.0
                0x34190cd8       0x2a build/full/256s/mve-affine/sign/platform.c.o
 .rodata._puts_r.str1.4
                0x34190d02        0x0 /Users/seungwon/test/.tools/xpack-arm-none-eabi-gcc-15.2.1-1.1/bin/../lib/gcc/arm-none-eabi/15.2.1/../../../../arm-none-eabi/lib/thumb/v8-m.main+dp/hard/libc.a(libc_a-puts.o)
                                  0x2 (size before relaxing)
 .rodata._vfprintf_r.str1.4
                0x34190d02        0x0 /Users/seungwon/test/.tools/xpack-arm-none-eabi-gcc-15.2.1-1.1/bin/../lib/gcc/arm-none-eabi/15.2.1/../../../../arm-none-eabi/lib/thumb/v8-m.main+dp/hard/libc.a(libc_a-vfprintf.o)
                                 0x42 (size before relaxing)
 *fill*         0x34190d02        0x2 
 .rodata.zeroes.0
                0x34190d04       0x10 /Users/seungwon/test/.tools/xpack-arm-none-eabi-gcc-15.2.1-1.1/bin/../lib/gcc/arm-none-eabi/15.2.1/../../../../arm-none-eabi/lib/thumb/v8-m.main+dp/hard/libc.a(libc_a-vfprintf.o)
 .rodata.blanks.1
                0x34190d14       0x10 /Users/seungwon/test/.tools/xpack-arm-none-eabi-gcc-15.2.1-1.1/bin/../lib/gcc/arm-none-eabi/15.2.1/../../../../arm-none-eabi/lib/thumb/v8-m.main+dp/hard/libc.a(libc_a-vfprintf.o)
 .rodata.str1.4
                0x34190d24        0x0 /Users/seungwon/test/.tools/xpack-arm-none-eabi-gcc-15.2.1-1.1/bin/../lib/gcc/arm-none-eabi/15.2.1/../../../../arm-none-eabi/lib/thumb/v8-m.main+dp/hard/libc.a(libc_a-locale.o)
                                 0x4c (size before relaxing)
 .rodata._ctype_
                0x34190d24      0x101 /Users/seungwon/test/.tools/xpack-arm-none-eabi-gcc-15.2.1-1.1/bin/../lib/gcc/arm-none-eabi/15.2.1/../../../../arm-none-eabi/lib/thumb/v8-m.main+dp/hard/libc.a(libc_a-ctype_.o)
                0x34190d24                _ctype_
 .rodata._dtoa_r.str1.4
                0x34190e25        0x0 /Users/seungwon/test/.tools/xpack-arm-none-eabi-gcc-15.2.1-1.1/bin/../lib/gcc/arm-none-eabi/15.2.1/../../../../arm-none-eabi/lib/thumb/v8-m.main+dp/hard/libc.a(libc_a-dtoa.o)
                                 0xd9 (size before relaxing)
 .rodata.__multadd.str1.4
                0x34190e25        0x0 /Users/seungwon/test/.tools/xpack-arm-none-eabi-gcc-15.2.1-1.1/bin/../lib/gcc/arm-none-eabi/15.2.1/../../../../arm-none-eabi/lib/thumb/v8-m.main+dp/hard/libc.a(libc_a-mprec.o)
                                 0xc6 (size before relaxing)
 *fill*         0x34190e25        0x3 
 .rodata.p05.0  0x34190e28        0xc /Users/seungwon/test/.tools/xpack-arm-none-eabi-gcc-15.2.1-1.1/bin/../lib/gcc/arm-none-eabi/15.2.1/../../../../arm-none-eabi/lib/thumb/v8-m.main+dp/hard/libc.a(libc_a-mprec.o)
 *fill*         0x34190e34        0x4 
 .rodata.__mprec_bigtens
                0x34190e38       0x28 /Users/seungwon/test/.tools/xpack-arm-none-eabi-gcc-15.2.1-1.1/bin/../lib/gcc/arm-none-eabi/15.2.1/../../../../arm-none-eabi/lib/thumb/v8-m.main+dp/hard/libc.a(libc_a-mprec.o)
                0x34190e38                __mprec_bigtens
 .rodata.__mprec_tens
                0x34190e60       0xc8 /Users/seungwon/test/.tools/xpack-arm-none-eabi-gcc-15.2.1-1.1/bin/../lib/gcc/arm-none-eabi/15.2.1/../../../../arm-none-eabi/lib/thumb/v8-m.main+dp/hard/libc.a(libc_a-mprec.o)
                0x34190e60                __mprec_tens
 .rodata.__assert_func.str1.4
                0x34190f28        0x0 /Users/seungwon/test/.tools/xpack-arm-none-eabi-gcc-15.2.1-1.1/bin/../lib/gcc/arm-none-eabi/15.2.1/../../../../arm-none-eabi/lib/thumb/v8-m.main+dp/hard/libc.a(libc_a-assert.o)
                                 0x43 (size before relaxing)
 .rodata._vfiprintf_r.str1.4
                0x34190f28        0x0 /Users/seungwon/test/.tools/xpack-arm-none-eabi-gcc-15.2.1-1.1/bin/../lib/gcc/arm-none-eabi/15.2.1/../../../../arm-none-eabi/lib/thumb/v8-m.main+dp/hard/libc.a(libc_a-vfiprintf.o)
                                 0x2f (size before relaxing)
 .rodata.zeroes.0
                0x34190f28       0x10 /Users/seungwon/test/.tools/xpack-arm-none-eabi-gcc-15.2.1-1.1/bin/../lib/gcc/arm-none-eabi/15.2.1/../../../../arm-none-eabi/lib/thumb/v8-m.main+dp/hard/libc.a(libc_a-vfiprintf.o)
 .rodata.blanks.1
                0x34190f38       0x10 /Users/seungwon/test/.tools/xpack-arm-none-eabi-gcc-15.2.1-1.1/bin/../lib/gcc/arm-none-eabi/15.2.1/../../../../arm-none-eabi/lib/thumb/v8-m.main+dp/hard/libc.a(libc_a-vfiprintf.o)
                0x34190f48                        . = ALIGN (0x4)

.ARM.extab
 *(.ARM.extab* .gnu.linkonce.armextab.*)

.ARM.exidx      0x34190f48        0x8
                0x34190f48                        __exidx_start = .
 *(.ARM.exidx*)
 .ARM.exidx     0x34190f48        0x8 /Users/seungwon/test/.tools/xpack-arm-none-eabi-gcc-15.2.1-1.1/bin/../lib/gcc/arm-none-eabi/15.2.1/../../../../arm-none-eabi/lib/thumb/v8-m.main+dp/hard/libc.a(libc_a-memcpy.o)
                0x34190f50                        __exidx_end = .

.preinit_array  0x34190f50        0x0
                0x34190f50                        PROVIDE (__preinit_array_start = .)
 *(.preinit_array*)
                0x34190f50                        PROVIDE (__preinit_array_end = .)

.init_array     0x34190f50        0x8
                0x34190f50                        PROVIDE (__init_array_start = .)
 *(SORT_BY_NAME(.init_array.*))
 .init_array.00000
                0x34190f50        0x4 /Users/seungwon/test/.tools/xpack-arm-none-eabi-gcc-15.2.1-1.1/bin/../lib/gcc/arm-none-eabi/15.2.1/../../../../arm-none-eabi/lib/thumb/v8-m.main+dp/hard/libc.a(libc_a-__call_atexit.o)
 *(.init_array*)
 .init_array    0x34190f54        0x4 /Users/seungwon/test/.tools/xpack-arm-none-eabi-gcc-15.2.1-1.1/bin/../lib/gcc/arm-none-eabi/15.2.1/thumb/v8-m.main+dp/hard/crtbegin.o
                0x34190f58                        PROVIDE (__init_array_end = .)

.fini_array     0x34190f58        0x4
                0x34190f58                        PROVIDE (__fini_array_start = .)
 *(SORT_BY_NAME(.fini_array.*))
 *(.fini_array*)
 .fini_array    0x34190f58        0x4 /Users/seungwon/test/.tools/xpack-arm-none-eabi-gcc-15.2.1-1.1/bin/../lib/gcc/arm-none-eabi/15.2.1/thumb/v8-m.main+dp/hard/crtbegin.o
                0x34190f5c                        PROVIDE (__fini_array_end = .)

.rel.dyn        0x34190f5c        0x0
 .rel.iplt      0x34190f5c        0x0 /Users/seungwon/test/.tools/xpack-arm-none-eabi-gcc-15.2.1-1.1/bin/../lib/gcc/arm-none-eabi/15.2.1/thumb/v8-m.main+dp/hard/crtbegin.o

.gnu.sgstubs    0x34190f60       0x20
                0x34190f60                        . = ALIGN (0x20)
 *fill*         0x34190f60        0x0 
 *(.gnu.sgstubs*)
                0x34190f60                        . = ALIGN (0x20)
 .gnu.sgstubs.__stub
                0x34190f60        0x8 linker stubs
                0x34190f60                SECURE_SystemCoreClockUpdate
                0x34190f80                        _sidata = LOADADDR (.data)

.data           0x341c0000      0x888 load address 0x34190f80
                0x341c0000                        . = ALIGN (0x4)
                0x341c0000                        _sdata = .
 *(.data .data*)
 .data.SystemCoreClock
                0x341c0000        0x4 build/full/256s/mve-affine/sign/system_stm32n6xx_fsbl.c.o
                0x341c0000                SystemCoreClock
 .data.uwTickFreq
                0x341c0004        0x1 build/full/256s/mve-affine/sign/stm32n6xx_hal.c.o
                0x341c0004                uwTickFreq
 *fill*         0x341c0005        0x3 
 .data.uwTickPrio
                0x341c0008        0x4 build/full/256s/mve-affine/sign/stm32n6xx_hal.c.o
                0x341c0008                uwTickPrio
 .data.__malloc_sbrk_base
                0x341c000c        0x4 /Users/seungwon/test/.tools/xpack-arm-none-eabi-gcc-15.2.1-1.1/bin/../lib/gcc/arm-none-eabi/15.2.1/../../../../arm-none-eabi/lib/thumb/v8-m.main+dp/hard/libc.a(libc_a-mallocr.o)
                0x341c000c                __malloc_sbrk_base
 .data.__malloc_trim_threshold
                0x341c0010        0x4 /Users/seungwon/test/.tools/xpack-arm-none-eabi-gcc-15.2.1-1.1/bin/../lib/gcc/arm-none-eabi/15.2.1/../../../../arm-none-eabi/lib/thumb/v8-m.main+dp/hard/libc.a(libc_a-mallocr.o)
                0x341c0010                __malloc_trim_threshold
 *fill*         0x341c0014        0x4 
 .data.__malloc_av_
                0x341c0018      0x408 /Users/seungwon/test/.tools/xpack-arm-none-eabi-gcc-15.2.1-1.1/bin/../lib/gcc/arm-none-eabi/15.2.1/../../../../arm-none-eabi/lib/thumb/v8-m.main+dp/hard/libc.a(libc_a-mallocr.o)
                0x341c0018                __malloc_av_
 .data.__sglue  0x341c0420        0xc /Users/seungwon/test/.tools/xpack-arm-none-eabi-gcc-15.2.1-1.1/bin/../lib/gcc/arm-none-eabi/15.2.1/../../../../arm-none-eabi/lib/thumb/v8-m.main+dp/hard/libc.a(libc_a-findfp.o)
                0x341c0420                __sglue
 .data._impure_ptr
                0x341c042c        0x4 /Users/seungwon/test/.tools/xpack-arm-none-eabi-gcc-15.2.1-1.1/bin/../lib/gcc/arm-none-eabi/15.2.1/../../../../arm-none-eabi/lib/thumb/v8-m.main+dp/hard/libc.a(libc_a-impure.o)
                0x341c042c                _impure_ptr
 .data._impure_data
                0x341c0430      0x200 /Users/seungwon/test/.tools/xpack-arm-none-eabi-gcc-15.2.1-1.1/bin/../lib/gcc/arm-none-eabi/15.2.1/../../../../arm-none-eabi/lib/thumb/v8-m.main+dp/hard/libc.a(libc_a-impure.o)
                0x341c0430                _impure_data
 .data.__atexit_recursive_mutex
                0x341c0630        0x4 /Users/seungwon/test/.tools/xpack-arm-none-eabi-gcc-15.2.1-1.1/bin/../lib/gcc/arm-none-eabi/15.2.1/../../../../arm-none-eabi/lib/thumb/v8-m.main+dp/hard/libc.a(libc_a-__call_atexit.o)
                0x341c0630                __atexit_recursive_mutex
 .data.__global_locale
                0x341c0634      0x254 /Users/seungwon/test/.tools/xpack-arm-none-eabi-gcc-15.2.1-1.1/bin/../lib/gcc/arm-none-eabi/15.2.1/../../../../arm-none-eabi/lib/thumb/v8-m.main+dp/hard/libc.a(libc_a-locale.o)
                0x341c0634                __global_locale
                0x341c0888                        . = ALIGN (0x4)
                0x341c0888                        _edata = .

.igot.plt       0x341c0888        0x0 load address 0x34191808
 .igot.plt      0x341c0888        0x0 /Users/seungwon/test/.tools/xpack-arm-none-eabi-gcc-15.2.1-1.1/bin/../lib/gcc/arm-none-eabi/15.2.1/thumb/v8-m.main+dp/hard/crtbegin.o

.noncacheable   0x341c0888       0x18 load address 0x34191808
                0x341c08a0                        . = ALIGN (0x20)
 *fill*         0x341c0888       0x18 
                0x341c08a0                        __snoncacheable = .
 *(.noncacheable)
                0x341c08a0                        . = ALIGN (0x20)
                0x341c08a0                        __enoncacheable = .

.bss            0x341c08a0     0x5360 load address 0x34191808
                0x341c08a0                        . = ALIGN (0x8)
                0x341c08a0                        _sbss = .
                0x341c08a0                        __bss_start__ = .
 *(.bss .bss*)
 .bss.completed.1
                0x341c08a0        0x1 /Users/seungwon/test/.tools/xpack-arm-none-eabi-gcc-15.2.1-1.1/bin/../lib/gcc/arm-none-eabi/15.2.1/thumb/v8-m.main+dp/hard/crtbegin.o
 *fill*         0x341c08a1        0x3 
 .bss.object.0  0x341c08a4       0x18 /Users/seungwon/test/.tools/xpack-arm-none-eabi-gcc-15.2.1-1.1/bin/../lib/gcc/arm-none-eabi/15.2.1/thumb/v8-m.main+dp/hard/crtbegin.o
 .bss.message   0x341c08bc       0x3b build/full/256s/mve-affine/sign/test_sign_verify.c.o
 *fill*         0x341c08f7        0x1 
 .bss.signature
                0x341c08f8     0x4f00 build/full/256s/mve-affine/sign/test_sign_verify.c.o
 .bss.secret_key
                0x341c57f8       0x60 build/full/256s/mve-affine/sign/test_sign_verify.c.o
 .bss.public_key
                0x341c5858       0x40 build/full/256s/mve-affine/sign/test_sign_verify.c.o
 .bss.DRBG_ctx  0x341c5898       0x34 build/full/256s/mve-affine/sign/rng.c.o
                0x341c5898                DRBG_ctx
 .bss.heap_peak
                0x341c58cc        0x4 build/full/256s/mve-affine/sign/platform.c.o
 .bss.heap_end  0x341c58d0        0x4 build/full/256s/mve-affine/sign/platform.c.o
 *fill*         0x341c58d4        0x4 
 .bss.systick_wraps
                0x341c58d8        0x8 build/full/256s/mve-affine/sign/platform.c.o
 .bss.measurement_start
                0x341c58e0        0x4 build/full/256s/mve-affine/sign/platform.c.o
 .bss.uwTick    0x341c58e4        0x4 build/full/256s/mve-affine/sign/stm32n6xx_hal.c.o
                0x341c58e4                uwTick
 .bss.__malloc_current_mallinfo
                0x341c58e8       0x28 /Users/seungwon/test/.tools/xpack-arm-none-eabi-gcc-15.2.1-1.1/bin/../lib/gcc/arm-none-eabi/15.2.1/../../../../arm-none-eabi/lib/thumb/v8-m.main+dp/hard/libc.a(libc_a-mallocr.o)
                0x341c58e8                __malloc_current_mallinfo
 .bss.__malloc_max_total_mem
                0x341c5910        0x4 /Users/seungwon/test/.tools/xpack-arm-none-eabi-gcc-15.2.1-1.1/bin/../lib/gcc/arm-none-eabi/15.2.1/../../../../arm-none-eabi/lib/thumb/v8-m.main+dp/hard/libc.a(libc_a-mallocr.o)
                0x341c5910                __malloc_max_total_mem
 .bss.__malloc_max_sbrked_mem
                0x341c5914        0x4 /Users/seungwon/test/.tools/xpack-arm-none-eabi-gcc-15.2.1-1.1/bin/../lib/gcc/arm-none-eabi/15.2.1/../../../../arm-none-eabi/lib/thumb/v8-m.main+dp/hard/libc.a(libc_a-mallocr.o)
                0x341c5914                __malloc_max_sbrked_mem
 .bss.__malloc_top_pad
                0x341c5918        0x4 /Users/seungwon/test/.tools/xpack-arm-none-eabi-gcc-15.2.1-1.1/bin/../lib/gcc/arm-none-eabi/15.2.1/../../../../arm-none-eabi/lib/thumb/v8-m.main+dp/hard/libc.a(libc_a-mallocr.o)
                0x341c5918                __malloc_top_pad
 .bss.__sf      0x341c591c      0x138 /Users/seungwon/test/.tools/xpack-arm-none-eabi-gcc-15.2.1-1.1/bin/../lib/gcc/arm-none-eabi/15.2.1/../../../../arm-none-eabi/lib/thumb/v8-m.main+dp/hard/libc.a(libc_a-findfp.o)
                0x341c591c                __sf
 .bss.__stdio_exit_handler
                0x341c5a54        0x4 /Users/seungwon/test/.tools/xpack-arm-none-eabi-gcc-15.2.1-1.1/bin/../lib/gcc/arm-none-eabi/15.2.1/../../../../arm-none-eabi/lib/thumb/v8-m.main+dp/hard/libc.a(libc_a-findfp.o)
                0x341c5a54                __stdio_exit_handler
 .bss.__lock___malloc_recursive_mutex
                0x341c5a58        0x1 /Users/seungwon/test/.tools/xpack-arm-none-eabi-gcc-15.2.1-1.1/bin/../lib/gcc/arm-none-eabi/15.2.1/../../../../arm-none-eabi/lib/thumb/v8-m.main+dp/hard/libc.a(libc_a-lock.o)
                0x341c5a58                __lock___malloc_recursive_mutex
 *fill*         0x341c5a59        0x3 
 .bss.__lock___atexit_recursive_mutex
                0x341c5a5c        0x1 /Users/seungwon/test/.tools/xpack-arm-none-eabi-gcc-15.2.1-1.1/bin/../lib/gcc/arm-none-eabi/15.2.1/../../../../arm-none-eabi/lib/thumb/v8-m.main+dp/hard/libc.a(libc_a-lock.o)
                0x341c5a5c                __lock___atexit_recursive_mutex
 *fill*         0x341c5a5d        0x3 
 .bss.__lock___sfp_recursive_mutex
                0x341c5a60        0x1 /Users/seungwon/test/.tools/xpack-arm-none-eabi-gcc-15.2.1-1.1/bin/../lib/gcc/arm-none-eabi/15.2.1/../../../../arm-none-eabi/lib/thumb/v8-m.main+dp/hard/libc.a(libc_a-lock.o)
                0x341c5a60                __lock___sfp_recursive_mutex
 *fill*         0x341c5a61        0x3 
 .bss.__atexit0
                0x341c5a64      0x190 /Users/seungwon/test/.tools/xpack-arm-none-eabi-gcc-15.2.1-1.1/bin/../lib/gcc/arm-none-eabi/15.2.1/../../../../arm-none-eabi/lib/thumb/v8-m.main+dp/hard/libc.a(libc_a-__atexit.o)
                0x341c5a64                __atexit0
 .bss.__atexit  0x341c5bf4        0x4 /Users/seungwon/test/.tools/xpack-arm-none-eabi-gcc-15.2.1-1.1/bin/../lib/gcc/arm-none-eabi/15.2.1/../../../../arm-none-eabi/lib/thumb/v8-m.main+dp/hard/libc.a(libc_a-__call_atexit.o)
                0x341c5bf4                __atexit
 .bss.errno     0x341c5bf8        0x4 /Users/seungwon/test/.tools/xpack-arm-none-eabi-gcc-15.2.1-1.1/bin/../lib/gcc/arm-none-eabi/15.2.1/../../../../arm-none-eabi/lib/thumb/v8-m.main+dp/hard/libc.a(libc_a-reent.o)
                0x341c5bf8                errno
 *(COMMON)
                0x341c5c00                        . = ALIGN (0x8)
 *fill*         0x341c5bfc        0x4 
                0x341c5c00                        _ebss = .
                0x341c5c00                        __bss_end__ = .

._user_stack    0x341e0000    0x20000
                0x341e0000                        . = ALIGN (0x8)
                [!provide]                        PROVIDE (end = .)
                [!provide]                        PROVIDE (_end = .)
                0x34200000                        . = (. + _Min_Stack_Size)
 *fill*         0x341e0000    0x20000 
                0x34200000                        . = ALIGN (0x8)

._user_heap     0x34200000     0x1000
                0x34200000                        . = ALIGN (0x8)
                0x34200000                        _sheap = .
                0x34201000                        . = (. + _Min_Heap_Size)
 *fill*         0x34200000     0x1000 
                0x34201000                        . = ALIGN (0x8)
                0x343c0000                        _eheap = (ORIGIN (HEAPRAM) + LENGTH (HEAPRAM))
                0x00000001                        ASSERT ((_ebss <= _sstack), BOOTRAM data overlaps the stack)

.ARM.attributes
                0x00000000       0x3a
 *(.ARM.attributes)
 .ARM.attributes
                0x00000000       0x24 /Users/seungwon/test/.tools/xpack-arm-none-eabi-gcc-15.2.1-1.1/bin/../lib/gcc/arm-none-eabi/15.2.1/thumb/v8-m.main+dp/hard/crti.o
 .ARM.attributes
                0x00000024       0x36 /Users/seungwon/test/.tools/xpack-arm-none-eabi-gcc-15.2.1-1.1/bin/../lib/gcc/arm-none-eabi/15.2.1/thumb/v8-m.main+dp/hard/crtbegin.o
 .ARM.attributes
                0x0000005a       0x3e build/full/256s/mve-affine/sign/test_sign_verify.c.o
 .ARM.attributes
                0x00000098       0x3e build/full/256s/mve-affine/sign/sign_low_memory.c.o
 .ARM.attributes
                0x000000d6       0x3e build/full/256s/mve-affine/sign/verify_batch.c.o
 .ARM.attributes
                0x00000114       0x3e build/full/256s/mve-affine/sign/field_batch.c.o
 .ARM.attributes
                0x00000152       0x3e build/full/256s/mve-affine/sign/mpc_batch.c.o
 .ARM.attributes
                0x00000190       0x3e build/full/256s/mve-affine/sign/aim3.c.o
 .ARM.attributes
                0x000001ce       0x3e build/full/256s/mve-affine/sign/hash.c.o
 .ARM.attributes
                0x0000020c       0x3e build/full/256s/mve-affine/sign/sign.c.o
 .ARM.attributes
                0x0000024a       0x3e build/full/256s/mve-affine/sign/tree.c.o
 .ARM.attributes
                0x00000288       0x3e build/full/256s/mve-affine/sign/field_common.c.o
 .ARM.attributes
                0x000002c6       0x3e build/full/256s/mve-affine/sign/field_mve.c.o
 .ARM.attributes
                0x00000304       0x3e build/full/256s/mve-affine/sign/matvec_mve.c.o
 .ARM.attributes
                0x00000342       0x3e build/full/256s/mve-affine/sign/aes.c.o
 .ARM.attributes
                0x00000380       0x3e build/full/256s/mve-affine/sign/fips202.c.o
 .ARM.attributes
                0x000003be       0x3e build/full/256s/mve-affine/sign/rng.c.o
 .ARM.attributes
                0x000003fc       0x3e build/full/256s/mve-affine/sign/platform.c.o
 .ARM.attributes
                0x0000043a       0x3e build/full/256s/mve-affine/sign/system_stm32n6xx_fsbl.c.o
 .ARM.attributes
                0x00000478       0x3e build/full/256s/mve-affine/sign/stm32n6xx_hal.c.o
 .ARM.attributes
                0x000004b6       0x3e build/full/256s/mve-affine/sign/stm32n6xx_hal_cortex.c.o
 .ARM.attributes
                0x000004f4       0x3e build/full/256s/mve-affine/sign/stm32n6xx_hal_pwr_ex.c.o
 .ARM.attributes
                0x00000532       0x3e build/full/256s/mve-affine/sign/stm32n6xx_hal_rcc.c.o
 .ARM.attributes
                0x00000570       0x3e build/full/256s/mve-affine/sign/stm32n6xx_hal_rcc_ex.c.o
 .ARM.attributes
                0x000005ae       0x22 build/full/256s/mve-affine/sign/startup_stm32n657x0hxq_fsbl.s.o
 .ARM.attributes
                0x000005d0       0x36 /Users/seungwon/test/.tools/xpack-arm-none-eabi-gcc-15.2.1-1.1/bin/../lib/gcc/arm-none-eabi/15.2.1/../../../../arm-none-eabi/lib/thumb/v8-m.main+dp/hard/libc.a(libc_a-abort.o)
 .ARM.attributes
                0x00000606       0x36 /Users/seungwon/test/.tools/xpack-arm-none-eabi-gcc-15.2.1-1.1/bin/../lib/gcc/arm-none-eabi/15.2.1/../../../../arm-none-eabi/lib/thumb/v8-m.main+dp/hard/libc.a(libc_a-atexit.o)
 .ARM.attributes
                0x0000063c       0x36 /Users/seungwon/test/.tools/xpack-arm-none-eabi-gcc-15.2.1-1.1/bin/../lib/gcc/arm-none-eabi/15.2.1/../../../../arm-none-eabi/lib/thumb/v8-m.main+dp/hard/libc.a(libc_a-callocr.o)
 .ARM.attributes
                0x00000672       0x36 /Users/seungwon/test/.tools/xpack-arm-none-eabi-gcc-15.2.1-1.1/bin/../lib/gcc/arm-none-eabi/15.2.1/../../../../arm-none-eabi/lib/thumb/v8-m.main+dp/hard/libc.a(libc_a-exit.o)
 .ARM.attributes
                0x000006a8       0x36 /Users/seungwon/test/.tools/xpack-arm-none-eabi-gcc-15.2.1-1.1/bin/../lib/gcc/arm-none-eabi/15.2.1/../../../../arm-none-eabi/lib/thumb/v8-m.main+dp/hard/libc.a(libc_a-malloc.o)
 .ARM.attributes
                0x000006de       0x36 /Users/seungwon/test/.tools/xpack-arm-none-eabi-gcc-15.2.1-1.1/bin/../lib/gcc/arm-none-eabi/15.2.1/../../../../arm-none-eabi/lib/thumb/v8-m.main+dp/hard/libc.a(libc_a-mallocr.o)
 .ARM.attributes
                0x00000714       0x36 /Users/seungwon/test/.tools/xpack-arm-none-eabi-gcc-15.2.1-1.1/bin/../lib/gcc/arm-none-eabi/15.2.1/../../../../arm-none-eabi/lib/thumb/v8-m.main+dp/hard/libc.a(libc_a-mlock.o)
 .ARM.attributes
                0x0000074a       0x36 /Users/seungwon/test/.tools/xpack-arm-none-eabi-gcc-15.2.1-1.1/bin/../lib/gcc/arm-none-eabi/15.2.1/../../../../arm-none-eabi/lib/thumb/v8-m.main+dp/hard/libc.a(libc_a-printf.o)
 .ARM.attributes
                0x00000780       0x36 /Users/seungwon/test/.tools/xpack-arm-none-eabi-gcc-15.2.1-1.1/bin/../lib/gcc/arm-none-eabi/15.2.1/../../../../arm-none-eabi/lib/thumb/v8-m.main+dp/hard/libc.a(libc_a-puts.o)
 .ARM.attributes
                0x000007b6       0x36 /Users/seungwon/test/.tools/xpack-arm-none-eabi-gcc-15.2.1-1.1/bin/../lib/gcc/arm-none-eabi/15.2.1/../../../../arm-none-eabi/lib/thumb/v8-m.main+dp/hard/libc.a(libc_a-fflush.o)
 .ARM.attributes
                0x000007ec       0x36 /Users/seungwon/test/.tools/xpack-arm-none-eabi-gcc-15.2.1-1.1/bin/../lib/gcc/arm-none-eabi/15.2.1/../../../../arm-none-eabi/lib/thumb/v8-m.main+dp/hard/libc.a(libc_a-findfp.o)
 .ARM.attributes
                0x00000822       0x36 /Users/seungwon/test/.tools/xpack-arm-none-eabi-gcc-15.2.1-1.1/bin/../lib/gcc/arm-none-eabi/15.2.1/../../../../arm-none-eabi/lib/thumb/v8-m.main+dp/hard/libc.a(libc_a-memcmp.o)
 .ARM.attributes
                0x00000858       0x36 /Users/seungwon/test/.tools/xpack-arm-none-eabi-gcc-15.2.1-1.1/bin/../lib/gcc/arm-none-eabi/15.2.1/../../../../arm-none-eabi/lib/thumb/v8-m.main+dp/hard/libc.a(libc_a-memmove.o)
 .ARM.attributes
                0x0000088e       0x36 /Users/seungwon/test/.tools/xpack-arm-none-eabi-gcc-15.2.1-1.1/bin/../lib/gcc/arm-none-eabi/15.2.1/../../../../arm-none-eabi/lib/thumb/v8-m.main+dp/hard/libc.a(libc_a-memset.o)
 .ARM.attributes
                0x000008c4       0x36 /Users/seungwon/test/.tools/xpack-arm-none-eabi-gcc-15.2.1-1.1/bin/../lib/gcc/arm-none-eabi/15.2.1/../../../../arm-none-eabi/lib/thumb/v8-m.main+dp/hard/libc.a(libc_a-signal.o)
 .ARM.attributes
                0x000008fa       0x36 /Users/seungwon/test/.tools/xpack-arm-none-eabi-gcc-15.2.1-1.1/bin/../lib/gcc/arm-none-eabi/15.2.1/../../../../arm-none-eabi/lib/thumb/v8-m.main+dp/hard/libc.a(libc_a-impure.o)
 .ARM.attributes
                0x00000930       0x36 /Users/seungwon/test/.tools/xpack-arm-none-eabi-gcc-15.2.1-1.1/bin/../lib/gcc/arm-none-eabi/15.2.1/../../../../arm-none-eabi/lib/thumb/v8-m.main+dp/hard/libc.a(libc_a-signalr.o)
 .ARM.attributes
                0x00000966       0x36 /Users/seungwon/test/.tools/xpack-arm-none-eabi-gcc-15.2.1-1.1/bin/../lib/gcc/arm-none-eabi/15.2.1/../../../../arm-none-eabi/lib/thumb/v8-m.main+dp/hard/libc.a(libc_a-sbrkr.o)
 .ARM.attributes
                0x0000099c       0x36 /Users/seungwon/test/.tools/xpack-arm-none-eabi-gcc-15.2.1-1.1/bin/../lib/gcc/arm-none-eabi/15.2.1/../../../../arm-none-eabi/lib/thumb/v8-m.main+dp/hard/libc.a(libc_a-errno.o)
 .ARM.attributes
                0x000009d2       0x36 /Users/seungwon/test/.tools/xpack-arm-none-eabi-gcc-15.2.1-1.1/bin/../lib/gcc/arm-none-eabi/15.2.1/../../../../arm-none-eabi/lib/thumb/v8-m.main+dp/hard/libc.a(libc_a-sysconf.o)
 .ARM.attributes
                0x00000a08       0x36 /Users/seungwon/test/.tools/xpack-arm-none-eabi-gcc-15.2.1-1.1/bin/../lib/gcc/arm-none-eabi/15.2.1/../../../../arm-none-eabi/lib/thumb/v8-m.main+dp/hard/libc.a(libc_a-init.o)
 .ARM.attributes
                0x00000a3e       0x36 /Users/seungwon/test/.tools/xpack-arm-none-eabi-gcc-15.2.1-1.1/bin/../lib/gcc/arm-none-eabi/15.2.1/../../../../arm-none-eabi/lib/thumb/v8-m.main+dp/hard/libc.a(libc_a-fini.o)
 .ARM.attributes
                0x00000a74       0x36 /Users/seungwon/test/.tools/xpack-arm-none-eabi-gcc-15.2.1-1.1/bin/../lib/gcc/arm-none-eabi/15.2.1/../../../../arm-none-eabi/lib/thumb/v8-m.main+dp/hard/libc.a(libc_a-lock.o)
 .ARM.attributes
                0x00000aaa       0x22 /Users/seungwon/test/.tools/xpack-arm-none-eabi-gcc-15.2.1-1.1/bin/../lib/gcc/arm-none-eabi/15.2.1/../../../../arm-none-eabi/lib/thumb/v8-m.main+dp/hard/libc.a(libc_a-memcpy.o)
 .ARM.attributes
                0x00000acc       0x36 /Users/seungwon/test/.tools/xpack-arm-none-eabi-gcc-15.2.1-1.1/bin/../lib/gcc/arm-none-eabi/15.2.1/../../../../arm-none-eabi/lib/thumb/v8-m.main+dp/hard/libc.a(libc_a-strlen-stub.o)
 .ARM.attributes
                0x00000b02       0x36 /Users/seungwon/test/.tools/xpack-arm-none-eabi-gcc-15.2.1-1.1/bin/../lib/gcc/arm-none-eabi/15.2.1/../../../../arm-none-eabi/lib/thumb/v8-m.main+dp/hard/libc.a(libc_a-__atexit.o)
 .ARM.attributes
                0x00000b38       0x36 /Users/seungwon/test/.tools/xpack-arm-none-eabi-gcc-15.2.1-1.1/bin/../lib/gcc/arm-none-eabi/15.2.1/../../../../arm-none-eabi/lib/thumb/v8-m.main+dp/hard/libc.a(libc_a-__call_atexit.o)
 .ARM.attributes
                0x00000b6e       0x36 /Users/seungwon/test/.tools/xpack-arm-none-eabi-gcc-15.2.1-1.1/bin/../lib/gcc/arm-none-eabi/15.2.1/../../../../arm-none-eabi/lib/thumb/v8-m.main+dp/hard/libc.a(libc_a-freer.o)
 .ARM.attributes
                0x00000ba4       0x36 /Users/seungwon/test/.tools/xpack-arm-none-eabi-gcc-15.2.1-1.1/bin/../lib/gcc/arm-none-eabi/15.2.1/../../../../arm-none-eabi/lib/thumb/v8-m.main+dp/hard/libc.a(libc_a-vfprintf.o)
 .ARM.attributes
                0x00000bda       0x36 /Users/seungwon/test/.tools/xpack-arm-none-eabi-gcc-15.2.1-1.1/bin/../lib/gcc/arm-none-eabi/15.2.1/../../../../arm-none-eabi/lib/thumb/v8-m.main+dp/hard/libc.a(libc_a-fvwrite.o)
 .ARM.attributes
                0x00000c10       0x36 /Users/seungwon/test/.tools/xpack-arm-none-eabi-gcc-15.2.1-1.1/bin/../lib/gcc/arm-none-eabi/15.2.1/../../../../arm-none-eabi/lib/thumb/v8-m.main+dp/hard/libc.a(libc_a-fwalk.o)
 .ARM.attributes
                0x00000c46       0x36 /Users/seungwon/test/.tools/xpack-arm-none-eabi-gcc-15.2.1-1.1/bin/../lib/gcc/arm-none-eabi/15.2.1/../../../../arm-none-eabi/lib/thumb/v8-m.main+dp/hard/libc.a(libc_a-reallocr.o)
 .ARM.attributes
                0x00000c7c       0x36 /Users/seungwon/test/.tools/xpack-arm-none-eabi-gcc-15.2.1-1.1/bin/../lib/gcc/arm-none-eabi/15.2.1/../../../../arm-none-eabi/lib/thumb/v8-m.main+dp/hard/libc.a(libc_a-sprint_r.o)
 .ARM.attributes
                0x00000cb2       0x36 /Users/seungwon/test/.tools/xpack-arm-none-eabi-gcc-15.2.1-1.1/bin/../lib/gcc/arm-none-eabi/15.2.1/../../../../arm-none-eabi/lib/thumb/v8-m.main+dp/hard/libc.a(libc_a-fclose.o)
 .ARM.attributes
                0x00000ce8       0x36 /Users/seungwon/test/.tools/xpack-arm-none-eabi-gcc-15.2.1-1.1/bin/../lib/gcc/arm-none-eabi/15.2.1/../../../../arm-none-eabi/lib/thumb/v8-m.main+dp/hard/libc.a(libc_a-stdio.o)
 .ARM.attributes
                0x00000d1e       0x36 /Users/seungwon/test/.tools/xpack-arm-none-eabi-gcc-15.2.1-1.1/bin/../lib/gcc/arm-none-eabi/15.2.1/../../../../arm-none-eabi/lib/thumb/v8-m.main+dp/hard/libc.a(libc_a-wsetup.o)
 .ARM.attributes
                0x00000d54       0x36 /Users/seungwon/test/.tools/xpack-arm-none-eabi-gcc-15.2.1-1.1/bin/../lib/gcc/arm-none-eabi/15.2.1/../../../../arm-none-eabi/lib/thumb/v8-m.main+dp/hard/libc.a(libc_a-strncpy.o)
 .ARM.attributes
                0x00000d8a       0x36 /Users/seungwon/test/.tools/xpack-arm-none-eabi-gcc-15.2.1-1.1/bin/../lib/gcc/arm-none-eabi/15.2.1/../../../../arm-none-eabi/lib/thumb/v8-m.main+dp/hard/libc.a(libc_a-locale.o)
 .ARM.attributes
                0x00000dc0       0x36 /Users/seungwon/test/.tools/xpack-arm-none-eabi-gcc-15.2.1-1.1/bin/../lib/gcc/arm-none-eabi/15.2.1/../../../../arm-none-eabi/lib/thumb/v8-m.main+dp/hard/libc.a(libc_a-localeconv.o)
 .ARM.attributes
                0x00000df6       0x36 /Users/seungwon/test/.tools/xpack-arm-none-eabi-gcc-15.2.1-1.1/bin/../lib/gcc/arm-none-eabi/15.2.1/../../../../arm-none-eabi/lib/thumb/v8-m.main+dp/hard/libc.a(libc_a-closer.o)
 .ARM.attributes
                0x00000e2c       0x36 /Users/seungwon/test/.tools/xpack-arm-none-eabi-gcc-15.2.1-1.1/bin/../lib/gcc/arm-none-eabi/15.2.1/../../../../arm-none-eabi/lib/thumb/v8-m.main+dp/hard/libc.a(libc_a-reent.o)
 .ARM.attributes
                0x00000e62       0x36 /Users/seungwon/test/.tools/xpack-arm-none-eabi-gcc-15.2.1-1.1/bin/../lib/gcc/arm-none-eabi/15.2.1/../../../../arm-none-eabi/lib/thumb/v8-m.main+dp/hard/libc.a(libc_a-lseekr.o)
 .ARM.attributes
                0x00000e98       0x36 /Users/seungwon/test/.tools/xpack-arm-none-eabi-gcc-15.2.1-1.1/bin/../lib/gcc/arm-none-eabi/15.2.1/../../../../arm-none-eabi/lib/thumb/v8-m.main+dp/hard/libc.a(libc_a-readr.o)
 .ARM.attributes
                0x00000ece       0x36 /Users/seungwon/test/.tools/xpack-arm-none-eabi-gcc-15.2.1-1.1/bin/../lib/gcc/arm-none-eabi/15.2.1/../../../../arm-none-eabi/lib/thumb/v8-m.main+dp/hard/libc.a(libc_a-writer.o)
 .ARM.attributes
                0x00000f04       0x36 /Users/seungwon/test/.tools/xpack-arm-none-eabi-gcc-15.2.1-1.1/bin/../lib/gcc/arm-none-eabi/15.2.1/../../../../arm-none-eabi/lib/thumb/v8-m.main+dp/hard/libc.a(libc_a-memchr-stub.o)
 .ARM.attributes
                0x00000f3a       0x36 /Users/seungwon/test/.tools/xpack-arm-none-eabi-gcc-15.2.1-1.1/bin/../lib/gcc/arm-none-eabi/15.2.1/../../../../arm-none-eabi/lib/thumb/v8-m.main+dp/hard/libc.a(libc_a-wcrtomb.o)
 .ARM.attributes
                0x00000f70       0x36 /Users/seungwon/test/.tools/xpack-arm-none-eabi-gcc-15.2.1-1.1/bin/../lib/gcc/arm-none-eabi/15.2.1/../../../../arm-none-eabi/lib/thumb/v8-m.main+dp/hard/libc.a(libc_a-wcsrtombs.o)
 .ARM.attributes
                0x00000fa6       0x36 /Users/seungwon/test/.tools/xpack-arm-none-eabi-gcc-15.2.1-1.1/bin/../lib/gcc/arm-none-eabi/15.2.1/../../../../arm-none-eabi/lib/thumb/v8-m.main+dp/hard/libc.a(libm_a-s_frexp.o)
 .ARM.attributes
                0x00000fdc       0x36 /Users/seungwon/test/.tools/xpack-arm-none-eabi-gcc-15.2.1-1.1/bin/../lib/gcc/arm-none-eabi/15.2.1/../../../../arm-none-eabi/lib/thumb/v8-m.main+dp/hard/libc.a(libc_a-ctype_.o)
 .ARM.attributes
                0x00001012       0x36 /Users/seungwon/test/.tools/xpack-arm-none-eabi-gcc-15.2.1-1.1/bin/../lib/gcc/arm-none-eabi/15.2.1/../../../../arm-none-eabi/lib/thumb/v8-m.main+dp/hard/libc.a(libc_a-dtoa.o)
 .ARM.attributes
                0x00001048       0x36 /Users/seungwon/test/.tools/xpack-arm-none-eabi-gcc-15.2.1-1.1/bin/../lib/gcc/arm-none-eabi/15.2.1/../../../../arm-none-eabi/lib/thumb/v8-m.main+dp/hard/libc.a(libc_a-mbtowc_r.o)
 .ARM.attributes
                0x0000107e       0x36 /Users/seungwon/test/.tools/xpack-arm-none-eabi-gcc-15.2.1-1.1/bin/../lib/gcc/arm-none-eabi/15.2.1/../../../../arm-none-eabi/lib/thumb/v8-m.main+dp/hard/libc.a(libc_a-mprec.o)
 .ARM.attributes
                0x000010b4       0x36 /Users/seungwon/test/.tools/xpack-arm-none-eabi-gcc-15.2.1-1.1/bin/../lib/gcc/arm-none-eabi/15.2.1/../../../../arm-none-eabi/lib/thumb/v8-m.main+dp/hard/libc.a(libc_a-makebuf.o)
 .ARM.attributes
                0x000010ea       0x36 /Users/seungwon/test/.tools/xpack-arm-none-eabi-gcc-15.2.1-1.1/bin/../lib/gcc/arm-none-eabi/15.2.1/../../../../arm-none-eabi/lib/thumb/v8-m.main+dp/hard/libc.a(libc_a-wctomb_r.o)
 .ARM.attributes