PAPER_M55_CONTEXT,result_dir=/Users/seungwon/AIMer3_on_AVX512/m55/benchmarks/results/paper-final-ref-mve-20260906-151313,source_sha256=d5a9217638ee84f7d9f5243875243052c95d5d6c224578e33e0548304ef6457e,command=make -B -C /Users/seungwon/AIMer3_on_AVX512 m55-host-check 
cc -DAIMER_MVE_PORTABLE_TEST -DAIMER_M55_MVE_MATVEC \
		-DPARAMS=128f -DAIMER_MATVEC=mve \
		-Iinclude -I../common/src/sig/aimer/reference/aimer-128f -I../common/src -O2 -std=c11 tests/test_reference.c src/mve/field_mve.c src/mve/field_batch.c ../common/src/sig/aimer/reference/aimer-128f/field_common.c src/mve/matvec_mve.c -o build/host/128f/test-mve-field-128f-mve
build/host/128f/test-mve-field-128f-mve
REF_GF_PASS param=128f cases=259
AFFINE_DIFF_PASS param=128f active_lanes=0..4 alias=pass tail=pass
cc -DAIMER_KAT_LOW_MEMORY -DAIMER_MVE_PORTABLE_TEST \
		-DAIMER_M55_MVE_MATVEC -DAIMER_MATVEC=mve \
		-DPARAMS=128f -Iinclude -I../common/src/sig/aimer/reference/aimer-128f -I../common/src \
		-O2 -std=c11 tests/kat_runner.c tests/host_platform.c src/lowmem/sign_low_memory.c src/lowmem/verify_batch.c src/mve/field_batch.c src/mve/mpc_batch.c src/mve/field_mve.c src/mve/matvec_mve.c ../common/src/sig/aimer/reference/aimer-128f/aim3.c ../common/src/sig/aimer/reference/aimer-128f/hash.c ../common/src/sig/aimer/reference/aimer-128f/sign.c ../common/src/sig/aimer/reference/aimer-128f/tree.c ../common/src/sig/aimer/reference/aimer-128f/field_common.c ../common/src/common/aes.c ../common/src/common/fips202.c ../common/src/common/rng.c -o build/host/128f/test-kat-mve-128f-mve
build/host/128f/test-kat-mve-128f-mve
KAT_VECTOR_PASS param=128f count=0
KAT_VECTOR_PASS param=128f count=1
KAT_VECTOR_PASS param=128f count=2
KAT_VECTOR_PASS param=128f count=3
KAT_VECTOR_PASS param=128f count=4
KAT_VECTOR_PASS param=128f count=5
KAT_VECTOR_PASS param=128f count=6
KAT_VECTOR_PASS param=128f count=7
KAT_VECTOR_PASS param=128f count=8
KAT_VECTOR_PASS param=128f count=9
KAT_VECTOR_PASS param=128f count=10
KAT_VECTOR_PASS param=128f count=11
KAT_VECTOR_PASS param=128f count=12
KAT_VECTOR_PASS param=128f count=13
KAT_VECTOR_PASS param=128f count=14
KAT_VECTOR_PASS param=128f count=15
KAT_VECTOR_PASS param=128f count=16
KAT_VECTOR_PASS param=128f count=17
KAT_VECTOR_PASS param=128f count=18
KAT_VECTOR_PASS param=128f count=19
KAT_VECTOR_PASS param=128f count=20
KAT_VECTOR_PASS param=128f count=21
KAT_VECTOR_PASS param=128f count=22
KAT_VECTOR_PASS param=128f count=23
KAT_VECTOR_PASS param=128f count=24
KAT_VECTOR_PASS param=128f count=25
KAT_VECTOR_PASS param=128f count=26
KAT_VECTOR_PASS param=128f count=27
KAT_VECTOR_PASS param=128f count=28
KAT_VECTOR_PASS param=128f count=29
KAT_VECTOR_PASS param=128f count=30
KAT_VECTOR_PASS param=128f count=31
KAT_VECTOR_PASS param=128f count=32
KAT_VECTOR_PASS param=128f count=33
KAT_VECTOR_PASS param=128f count=34
KAT_VECTOR_PASS param=128f count=35
KAT_VECTOR_PASS param=128f count=36
KAT_VECTOR_PASS param=128f count=37
KAT_VECTOR_PASS param=128f count=38
KAT_VECTOR_PASS param=128f count=39
KAT_VECTOR_PASS param=128f count=40
KAT_VECTOR_PASS param=128f count=41
KAT_VECTOR_PASS param=128f count=42
KAT_VECTOR_PASS param=128f count=43
KAT_VECTOR_PASS param=128f count=44
KAT_VECTOR_PASS param=128f count=45
KAT_VECTOR_PASS param=128f count=46
KAT_VECTOR_PASS param=128f count=47
KAT_VECTOR_PASS param=128f count=48
KAT_VECTOR_PASS param=128f count=49
KAT_VECTOR_PASS param=128f count=50
KAT_VECTOR_PASS param=128f count=51
KAT_VECTOR_PASS param=128f count=52
KAT_VECTOR_PASS param=128f count=53
KAT_VECTOR_PASS param=128f count=54
KAT_VECTOR_PASS param=128f count=55
KAT_VECTOR_PASS param=128f count=56
KAT_VECTOR_PASS param=128f count=57
KAT_VECTOR_PASS param=128f count=58
KAT_VECTOR_PASS param=128f count=59
KAT_VECTOR_PASS param=128f count=60
KAT_VECTOR_PASS param=128f count=61
KAT_VECTOR_PASS param=128f count=62
KAT_VECTOR_PASS param=128f count=63
KAT_VECTOR_PASS param=128f count=64
KAT_VECTOR_PASS param=128f count=65
KAT_VECTOR_PASS param=128f count=66
KAT_VECTOR_PASS param=128f count=67
KAT_VECTOR_PASS param=128f count=68
KAT_VECTOR_PASS param=128f count=69
KAT_VECTOR_PASS param=128f count=70
KAT_VECTOR_PASS param=128f count=71
KAT_VECTOR_PASS param=128f count=72
KAT_VECTOR_PASS param=128f count=73
KAT_VECTOR_PASS param=128f count=74
KAT_VECTOR_PASS param=128f count=75
KAT_VECTOR_PASS param=128f count=76
KAT_VECTOR_PASS param=128f count=77
KAT_VECTOR_PASS param=128f count=78
KAT_VECTOR_PASS param=128f count=79
KAT_VECTOR_PASS param=128f count=80
KAT_VECTOR_PASS param=128f count=81
KAT_VECTOR_PASS param=128f count=82
KAT_VECTOR_PASS param=128f count=83
KAT_VECTOR_PASS param=128f count=84
KAT_VECTOR_PASS param=128f count=85
KAT_VECTOR_PASS param=128f count=86
KAT_VECTOR_PASS param=128f count=87
KAT_VECTOR_PASS param=128f count=88
KAT_VECTOR_PASS param=128f count=89
KAT_VECTOR_PASS param=128f count=90
KAT_VECTOR_PASS param=128f count=91
KAT_VECTOR_PASS param=128f count=92
KAT_VECTOR_PASS param=128f count=93
KAT_VECTOR_PASS param=128f count=94
KAT_VECTOR_PASS param=128f count=95
KAT_VECTOR_PASS param=128f count=96
KAT_VECTOR_PASS param=128f count=97
KAT_VECTOR_PASS param=128f count=98
KAT_VECTOR_PASS param=128f count=99
KAT_PASS param=128f vectors=100
cc -DAIMER_MVE_PORTABLE_TEST -DAIMER_M55_MVE_MATVEC \
		-DPARAMS=128s -DAIMER_MATVEC=mve \
		-Iinclude -I../common/src/sig/aimer/reference/aimer-128s -I../common/src -O2 -std=c11 tests/test_reference.c src/mve/field_mve.c src/mve/field_batch.c ../common/src/sig/aimer/reference/aimer-128s/field_common.c src/mve/matvec_mve.c -o build/host/128s/test-mve-field-128s-mve
build/host/128s/test-mve-field-128s-mve
REF_GF_PASS param=128s cases=259
AFFINE_DIFF_PASS param=128s active_lanes=0..4 alias=pass tail=pass
cc -DAIMER_KAT_LOW_MEMORY -DAIMER_MVE_PORTABLE_TEST \
		-DAIMER_M55_MVE_MATVEC -DAIMER_MATVEC=mve \
		-DPARAMS=128s -Iinclude -I../common/src/sig/aimer/reference/aimer-128s -I../common/src \
		-O2 -std=c11 tests/kat_runner.c tests/host_platform.c src/lowmem/sign_low_memory.c src/lowmem/verify_batch.c src/mve/field_batch.c src/mve/mpc_batch.c src/mve/field_mve.c src/mve/matvec_mve.c ../common/src/sig/aimer/reference/aimer-128s/aim3.c ../common/src/sig/aimer/reference/aimer-128s/hash.c ../common/src/sig/aimer/reference/aimer-128s/sign.c ../common/src/sig/aimer/reference/aimer-128s/tree.c ../common/src/sig/aimer/reference/aimer-128s/field_common.c ../common/src/common/aes.c ../common/src/common/fips202.c ../common/src/common/rng.c -o build/host/128s/test-kat-mve-128s-mve
build/host/128s/test-kat-mve-128s-mve
KAT_VECTOR_PASS param=128s count=0
KAT_VECTOR_PASS param=128s count=1
KAT_VECTOR_PASS param=128s count=2
KAT_VECTOR_PASS param=128s count=3
KAT_VECTOR_PASS param=128s count=4
KAT_VECTOR_PASS param=128s count=5
KAT_VECTOR_PASS param=128s count=6
KAT_VECTOR_PASS param=128s count=7
KAT_VECTOR_PASS param=128s count=8
KAT_VECTOR_PASS param=128s count=9
KAT_VECTOR_PASS param=128s count=10
KAT_VECTOR_PASS param=128s count=11
KAT_VECTOR_PASS param=128s count=12
KAT_VECTOR_PASS param=128s count=13
KAT_VECTOR_PASS param=128s count=14
KAT_VECTOR_PASS param=128s count=15
KAT_VECTOR_PASS param=128s count=16
KAT_VECTOR_PASS param=128s count=17
KAT_VECTOR_PASS param=128s count=18
KAT_VECTOR_PASS param=128s count=19
KAT_VECTOR_PASS param=128s count=20
KAT_VECTOR_PASS param=128s count=21
KAT_VECTOR_PASS param=128s count=22
KAT_VECTOR_PASS param=128s count=23
KAT_VECTOR_PASS param=128s count=24
KAT_VECTOR_PASS param=128s count=25
KAT_VECTOR_PASS param=128s count=26
KAT_VECTOR_PASS param=128s count=27
KAT_VECTOR_PASS param=128s count=28
KAT_VECTOR_PASS param=128s count=29
KAT_VECTOR_PASS param=128s count=30
KAT_VECTOR_PASS param=128s count=31
KAT_VECTOR_PASS param=128s count=32
KAT_VECTOR_PASS param=128s count=33
KAT_VECTOR_PASS param=128s count=34
KAT_VECTOR_PASS param=128s count=35
KAT_VECTOR_PASS param=128s count=36
KAT_VECTOR_PASS param=128s count=37
KAT_VECTOR_PASS param=128s count=38
KAT_VECTOR_PASS param=128s count=39
KAT_VECTOR_PASS param=128s count=40
KAT_VECTOR_PASS param=128s count=41
KAT_VECTOR_PASS param=128s count=42
KAT_VECTOR_PASS param=128s count=43
KAT_VECTOR_PASS param=128s count=44
KAT_VECTOR_PASS param=128s count=45
KAT_VECTOR_PASS param=128s count=46
KAT_VECTOR_PASS param=128s count=47
KAT_VECTOR_PASS param=128s count=48
KAT_VECTOR_PASS param=128s count=49
KAT_VECTOR_PASS param=128s count=50
KAT_VECTOR_PASS param=128s count=51
KAT_VECTOR_PASS param=128s count=52
KAT_VECTOR_PASS param=128s count=53
KAT_VECTOR_PASS param=128s count=54
KAT_VECTOR_PASS param=128s count=55
KAT_VECTOR_PASS param=128s count=56
KAT_VECTOR_PASS param=128s count=57
KAT_VECTOR_PASS param=128s count=58
KAT_VECTOR_PASS param=128s count=59
KAT_VECTOR_PASS param=128s count=60
KAT_VECTOR_PASS param=128s count=61
KAT_VECTOR_PASS param=128s count=62
KAT_VECTOR_PASS param=128s count=63
KAT_VECTOR_PASS param=128s count=64
KAT_VECTOR_PASS param=128s count=65
KAT_VECTOR_PASS param=128s count=66
KAT_VECTOR_PASS param=128s count=67
KAT_VECTOR_PASS param=128s count=68
KAT_VECTOR_PASS param=128s count=69
KAT_VECTOR_PASS param=128s count=70
KAT_VECTOR_PASS param=128s count=71
KAT_VECTOR_PASS param=128s count=72
KAT_VECTOR_PASS param=128s count=73
KAT_VECTOR_PASS param=128s count=74
KAT_VECTOR_PASS param=128s count=75
KAT_VECTOR_PASS param=128s count=76
KAT_VECTOR_PASS param=128s count=77
KAT_VECTOR_PASS param=128s count=78
KAT_VECTOR_PASS param=128s count=79
KAT_VECTOR_PASS param=128s count=80
KAT_VECTOR_PASS param=128s count=81
KAT_VECTOR_PASS param=128s count=82
KAT_VECTOR_PASS param=128s count=83
KAT_VECTOR_PASS param=128s count=84
KAT_VECTOR_PASS param=128s count=85
KAT_VECTOR_PASS param=128s count=86
KAT_VECTOR_PASS param=128s count=87
KAT_VECTOR_PASS param=128s count=88
KAT_VECTOR_PASS param=128s count=89
KAT_VECTOR_PASS param=128s count=90
KAT_VECTOR_PASS param=128s count=91
KAT_VECTOR_PASS param=128s count=92
KAT_VECTOR_PASS param=128s count=93
KAT_VECTOR_PASS param=128s count=94
KAT_VECTOR_PASS param=128s count=95
KAT_VECTOR_PASS param=128s count=96
KAT_VECTOR_PASS param=128s count=97
KAT_VECTOR_PASS param=128s count=98
KAT_VECTOR_PASS param=128s count=99
KAT_PASS param=128s vectors=100
cc -DAIMER_MVE_PORTABLE_TEST -DAIMER_M55_MVE_MATVEC \
		-DPARAMS=192f -DAIMER_MATVEC=mve \
		-Iinclude -I../common/src/sig/aimer/reference/aimer-192f -I../common/src -O2 -std=c11 tests/test_reference.c src/mve/field_mve.c src/mve/field_batch.c ../common/src/sig/aimer/reference/aimer-192f/field_common.c src/mve/matvec_mve.c -o build/host/192f/test-mve-field-192f-mve
build/host/192f/test-mve-field-192f-mve
REF_GF_PASS param=192f cases=323
AFFINE_DIFF_PASS param=192f active_lanes=0..4 alias=pass tail=pass
cc -DAIMER_KAT_LOW_MEMORY -DAIMER_MVE_PORTABLE_TEST \
		-DAIMER_M55_MVE_MATVEC -DAIMER_MATVEC=mve \
		-DPARAMS=192f -Iinclude -I../common/src/sig/aimer/reference/aimer-192f -I../common/src \
		-O2 -std=c11 tests/kat_runner.c tests/host_platform.c src/lowmem/sign_low_memory.c src/lowmem/verify_batch.c src/mve/field_batch.c src/mve/mpc_batch.c src/mve/field_mve.c src/mve/matvec_mve.c ../common/src/sig/aimer/reference/aimer-192f/aim3.c ../common/src/sig/aimer/reference/aimer-192f/hash.c ../common/src/sig/aimer/reference/aimer-192f/sign.c ../common/src/sig/aimer/reference/aimer-192f/tree.c ../common/src/sig/aimer/reference/aimer-192f/field_common.c ../common/src/common/aes.c ../common/src/common/fips202.c ../common/src/common/rng.c -o build/host/192f/test-kat-mve-192f-mve
build/host/192f/test-kat-mve-192f-mve
KAT_VECTOR_PASS param=192f count=0
KAT_VECTOR_PASS param=192f count=1
KAT_VECTOR_PASS param=192f count=2
KAT_VECTOR_PASS param=192f count=3
KAT_VECTOR_PASS param=192f count=4
KAT_VECTOR_PASS param=192f count=5
KAT_VECTOR_PASS param=192f count=6
KAT_VECTOR_PASS param=192f count=7
KAT_VECTOR_PASS param=192f count=8
KAT_VECTOR_PASS param=192f count=9
KAT_VECTOR_PASS param=192f count=10
KAT_VECTOR_PASS param=192f count=11
KAT_VECTOR_PASS param=192f count=12
KAT_VECTOR_PASS param=192f count=13
KAT_VECTOR_PASS param=192f count=14
KAT_VECTOR_PASS param=192f count=15
KAT_VECTOR_PASS param=192f count=16
KAT_VECTOR_PASS param=192f count=17
KAT_VECTOR_PASS param=192f count=18
KAT_VECTOR_PASS param=192f count=19
KAT_VECTOR_PASS param=192f count=20
KAT_VECTOR_PASS param=192f count=21
KAT_VECTOR_PASS param=192f count=22
KAT_VECTOR_PASS param=192f count=23
KAT_VECTOR_PASS param=192f count=24
KAT_VECTOR_PASS param=192f count=25
KAT_VECTOR_PASS param=192f count=26
KAT_VECTOR_PASS param=192f count=27
KAT_VECTOR_PASS param=192f count=28
KAT_VECTOR_PASS param=192f count=29
KAT_VECTOR_PASS param=192f count=30
KAT_VECTOR_PASS param=192f count=31
KAT_VECTOR_PASS param=192f count=32
KAT_VECTOR_PASS param=192f count=33
KAT_VECTOR_PASS param=192f count=34
KAT_VECTOR_PASS param=192f count=35
KAT_VECTOR_PASS param=192f count=36
KAT_VECTOR_PASS param=192f count=37
KAT_VECTOR_PASS param=192f count=38
KAT_VECTOR_PASS param=192f count=39
KAT_VECTOR_PASS param=192f count=40
KAT_VECTOR_PASS param=192f count=41
KAT_VECTOR_PASS param=192f count=42
KAT_VECTOR_PASS param=192f count=43
KAT_VECTOR_PASS param=192f count=44
KAT_VECTOR_PASS param=192f count=45
KAT_VECTOR_PASS param=192f count=46
KAT_VECTOR_PASS param=192f count=47
KAT_VECTOR_PASS param=192f count=48
KAT_VECTOR_PASS param=192f count=49
KAT_VECTOR_PASS param=192f count=50
KAT_VECTOR_PASS param=192f count=51
KAT_VECTOR_PASS param=192f count=52
KAT_VECTOR_PASS param=192f count=53
KAT_VECTOR_PASS param=192f count=54
KAT_VECTOR_PASS param=192f count=55
KAT_VECTOR_PASS param=192f count=56
KAT_VECTOR_PASS param=192f count=57
KAT_VECTOR_PASS param=192f count=58
KAT_VECTOR_PASS param=192f count=59
KAT_VECTOR_PASS param=192f count=60
KAT_VECTOR_PASS param=192f count=61
KAT_VECTOR_PASS param=192f count=62
KAT_VECTOR_PASS param=192f count=63
KAT_VECTOR_PASS param=192f count=64
KAT_VECTOR_PASS param=192f count=65
KAT_VECTOR_PASS param=192f count=66
KAT_VECTOR_PASS param=192f count=67
KAT_VECTOR_PASS param=192f count=68
KAT_VECTOR_PASS param=192f count=69
KAT_VECTOR_PASS param=192f count=70
KAT_VECTOR_PASS param=192f count=71
KAT_VECTOR_PASS param=192f count=72
KAT_VECTOR_PASS param=192f count=73
KAT_VECTOR_PASS param=192f count=74
KAT_VECTOR_PASS param=192f count=75
KAT_VECTOR_PASS param=192f count=76
KAT_VECTOR_PASS param=192f count=77
KAT_VECTOR_PASS param=192f count=78
KAT_VECTOR_PASS param=192f count=79
KAT_VECTOR_PASS param=192f count=80
KAT_VECTOR_PASS param=192f count=81
KAT_VECTOR_PASS param=192f count=82
KAT_VECTOR_PASS param=192f count=83
KAT_VECTOR_PASS param=192f count=84
KAT_VECTOR_PASS param=192f count=85
KAT_VECTOR_PASS param=192f count=86
KAT_VECTOR_PASS param=192f count=87
KAT_VECTOR_PASS param=192f count=88
KAT_VECTOR_PASS param=192f count=89
KAT_VECTOR_PASS param=192f count=90
KAT_VECTOR_PASS param=192f count=91
KAT_VECTOR_PASS param=192f count=92
KAT_VECTOR_PASS param=192f count=93
KAT_VECTOR_PASS param=192f count=94
KAT_VECTOR_PASS param=192f count=95
KAT_VECTOR_PASS param=192f count=96
KAT_VECTOR_PASS param=192f count=97
KAT_VECTOR_PASS param=192f count=98
KAT_VECTOR_PASS param=192f count=99
KAT_PASS param=192f vectors=100
cc -DAIMER_MVE_PORTABLE_TEST -DAIMER_M55_MVE_MATVEC \
		-DPARAMS=192s -DAIMER_MATVEC=mve \
		-Iinclude -I../common/src/sig/aimer/reference/aimer-192s -I../common/src -O2 -std=c11 tests/test_reference.c src/mve/field_mve.c src/mve/field_batch.c ../common/src/sig/aimer/reference/aimer-192s/field_common.c src/mve/matvec_mve.c -o build/host/192s/test-mve-field-192s-mve
build/host/192s/test-mve-field-192s-mve
REF_GF_PASS param=192s cases=323
AFFINE_DIFF_PASS param=192s active_lanes=0..4 alias=pass tail=pass
cc -DAIMER_KAT_LOW_MEMORY -DAIMER_MVE_PORTABLE_TEST \
		-DAIMER_M55_MVE_MATVEC -DAIMER_MATVEC=mve \
		-DPARAMS=192s -Iinclude -I../common/src/sig/aimer/reference/aimer-192s -I../common/src \
		-O2 -std=c11 tests/kat_runner.c tests/host_platform.c src/lowmem/sign_low_memory.c src/lowmem/verify_batch.c src/mve/field_batch.c src/mve/mpc_batch.c src/mve/field_mve.c src/mve/matvec_mve.c ../common/src/sig/aimer/reference/aimer-192s/aim3.c ../common/src/sig/aimer/reference/aimer-192s/hash.c ../common/src/sig/aimer/reference/aimer-192s/sign.c ../common/src/sig/aimer/reference/aimer-192s/tree.c ../common/src/sig/aimer/reference/aimer-192s/field_common.c ../common/src/common/aes.c ../common/src/common/fips202.c ../common/src/common/rng.c -o build/host/192s/test-kat-mve-192s-mve
build/host/192s/test-kat-mve-192s-mve
KAT_VECTOR_PASS param=192s count=0
KAT_VECTOR_PASS param=192s count=1
KAT_VECTOR_PASS param=192s count=2
KAT_VECTOR_PASS param=192s count=3
KAT_VECTOR_PASS param=192s count=4
KAT_VECTOR_PASS param=192s count=5
KAT_VECTOR_PASS param=192s count=6
KAT_VECTOR_PASS param=192s count=7
KAT_VECTOR_PASS param=192s count=8
KAT_VECTOR_PASS param=192s count=9
KAT_VECTOR_PASS param=192s count=10
KAT_VECTOR_PASS param=192s count=11
KAT_VECTOR_PASS param=192s count=12
KAT_VECTOR_PASS param=192s count=13
KAT_VECTOR_PASS param=192s count=14
KAT_VECTOR_PASS param=192s count=15
KAT_VECTOR_PASS param=192s count=16
KAT_VECTOR_PASS param=192s count=17
KAT_VECTOR_PASS param=192s count=18
KAT_VECTOR_PASS param=192s count=19
KAT_VECTOR_PASS param=192s count=20
KAT_VECTOR_PASS param=192s count=21
KAT_VECTOR_PASS param=192s count=22
KAT_VECTOR_PASS param=192s count=23
KAT_VECTOR_PASS param=192s count=24
KAT_VECTOR_PASS param=192s count=25
KAT_VECTOR_PASS param=192s count=26
KAT_VECTOR_PASS param=192s count=27
KAT_VECTOR_PASS param=192s count=28
KAT_VECTOR_PASS param=192s count=29
KAT_VECTOR_PASS param=192s count=30
KAT_VECTOR_PASS param=192s count=31
KAT_VECTOR_PASS param=192s count=32
KAT_VECTOR_PASS param=192s count=33
KAT_VECTOR_PASS param=192s count=34
KAT_VECTOR_PASS param=192s count=35
KAT_VECTOR_PASS param=192s count=36
KAT_VECTOR_PASS param=192s count=37
KAT_VECTOR_PASS param=192s count=38
KAT_VECTOR_PASS param=192s count=39
KAT_VECTOR_PASS param=192s count=40
KAT_VECTOR_PASS param=192s count=41
KAT_VECTOR_PASS param=192s count=42
KAT_VECTOR_PASS param=192s count=43
KAT_VECTOR_PASS param=192s count=44
KAT_VECTOR_PASS param=192s count=45
KAT_VECTOR_PASS param=192s count=46
KAT_VECTOR_PASS param=192s count=47
KAT_VECTOR_PASS param=192s count=48
KAT_VECTOR_PASS param=192s count=49
KAT_VECTOR_PASS param=192s count=50
KAT_VECTOR_PASS param=192s count=51
KAT_VECTOR_PASS param=192s count=52
KAT_VECTOR_PASS param=192s count=53
KAT_VECTOR_PASS param=192s count=54
KAT_VECTOR_PASS param=192s count=55
KAT_VECTOR_PASS param=192s count=56
KAT_VECTOR_PASS param=192s count=57
KAT_VECTOR_PASS param=192s count=58
KAT_VECTOR_PASS param=192s count=59
KAT_VECTOR_PASS param=192s count=60
KAT_VECTOR_PASS param=192s count=61
KAT_VECTOR_PASS param=192s count=62
KAT_VECTOR_PASS param=192s count=63
KAT_VECTOR_PASS param=192s count=64
KAT_VECTOR_PASS param=192s count=65
KAT_VECTOR_PASS param=192s count=66
KAT_VECTOR_PASS param=192s count=67
KAT_VECTOR_PASS param=192s count=68
KAT_VECTOR_PASS param=192s count=69
KAT_VECTOR_PASS param=192s count=70
KAT_VECTOR_PASS param=192s count=71
KAT_VECTOR_PASS param=192s count=72
KAT_VECTOR_PASS param=192s count=73
KAT_VECTOR_PASS param=192s count=74
KAT_VECTOR_PASS param=192s count=75
KAT_VECTOR_PASS param=192s count=76
KAT_VECTOR_PASS param=192s count=77
KAT_VECTOR_PASS param=192s count=78
KAT_VECTOR_PASS param=192s count=79
KAT_VECTOR_PASS param=192s count=80
KAT_VECTOR_PASS param=192s count=81
KAT_VECTOR_PASS param=192s count=82
KAT_VECTOR_PASS param=192s count=83
KAT_VECTOR_PASS param=192s count=84
KAT_VECTOR_PASS param=192s count=85
KAT_VECTOR_PASS param=192s count=86
KAT_VECTOR_PASS param=192s count=87
KAT_VECTOR_PASS param=192s count=88
KAT_VECTOR_PASS param=192s count=89
KAT_VECTOR_PASS param=192s count=90
KAT_VECTOR_PASS param=192s count=91
KAT_VECTOR_PASS param=192s count=92
KAT_VECTOR_PASS param=192s count=93
KAT_VECTOR_PASS param=192s count=94
KAT_VECTOR_PASS param=192s count=95
KAT_VECTOR_PASS param=192s count=96
KAT_VECTOR_PASS param=192s count=97
KAT_VECTOR_PASS param=192s count=98
KAT_VECTOR_PASS param=192s count=99
KAT_PASS param=192s vectors=100
cc -DAIMER_MVE_PORTABLE_TEST -DAIMER_M55_MVE_MATVEC \
		-DPARAMS=256f -DAIMER_MATVEC=mve \
		-Iinclude -I../common/src/sig/aimer/reference/aimer-256f -I../common/src -O2 -std=c11 tests/test_reference.c src/mve/field_mve.c src/mve/field_batch.c ../common/src/sig/aimer/reference/aimer-256f/field_common.c src/mve/matvec_mve.c -o build/host/256f/test-mve-field-256f-mve
build/host/256f/test-mve-field-256f-mve
REF_GF_PASS param=256f cases=387
AFFINE_DIFF_PASS param=256f active_lanes=0..4 alias=pass tail=pass
cc -DAIMER_KAT_LOW_MEMORY -DAIMER_MVE_PORTABLE_TEST \
		-DAIMER_M55_MVE_MATVEC -DAIMER_MATVEC=mve \
		-DPARAMS=256f -Iinclude -I../common/src/sig/aimer/reference/aimer-256f -I../common/src \
		-O2 -std=c11 tests/kat_runner.c tests/host_platform.c src/lowmem/sign_low_memory.c src/lowmem/verify_batch.c src/mve/field_batch.c src/mve/mpc_batch.c src/mve/field_mve.c src/mve/matvec_mve.c ../common/src/sig/aimer/reference/aimer-256f/aim3.c ../common/src/sig/aimer/reference/aimer-256f/hash.c ../common/src/sig/aimer/reference/aimer-256f/sign.c ../common/src/sig/aimer/reference/aimer-256f/tree.c ../common/src/sig/aimer/reference/aimer-256f/field_common.c ../common/src/common/aes.c ../common/src/common/fips202.c ../common/src/common/rng.c -o build/host/256f/test-kat-mve-256f-mve
build/host/256f/test-kat-mve-256f-mve
KAT_VECTOR_PASS param=256f count=0
KAT_VECTOR_PASS param=256f count=1
KAT_VECTOR_PASS param=256f count=2
KAT_VECTOR_PASS param=256f count=3
KAT_VECTOR_PASS param=256f count=4
KAT_VECTOR_PASS param=256f count=5
KAT_VECTOR_PASS param=256f count=6
KAT_VECTOR_PASS param=256f count=7
KAT_VECTOR_PASS param=256f count=8
KAT_VECTOR_PASS param=256f count=9
KAT_VECTOR_PASS param=256f count=10
KAT_VECTOR_PASS param=256f count=11
KAT_VECTOR_PASS param=256f count=12
KAT_VECTOR_PASS param=256f count=13
KAT_VECTOR_PASS param=256f count=14
KAT_VECTOR_PASS param=256f count=15
KAT_VECTOR_PASS param=256f count=16
KAT_VECTOR_PASS param=256f count=17
KAT_VECTOR_PASS param=256f count=18
KAT_VECTOR_PASS param=256f count=19
KAT_VECTOR_PASS param=256f count=20
KAT_VECTOR_PASS param=256f count=21
KAT_VECTOR_PASS param=256f count=22
KAT_VECTOR_PASS param=256f count=23
KAT_VECTOR_PASS param=256f count=24
KAT_VECTOR_PASS param=256f count=25
KAT_VECTOR_PASS param=256f count=26
KAT_VECTOR_PASS param=256f count=27
KAT_VECTOR_PASS param=256f count=28
KAT_VECTOR_PASS param=256f count=29
KAT_VECTOR_PASS param=256f count=30
KAT_VECTOR_PASS param=256f count=31
KAT_VECTOR_PASS param=256f count=32
KAT_VECTOR_PASS param=256f count=33
KAT_VECTOR_PASS param=256f count=34
KAT_VECTOR_PASS param=256f count=35
KAT_VECTOR_PASS param=256f count=36
KAT_VECTOR_PASS param=256f count=37
KAT_VECTOR_PASS param=256f count=38
KAT_VECTOR_PASS param=256f count=39
KAT_VECTOR_PASS param=256f count=40
KAT_VECTOR_PASS param=256f count=41
KAT_VECTOR_PASS param=256f count=42
KAT_VECTOR_PASS param=256f count=43
KAT_VECTOR_PASS param=256f count=44
KAT_VECTOR_PASS param=256f count=45
KAT_VECTOR_PASS param=256f count=46
KAT_VECTOR_PASS param=256f count=47
KAT_VECTOR_PASS param=256f count=48
KAT_VECTOR_PASS param=256f count=49
KAT_VECTOR_PASS param=256f count=50
KAT_VECTOR_PASS param=256f count=51
KAT_VECTOR_PASS param=256f count=52
KAT_VECTOR_PASS param=256f count=53
KAT_VECTOR_PASS param=256f count=54
KAT_VECTOR_PASS param=256f count=55
KAT_VECTOR_PASS param=256f count=56
KAT_VECTOR_PASS param=256f count=57
KAT_VECTOR_PASS param=256f count=58
KAT_VECTOR_PASS param=256f count=59
KAT_VECTOR_PASS param=256f count=60
KAT_VECTOR_PASS param=256f count=61
KAT_VECTOR_PASS param=256f count=62
KAT_VECTOR_PASS param=256f count=63
KAT_VECTOR_PASS param=256f count=64
KAT_VECTOR_PASS param=256f count=65
KAT_VECTOR_PASS param=256f count=66
KAT_VECTOR_PASS param=256f count=67
KAT_VECTOR_PASS param=256f count=68
KAT_VECTOR_PASS param=256f count=69
KAT_VECTOR_PASS param=256f count=70
KAT_VECTOR_PASS param=256f count=71
KAT_VECTOR_PASS param=256f count=72
KAT_VECTOR_PASS param=256f count=73
KAT_VECTOR_PASS param=256f count=74
KAT_VECTOR_PASS param=256f count=75
KAT_VECTOR_PASS param=256f count=76
KAT_VECTOR_PASS param=256f count=77
KAT_VECTOR_PASS param=256f count=78
KAT_VECTOR_PASS param=256f count=79
KAT_VECTOR_PASS param=256f count=80
KAT_VECTOR_PASS param=256f count=81
KAT_VECTOR_PASS param=256f count=82
KAT_VECTOR_PASS param=256f count=83
KAT_VECTOR_PASS param=256f count=84
KAT_VECTOR_PASS param=256f count=85
KAT_VECTOR_PASS param=256f count=86
KAT_VECTOR_PASS param=256f count=87
KAT_VECTOR_PASS param=256f count=88
KAT_VECTOR_PASS param=256f count=89
KAT_VECTOR_PASS param=256f count=90
KAT_VECTOR_PASS param=256f count=91
KAT_VECTOR_PASS param=256f count=92
KAT_VECTOR_PASS param=256f count=93
KAT_VECTOR_PASS param=256f count=94
KAT_VECTOR_PASS param=256f count=95
KAT_VECTOR_PASS param=256f count=96
KAT_VECTOR_PASS param=256f count=97
KAT_VECTOR_PASS param=256f count=98
KAT_VECTOR_PASS param=256f count=99
KAT_PASS param=256f vectors=100
cc -DAIMER_MVE_PORTABLE_TEST -DAIMER_M55_MVE_MATVEC \
		-DPARAMS=256s -DAIMER_MATVEC=mve \
		-Iinclude -I../common/src/sig/aimer/reference/aimer-256s -I../common/src -O2 -std=c11 tests/test_reference.c src/mve/field_mve.c src/mve/field_batch.c ../common/src/sig/aimer/reference/aimer-256s/field_common.c src/mve/matvec_mve.c -o build/host/256s/test-mve-field-256s-mve
build/host/256s/test-mve-field-256s-mve
REF_GF_PASS param=256s cases=387
AFFINE_DIFF_PASS param=256s active_lanes=0..4 alias=pass tail=pass
cc -DAIMER_KAT_LOW_MEMORY -DAIMER_MVE_PORTABLE_TEST \
		-DAIMER_M55_MVE_MATVEC -DAIMER_MATVEC=mve \
		-DPARAMS=256s -Iinclude -I../common/src/sig/aimer/reference/aimer-256s -I../common/src \
		-O2 -std=c11 tests/kat_runner.c tests/host_platform.c src/lowmem/sign_low_memory.c src/lowmem/verify_batch.c src/mve/field_batch.c src/mve/mpc_batch.c src/mve/field_mve.c src/mve/matvec_mve.c ../common/src/sig/aimer/reference/aimer-256s/aim3.c ../common/src/sig/aimer/reference/aimer-256s/hash.c ../common/src/sig/aimer/reference/aimer-256s/sign.c ../common/src/sig/aimer/reference/aimer-256s/tree.c ../common/src/sig/aimer/reference/aimer-256s/field_common.c ../common/src/common/aes.c ../common/src/common/fips202.c ../common/src/common/rng.c -o build/host/256s/test-kat-mve-256s-mve
build/host/256s/test-kat-mve-256s-mve
KAT_VECTOR_PASS param=256s count=0
KAT_VECTOR_PASS param=256s count=1
KAT_VECTOR_PASS param=256s count=2
KAT_VECTOR_PASS param=256s count=3
KAT_VECTOR_PASS param=256s count=4
KAT_VECTOR_PASS param=256s count=5
KAT_VECTOR_PASS param=256s count=6
KAT_VECTOR_PASS param=256s count=7
KAT_VECTOR_PASS param=256s count=8
KAT_VECTOR_PASS param=256s count=9
KAT_VECTOR_PASS param=256s count=10
KAT_VECTOR_PASS param=256s count=11
KAT_VECTOR_PASS param=256s count=12
KAT_VECTOR_PASS param=256s count=13
KAT_VECTOR_PASS param=256s count=14
KAT_VECTOR_PASS param=256s count=15
KAT_VECTOR_PASS param=256s count=16
KAT_VECTOR_PASS param=256s count=17
KAT_VECTOR_PASS param=256s count=18
KAT_VECTOR_PASS param=256s count=19
KAT_VECTOR_PASS param=256s count=20
KAT_VECTOR_PASS param=256s count=21
KAT_VECTOR_PASS param=256s count=22
KAT_VECTOR_PASS param=256s count=23
KAT_VECTOR_PASS param=256s count=24
KAT_VECTOR_PASS param=256s count=25
KAT_VECTOR_PASS param=256s count=26
KAT_VECTOR_PASS param=256s count=27
KAT_VECTOR_PASS param=256s count=28
KAT_VECTOR_PASS param=256s count=29
KAT_VECTOR_PASS param=256s count=30
KAT_VECTOR_PASS param=256s count=31
KAT_VECTOR_PASS param=256s count=32
KAT_VECTOR_PASS param=256s count=33
KAT_VECTOR_PASS param=256s count=34
KAT_VECTOR_PASS param=256s count=35
KAT_VECTOR_PASS param=256s count=36
KAT_VECTOR_PASS param=256s count=37
KAT_VECTOR_PASS param=256s count=38
KAT_VECTOR_PASS param=256s count=39
KAT_VECTOR_PASS param=256s count=40
KAT_VECTOR_PASS param=256s count=41
KAT_VECTOR_PASS param=256s count=42
KAT_VECTOR_PASS param=256s count=43
KAT_VECTOR_PASS param=256s count=44
KAT_VECTOR_PASS param=256s count=45
KAT_VECTOR_PASS param=256s count=46
KAT_VECTOR_PASS param=256s count=47
KAT_VECTOR_PASS param=256s count=48
KAT_VECTOR_PASS param=256s count=49
KAT_VECTOR_PASS param=256s count=50
KAT_VECTOR_PASS param=256s count=51
KAT_VECTOR_PASS param=256s count=52
KAT_VECTOR_PASS param=256s count=53
KAT_VECTOR_PASS param=256s count=54
KAT_VECTOR_PASS param=256s count=55
KAT_VECTOR_PASS param=256s count=56
KAT_VECTOR_PASS param=256s count=57
KAT_VECTOR_PASS param=256s count=58
KAT_VECTOR_PASS param=256s count=59
KAT_VECTOR_PASS param=256s count=60
KAT_VECTOR_PASS param=256s count=61
KAT_VECTOR_PASS param=256s count=62
KAT_VECTOR_PASS param=256s count=63
KAT_VECTOR_PASS param=256s count=64
KAT_VECTOR_PASS param=256s count=65
KAT_VECTOR_PASS param=256s count=66
KAT_VECTOR_PASS param=256s count=67
KAT_VECTOR_PASS param=256s count=68
KAT_VECTOR_PASS param=256s count=69
KAT_VECTOR_PASS param=256s count=70
KAT_VECTOR_PASS param=256s count=71
KAT_VECTOR_PASS param=256s count=72
KAT_VECTOR_PASS param=256s count=73
KAT_VECTOR_PASS param=256s count=74
KAT_VECTOR_PASS param=256s count=75
KAT_VECTOR_PASS param=256s count=76
KAT_VECTOR_PASS param=256s count=77
KAT_VECTOR_PASS param=256s count=78
KAT_VECTOR_PASS param=256s count=79
KAT_VECTOR_PASS param=256s count=80
KAT_VECTOR_PASS param=256s count=81
KAT_VECTOR_PASS param=256s count=82
KAT_VECTOR_PASS param=256s count=83
KAT_VECTOR_PASS param=256s count=84
KAT_VECTOR_PASS param=256s count=85
KAT_VECTOR_PASS param=256s count=86
KAT_VECTOR_PASS param=256s count=87
KAT_VECTOR_PASS param=256s count=88
KAT_VECTOR_PASS param=256s count=89
KAT_VECTOR_PASS param=256s count=90
KAT_VECTOR_PASS param=256s count=91
KAT_VECTOR_PASS param=256s count=92
KAT_VECTOR_PASS param=256s count=93
KAT_VECTOR_PASS param=256s count=94
KAT_VECTOR_PASS param=256s count=95
KAT_VECTOR_PASS param=256s count=96
KAT_VECTOR_PASS param=256s count=97
KAT_VECTOR_PASS param=256s count=98
KAT_VECTOR_PASS param=256s count=99
KAT_PASS param=256s vectors=100
