toolchain/board/nucleo-n657x0-q/platform.c:42:5:m55_host_open_read	24	static
toolchain/board/nucleo-n657x0-q/platform.c:51:8:m55_host_read	16	static
toolchain/board/nucleo-n657x0-q/platform.c:66:5:m55_host_close	8	static
toolchain/board/nucleo-n657x0-q/platform.c:72:5:__wrap__write	152	static
toolchain/board/nucleo-n657x0-q/platform.c:98:5:__wrap__read	8	static
toolchain/board/nucleo-n657x0-q/platform.c:110:7:_sbrk	8	static
toolchain/board/nucleo-n657x0-q/platform.c:236:6:SysTick_Handler	4	static
toolchain/board/nucleo-n657x0-q/platform.c:328:10:m55_cycle_count	0	static
toolchain/board/nucleo-n657x0-q/platform.c:333:6:m55_measure_start	0	static
toolchain/board/nucleo-n657x0-q/platform.c:340:10:m55_measure_end	0	static
toolchain/board/nucleo-n657x0-q/platform.c:346:6:m55_measure_start64	12	static
toolchain/board/nucleo-n657x0-q/platform.c:351:10:m55_measure_end64	12	static
toolchain/board/nucleo-n657x0-q/platform.c:356:10:m55_cycle_count64	12	static
toolchain/board/nucleo-n657x0-q/platform.c:361:10:m55_icache_refill_count	0	static
toolchain/board/nucleo-n657x0-q/platform.c:366:10:m55_dcache_refill_count	0	static
toolchain/board/nucleo-n657x0-q/platform.c:371:10:m55_long_timer_hz	0	static
toolchain/board/nucleo-n657x0-q/platform.c:376:10:m55_cpu_hz	0	static
toolchain/board/nucleo-n657x0-q/platform.c:381:8:m55_static_ram_bytes	0	static
toolchain/board/nucleo-n657x0-q/platform.c:386:8:m55_stack_reserved_bytes	0	static
toolchain/board/nucleo-n657x0-q/platform.c:391:8:m55_stack_peak_bytes	0	static
toolchain/board/nucleo-n657x0-q/platform.c:406:8:m55_heap_capacity_bytes	0	static
toolchain/board/nucleo-n657x0-q/platform.c:411:8:m55_heap_peak_bytes	0	static
toolchain/board/nucleo-n657x0-q/platform.c:478:6:Error_Handler	4	static
toolchain/board/nucleo-n657x0-q/platform.c:422:5:__wrap_main	256	static
