Archive member included to satisfy reference by file (symbol)

/Users/seungwon/test/.tools/xpack-arm-none-eabi-gcc-15.2.1-1.1/bin/../lib/gcc/arm-none-eabi/15.2.1/../../../../arm-none-eabi/lib/thumb/v8-m.main+dp/hard/libc.a(libc_a-abort.o)
                              build/full/256f/ref/benchmark/rng.c.o (abort)
/Users/seungwon/test/.tools/xpack-arm-none-eabi-gcc-15.2.1-1.1/bin/../lib/gcc/arm-none-eabi/15.2.1/../../../../arm-none-eabi/lib/thumb/v8-m.main+dp/hard/libc.a(libc_a-atexit.o)
                              /Users/seungwon/test/.tools/xpack-arm-none-eabi-gcc-15.2.1-1.1/bin/../lib/gcc/arm-none-eabi/15.2.1/../../../../arm-none-eabi/lib/thumb/v8-m.main+dp/hard/crt0.o (atexit)
/Users/seungwon/test/.tools/xpack-arm-none-eabi-gcc-15.2.1-1.1/bin/../lib/gcc/arm-none-eabi/15.2.1/../../../../arm-none-eabi/lib/thumb/v8-m.main+dp/hard/libc.a(libc_a-calloc.o)
                              build/full/256f/ref/benchmark/sign.c.o (calloc)
/Users/seungwon/test/.tools/xpack-arm-none-eabi-gcc-15.2.1-1.1/bin/../lib/gcc/arm-none-eabi/15.2.1/../../../../arm-none-eabi/lib/thumb/v8-m.main+dp/hard/libc.a(libc_a-callocr.o)
                              /Users/seungwon/test/.tools/xpack-arm-none-eabi-gcc-15.2.1-1.1/bin/../lib/gcc/arm-none-eabi/15.2.1/../../../../arm-none-eabi/lib/thumb/v8-m.main+dp/hard/libc.a(libc_a-calloc.o) (_calloc_r)
/Users/seungwon/test/.tools/xpack-arm-none-eabi-gcc-15.2.1-1.1/bin/../lib/gcc/arm-none-eabi/15.2.1/../../../../arm-none-eabi/lib/thumb/v8-m.main+dp/hard/libc.a(libc_a-exit.o)
                              /Users/seungwon/test/.tools/xpack-arm-none-eabi-gcc-15.2.1-1.1/bin/../lib/gcc/arm-none-eabi/15.2.1/../../../../arm-none-eabi/lib/thumb/v8-m.main+dp/hard/crt0.o (exit)
/Users/seungwon/test/.tools/xpack-arm-none-eabi-gcc-15.2.1-1.1/bin/../lib/gcc/arm-none-eabi/15.2.1/../../../../arm-none-eabi/lib/thumb/v8-m.main+dp/hard/libc.a(libc_a-malloc.o)
                              build/full/256f/ref/benchmark/sign_low_memory.c.o (malloc)
/Users/seungwon/test/.tools/xpack-arm-none-eabi-gcc-15.2.1-1.1/bin/../lib/gcc/arm-none-eabi/15.2.1/../../../../arm-none-eabi/lib/thumb/v8-m.main+dp/hard/libc.a(libc_a-mallocr.o)
                              /Users/seungwon/test/.tools/xpack-arm-none-eabi-gcc-15.2.1-1.1/bin/../lib/gcc/arm-none-eabi/15.2.1/../../../../arm-none-eabi/lib/thumb/v8-m.main+dp/hard/libc.a(libc_a-callocr.o) (_malloc_r)
/Users/seungwon/test/.tools/xpack-arm-none-eabi-gcc-15.2.1-1.1/bin/../lib/gcc/arm-none-eabi/15.2.1/../../../../arm-none-eabi/lib/thumb/v8-m.main+dp/hard/libc.a(libc_a-mlock.o)
                              /Users/seungwon/test/.tools/xpack-arm-none-eabi-gcc-15.2.1-1.1/bin/../lib/gcc/arm-none-eabi/15.2.1/../../../../arm-none-eabi/lib/thumb/v8-m.main+dp/hard/libc.a(libc_a-mallocr.o) (__malloc_lock)
/Users/seungwon/test/.tools/xpack-arm-none-eabi-gcc-15.2.1-1.1/bin/../lib/gcc/arm-none-eabi/15.2.1/../../../../arm-none-eabi/lib/thumb/v8-m.main+dp/hard/libc.a(libc_a-fwrite.o)
                              build/full/256f/ref/benchmark/rng.c.o (fwrite)
/Users/seungwon/test/.tools/xpack-arm-none-eabi-gcc-15.2.1-1.1/bin/../lib/gcc/arm-none-eabi/15.2.1/../../../../arm-none-eabi/lib/thumb/v8-m.main+dp/hard/libc.a(libc_a-printf.o)
                              build/full/256f/ref/benchmark/benchmark.c.o (printf)
/Users/seungwon/test/.tools/xpack-arm-none-eabi-gcc-15.2.1-1.1/bin/../lib/gcc/arm-none-eabi/15.2.1/../../../../arm-none-eabi/lib/thumb/v8-m.main+dp/hard/libc.a(libc_a-puts.o)
                              build/full/256f/ref/benchmark/platform.c.o (puts)
/Users/seungwon/test/.tools/xpack-arm-none-eabi-gcc-15.2.1-1.1/bin/../lib/gcc/arm-none-eabi/15.2.1/../../../../arm-none-eabi/lib/thumb/v8-m.main+dp/hard/libc.a(libc_a-fflush.o)
                              build/full/256f/ref/benchmark/platform.c.o (fflush)
/Users/seungwon/test/.tools/xpack-arm-none-eabi-gcc-15.2.1-1.1/bin/../lib/gcc/arm-none-eabi/15.2.1/../../../../arm-none-eabi/lib/thumb/v8-m.main+dp/hard/libc.a(libc_a-findfp.o)
                              /Users/seungwon/test/.tools/xpack-arm-none-eabi-gcc-15.2.1-1.1/bin/../lib/gcc/arm-none-eabi/15.2.1/../../../../arm-none-eabi/lib/thumb/v8-m.main+dp/hard/libc.a(libc_a-fflush.o) (__sglue)
/Users/seungwon/test/.tools/xpack-arm-none-eabi-gcc-15.2.1-1.1/bin/../lib/gcc/arm-none-eabi/15.2.1/../../../../arm-none-eabi/lib/thumb/v8-m.main+dp/hard/libc.a(libc_a-memcmp.o)
                              build/full/256f/ref/benchmark/verify_batch.c.o (memcmp)
/Users/seungwon/test/.tools/xpack-arm-none-eabi-gcc-15.2.1-1.1/bin/../lib/gcc/arm-none-eabi/15.2.1/../../../../arm-none-eabi/lib/thumb/v8-m.main+dp/hard/libc.a(libc_a-memmove.o)
                              build/full/256f/ref/benchmark/verify_batch.c.o (memmove)
/Users/seungwon/test/.tools/xpack-arm-none-eabi-gcc-15.2.1-1.1/bin/../lib/gcc/arm-none-eabi/15.2.1/../../../../arm-none-eabi/lib/thumb/v8-m.main+dp/hard/libc.a(libc_a-memset.o)
[...]
Memory Configuration

Name             Origin             Length             Attributes
ROM              0x34180400         0x0003fc00         xrw
BOOTRAM          0x341c0000         0x00040000         xrw
HEAPRAM          0x34200000         0x001c0000         xrw
*default*        0x00000000         0xffffffff

Linker script and memory map

LOAD /Users/seungwon/test/.tools/xpack-arm-none-eabi-gcc-15.2.1-1.1/bin/../lib/gcc/arm-none-eabi/15.2.1/thumb/v8-m.main+dp/hard/crti.o
LOAD /Users/seungwon/test/.tools/xpack-arm-none-eabi-gcc-15.2.1-1.1/bin/../lib/gcc/arm-none-eabi/15.2.1/thumb/v8-m.main+dp/hard/crtbegin.o
LOAD /Users/seungwon/test/.tools/xpack-arm-none-eabi-gcc-15.2.1-1.1/bin/../lib/gcc/arm-none-eabi/15.2.1/../../../../arm-none-eabi/lib/thumb/v8-m.main+dp/hard/crt0.o
LOAD build/full/256f/ref/benchmark/benchmark.c.o
LOAD build/full/256f/ref/benchmark/sign_low_memory.c.o
LOAD build/full/256f/ref/benchmark/verify_batch.c.o
LOAD build/full/256f/ref/benchmark/field_batch.c.o
LOAD build/full/256f/ref/benchmark/mpc_batch.c.o
LOAD build/full/256f/ref/benchmark/aim3.c.o
LOAD build/full/256f/ref/benchmark/hash.c.o
LOAD build/full/256f/ref/benchmark/sign.c.o
LOAD build/full/256f/ref/benchmark/tree.c.o
LOAD build/full/256f/ref/benchmark/field_common.c.o
LOAD build/full/256f/ref/benchmark/field256.c.o
LOAD build/full/256f/ref/benchmark/aes.c.o
LOAD build/full/256f/ref/benchmark/fips202.c.o
LOAD build/full/256f/ref/benchmark/rng.c.o
LOAD build/full/256f/ref/benchmark/platform.c.o
LOAD build/full/256f/ref/benchmark/system_stm32n6xx_fsbl.c.o
LOAD build/full/256f/ref/benchmark/stm32n6xx_hal.c.o
LOAD build/full/256f/ref/benchmark/stm32n6xx_hal_cortex.c.o
LOAD build/full/256f/ref/benchmark/stm32n6xx_hal_pwr.c.o
LOAD build/full/256f/ref/benchmark/stm32n6xx_hal_pwr_ex.c.o
LOAD build/full/256f/ref/benchmark/stm32n6xx_hal_rcc.c.o
LOAD build/full/256f/ref/benchmark/stm32n6xx_hal_rcc_ex.c.o
LOAD build/full/256f/ref/benchmark/startup_stm32n657x0hxq_fsbl.s.o
LOAD /Users/seungwon/test/.tools/xpack-arm-none-eabi-gcc-15.2.1-1.1/bin/../lib/gcc/arm-none-eabi/15.2.1/../../../../arm-none-eabi/lib/thumb/v8-m.main+dp/hard/libc.a
LOAD /Users/seungwon/test/.tools/xpack-arm-none-eabi-gcc-15.2.1-1.1/bin/../lib/gcc/arm-none-eabi/15.2.1/../../../../arm-none-eabi/lib/thumb/v8-m.main+dp/hard/libm.a
START GROUP
LOAD /Users/seungwon/test/.tools/xpack-arm-none-eabi-gcc-15.2.1-1.1/bin/../lib/gcc/arm-none-eabi/15.2.1/thumb/v8-m.main+dp/hard/libgcc.a
LOAD /Users/seungwon/test/.tools/xpack-arm-none-eabi-gcc-15.2.1-1.1/bin/../lib/gcc/arm-none-eabi/15.2.1/../../../../arm-none-eabi/lib/thumb/v8-m.main+dp/hard/libc.a
END GROUP
START GROUP
LOAD /Users/seungwon/test/.tools/xpack-arm-none-eabi-gcc-15.2.1-1.1/bin/../lib/gcc/arm-none-eabi/15.2.1/thumb/v8-m.main+dp/hard/libgcc.a
LOAD /Users/seungwon/test/.tools/xpack-arm-none-eabi-gcc-15.2.1-1.1/bin/../lib/gcc/arm-none-eabi/15.2.1/../../../../arm-none-eabi/lib/thumb/v8-m.main+dp/hard/libc.a
LOAD /Users/seungwon/test/.tools/xpack-arm-none-eabi-gcc-15.2.1-1.1/bin/../lib/gcc/arm-none-eabi/15.2.1/../../../../arm-none-eabi/lib/thumb/v8-m.main+dp/hard/libnosys.a
END GROUP
LOAD /Users/seungwon/test/.tools/xpack-arm-none-eabi-gcc-15.2.1-1.1/bin/../lib/gcc/arm-none-eabi/15.2.1/thumb/v8-m.main+dp/hard/crtend.o
LOAD /Users/seungwon/test/.tools/xpack-arm-none-eabi-gcc-15.2.1-1.1/bin/../lib/gcc/arm-none-eabi/15.2.1/thumb/v8-m.main+dp/hard/crtn.o
                0x00001000                        _Min_Heap_Size = 0x1000
                0x00020000                        _Min_Stack_Size = 0x20000
                0x34200000                        _estack = (ORIGIN (BOOTRAM) + LENGTH (BOOTRAM))
                0x341e0000                        _sstack = (_estack - _Min_Stack_Size)

.isr_vector     0x34180400      0x34c
                0x34180400                        . = ALIGN (0x400)
 *(.isr_vector)
 .isr_vector    0x34180400      0x34c build/full/256f/ref/benchmark/startup_stm32n657x0hxq_fsbl.s.o
                0x34180400                g_pfnVectors
                0x3418074c                        . = ALIGN (0x4)

.text           0x34180750    0x12518
                0x34180750                        . = ALIGN (0x4)
 *(.text .text*)
 .text.__do_global_dtors_aux
                0x34180750       0x28 /Users/seungwon/test/.tools/xpack-arm-none-eabi-gcc-15.2.1-1.1/bin/../lib/gcc/arm-none-eabi/15.2.1/thumb/v8-m.main+dp/hard/crtbegin.o
 .text.frame_dummy
                0x34180778       0x1c /Users/seungwon/test/.tools/xpack-arm-none-eabi-gcc-15.2.1-1.1/bin/../lib/gcc/arm-none-eabi/15.2.1/thumb/v8-m.main+dp/hard/crtbegin.o
 .text.fill_field
                0x34180794       0xe4 build/full/256f/ref/benchmark/benchmark.c.o
 .text.print_stats
                0x34180878      0x1e4 build/full/256f/ref/benchmark/benchmark.c.o
 .text.run_e2e  0x34180a5c      0x1a8 build/full/256f/ref/benchmark/benchmark.c.o
 .text.benchmark_field_kernels
                0x34180c04     0x10b0 build/full/256f/ref/benchmark/benchmark.c.o
 .text.startup.main
                0x34181cb4      0x294 build/full/256f/ref/benchmark/benchmark.c.o
                0x34181cb4                main
 .text.__wrap_samsungsds_aimer_256f_ref_crypto_sign_signature
                0x34181f48      0xa60 build/full/256f/ref/benchmark/sign_low_memory.c.o
                0x34181f48                __wrap_samsungsds_aimer_256f_ref_crypto_sign_signature
 .text.m55_crypto_sign_verify_internal
                0x341829a8      0x6d8 build/full/256f/ref/benchmark/verify_batch.c.o
 .text.__wrap_samsungsds_aimer_256f_ref_crypto_sign_verify
                0x34183080       0x48 build/full/256f/ref/benchmark/verify_batch.c.o
                0x34183080                __wrap_samsungsds_aimer_256f_ref_crypto_sign_verify
 .text.m55_gf_mul_const_batch4
                0x341830c8       0x34 build/full/256f/ref/benchmark/field_batch.c.o
                0x341830c8                m55_gf_mul_const_batch4
 .text.m55_gf_frobenius_batch4
                0x341830fc       0x48 build/full/256f/ref/benchmark/field_batch.c.o
                0x341830fc                m55_gf_frobenius_batch4
 .text.m55_gf_sqr_batch4
                0x34183144       0x34 build/full/256f/ref/benchmark/field_batch.c.o
                0x34183144                m55_gf_sqr_batch4
 .text.m55_aim3_mpc_batch4
                0x34183178      0x238 build/full/256f/ref/benchmark/mpc_batch.c.o
                0x34183178                m55_aim3_mpc_batch4
 .text.squeeze_invertible_matrix
                0x341833b0      0x188 build/full/256f/ref/benchmark/aim3.c.o
 .text.samsungsds_aimer_256f_ref_aim3_generate_linear
                0x34183538       0x54 build/full/256f/ref/benchmark/aim3.c.o
                0x34183538                samsungsds_aimer_256f_ref_aim3_generate_linear
 .text.samsungsds_aimer_256f_ref_aim3_nozeroinpsb
                0x3418358c      0x18c build/full/256f/ref/benchmark/aim3.c.o
                0x3418358c                samsungsds_aimer_256f_ref_aim3_nozeroinpsb
 .text.samsungsds_aimer_256f_ref_aim3_sbox_outputs
                0x34183718       0x94 build/full/256f/ref/benchmark/aim3.c.o
                0x34183718                samsungsds_aimer_256f_ref_aim3_sbox_outputs
 .text.samsungsds_aimer_256f_ref_aim3_mpc
                0x341837ac      0x16c build/full/256f/ref/benchmark/aim3.c.o
                0x341837ac                samsungsds_aimer_256f_ref_aim3_mpc
 .text.samsungsds_aimer_256f_ref_hash_init
                0x34183918        0x4 build/full/256f/ref/benchmark/hash.c.o
                0x34183918                samsungsds_aimer_256f_ref_hash_init
 .text.samsungsds_aimer_256f_ref_hash_init_prefix
                0x3418391c       0x20 build/full/256f/ref/benchmark/hash.c.o
                0x3418391c                samsungsds_aimer_256f_ref_hash_init_prefix
 .text.samsungsds_aimer_256f_ref_hash_update
                0x3418393c        0x4 build/full/256f/ref/benchmark/hash.c.o
                0x3418393c                samsungsds_aimer_256f_ref_hash_update
 .text.samsungsds_aimer_256f_ref_hash_final
                0x34183940        0x4 build/full/256f/ref/benchmark/hash.c.o
                0x34183940                samsungsds_aimer_256f_ref_hash_final
 .text.samsungsds_aimer_256f_ref_hash_squeeze
                0x34183944        0xc build/full/256f/ref/benchmark/hash.c.o
                0x34183944                samsungsds_aimer_256f_ref_hash_squeeze
 .text.samsungsds_aimer_256f_ref_hash_ctx_release
                0x34183950        0x4 build/full/256f/ref/benchmark/hash.c.o
                0x34183950                samsungsds_aimer_256f_ref_hash_ctx_release
 .text.samsungsds_aimer_256f_ref_crypto_sign_keypair
                0x34183954       0xe8 build/full/256f/ref/benchmark/sign.c.o
                0x34183954                samsungsds_aimer_256f_ref_crypto_sign_keypair
 .text.samsungsds_aimer_256f_ref_expand_tree
                0x34183a3c       0x9c build/full/256f/ref/benchmark/tree.c.o
                0x34183a3c                samsungsds_aimer_256f_ref_expand_tree
 .text.samsungsds_aimer_256f_ref_reveal_all_but
                0x34183ad8       0x58 build/full/256f/ref/benchmark/tree.c.o
                0x34183ad8                samsungsds_aimer_256f_ref_reveal_all_but
 .text.samsungsds_aimer_256f_ref_reconstruct_tree
                0x34183b30      0x128 build/full/256f/ref/benchmark/tree.c.o
                0x34183b30                samsungsds_aimer_256f_ref_reconstruct_tree
 .text.samsungsds_aimer_256f_ref_gf_to_bytes
                0x34183c58       0xd0 build/full/256f/ref/benchmark/field_common.c.o
                0x34183c58                samsungsds_aimer_256f_ref_gf_to_bytes
 .text.samsungsds_aimer_256f_ref_gf_from_bytes
                0x34183d28      0x1ac build/full/256f/ref/benchmark/field_common.c.o
                0x34183d28                samsungsds_aimer_256f_ref_gf_from_bytes
 .text.samsungsds_aimer_256f_ref_gf_set0
                0x34183ed4        0x8 build/full/256f/ref/benchmark/field_common.c.o
                0x34183ed4                samsungsds_aimer_256f_ref_gf_set0
 .text.samsungsds_aimer_256f_ref_gf_is0
                0x34183edc       0x30 build/full/256f/ref/benchmark/field_common.c.o
                0x34183edc                samsungsds_aimer_256f_ref_gf_is0
 .text.samsungsds_aimer_256f_ref_gf_copy
                0x34183f0c       0x24 build/full/256f/ref/benchmark/field_common.c.o
                0x34183f0c                samsungsds_aimer_256f_ref_gf_copy
 .text.samsungsds_aimer_256f_ref_gf_add
                0x34183f30       0x60 build/full/256f/ref/benchmark/field_common.c.o
                0x34183f30                samsungsds_aimer_256f_ref_gf_add
 .text.samsungsds_aimer_256f_ref_gf_inv
                0x34183f90       0x74 build/full/256f/ref/benchmark/field_common.c.o
                0x34183f90                samsungsds_aimer_256f_ref_gf_inv
 .text.samsungsds_aimer_256f_ref_gf_mul_add
                0x34184004       0x50 build/full/256f/ref/benchmark/field_common.c.o
                0x34184004                samsungsds_aimer_256f_ref_gf_mul_add
 .text.samsungsds_aimer_256f_ref_gf_mat_vec_mul_add
                0x34184054       0x50 build/full/256f/ref/benchmark/field_common.c.o
                0x34184054                samsungsds_aimer_256f_ref_gf_mat_vec_mul_add
 .text.poly64_mul
                0x341840a4     0x100c build/full/256f/ref/benchmark/field256.c.o
 .text.samsungsds_aimer_256f_ref_gf_mul
                0x341850b0      0x3ec build/full/256f/ref/benchmark/field256.c.o
                0x341850b0                samsungsds_aimer_256f_ref_gf_mul
 .text.samsungsds_aimer_256f_ref_gf_sqr
                0x3418549c      0x5e0 build/full/256f/ref/benchmark/field256.c.o
                0x3418549c                samsungsds_aimer_256f_ref_gf_sqr
 .text.samsungsds_aimer_256f_ref_gf_mat_vec_mul
                0x34185a7c      0x288 build/full/256f/ref/benchmark/field256.c.o
                0x34185a7c                samsungsds_aimer_256f_ref_gf_mat_vec_mul
 .text.br_aes_ct64_bitslice_Sbox
                0x34185d04      0x4ec build/full/256f/ref/benchmark/aes.c.o
 .text.br_aes_ct64_ortho
                0x341861f0      0x3f8 build/full/256f/ref/benchmark/aes.c.o
 .text.aes_ecb4x.constprop.0
                0x341865e8     0x1274 build/full/256f/ref/benchmark/aes.c.o
 .text.aes256_ecb_keyexp
                0x3418785c      0x33c build/full/256f/ref/benchmark/aes.c.o
                0x3418785c                aes256_ecb_keyexp
 .text.aes256_ecb
                0x34187b98       0xa4 build/full/256f/ref/benchmark/aes.c.o
                0x34187b98                aes256_ecb
 .text.aes256_ctx_release
                0x34187c3c        0x8 build/full/256f/ref/benchmark/aes.c.o
                0x34187c3c                aes256_ctx_release
 .text.KeccakF1600_StatePermute
                0x34187c44      0xef4 build/full/256f/ref/benchmark/fips202.c.o
 .text.keccak_inc_absorb
                0x34188b38      0x124 build/full/256f/ref/benchmark/fips202.c.o
 .text.shake256_inc_init
                0x34188c5c       0x28 build/full/256f/ref/benchmark/fips202.c.o
                0x34188c5c                shake256_inc_init
 .text.shake256_inc_absorb
                0x34188c84        0xc build/full/256f/ref/benchmark/fips202.c.o
                0x34188c84                shake256_inc_absorb
 .text.shake256_inc_finalize
                0x34188c90       0x48 build/full/256f/ref/benchmark/fips202.c.o
                0x34188c90                shake256_inc_finalize
 .text.shake256_inc_squeeze
                0x34188cd8      0x114 build/full/256f/ref/benchmark/fips202.c.o
                0x34188cd8                shake256_inc_squeeze
 .text.shake256_inc_ctx_release
                0x34188dec        0x8 build/full/256f/ref/benchmark/fips202.c.o
                0x34188dec                shake256_inc_ctx_release
 .text.randombytes
                0x34188df4      0x350 build/full/256f/ref/benchmark/rng.c.o
                0x34188df4                randombytes
 .text.AES256_CTR_DRBG_Update
                0x34189144      0x15c build/full/256f/ref/benchmark/rng.c.o
                0x34189144                AES256_CTR_DRBG_Update
 .text.randombytes_init
                0x341892a0       0x88 build/full/256f/ref/benchmark/rng.c.o
                0x341892a0                randombytes_init
 .text.__wrap__write
                0x34189328       0x58 build/full/256f/ref/benchmark/platform.c.o
                0x34189328                __wrap__write
 .text.__wrap__read
                0x34189380       0x14 build/full/256f/ref/benchmark/platform.c.o
                0x34189380                __wrap__read
 .text._sbrk    0x34189394       0x6c build/full/256f/ref/benchmark/platform.c.o
                0x34189394                _sbrk
 .text.SysTick_Handler
                0x34189400       0x24 build/full/256f/ref/benchmark/platform.c.o
                0x34189400                SysTick_Handler
 .text.m55_measure_start
                0x34189424       0x1c build/full/256f/ref/benchmark/platform.c.o
                0x34189424                m55_measure_start
 .text.m55_measure_end
                0x34189440       0x14 build/full/256f/ref/benchmark/platform.c.o
                0x34189440                m55_measure_end
 .text.m55_measure_start64
                0x34189454       0x8c build/full/256f/ref/benchmark/platform.c.o
                0x34189454                m55_measure_start64
 .text.m55_measure_end64
                0x341894e0       0x94 build/full/256f/ref/benchmark/platform.c.o
                0x341894e0                m55_measure_end64
 .text.m55_long_timer_hz
                0x34189574        0xc build/full/256f/ref/benchmark/platform.c.o
                0x34189574                m55_long_timer_hz
 .text.m55_cpu_hz
                0x34189580        0xc build/full/256f/ref/benchmark/platform.c.o
                0x34189580                m55_cpu_hz
 .text.m55_static_ram_bytes
                0x3418958c       0x10 build/full/256f/ref/benchmark/platform.c.o
                0x3418958c                m55_static_ram_bytes
 .text.m55_stack_reserved_bytes
                0x3418959c       0x10 build/full/256f/ref/benchmark/platform.c.o
                0x3418959c                m55_stack_reserved_bytes
 .text.m55_stack_peak_bytes
                0x341895ac       0x2c build/full/256f/ref/benchmark/platform.c.o
                0x341895ac                m55_stack_peak_bytes
 .text.m55_heap_capacity_bytes
                0x341895d8       0x10 build/full/256f/ref/benchmark/platform.c.o
                0x341895d8                m55_heap_capacity_bytes
 .text.m55_heap_peak_bytes
                0x341895e8       0x18 build/full/256f/ref/benchmark/platform.c.o
                0x341895e8                m55_heap_peak_bytes
 .text.Error_Handler
                0x34189600       0x20 build/full/256f/ref/benchmark/platform.c.o
                0x34189600                Error_Handler
 .text.__wrap_main
                0x34189620      0x340 build/full/256f/ref/benchmark/platform.c.o
                0x34189620                __wrap_main
 .text.SystemInit
                0x34189960      0x16c build/full/256f/ref/benchmark/system_stm32n6xx_fsbl.c.o
                0x34189960                SystemInit
 .text.SystemCoreClockUpdate
                0x34189acc      0x1e4 build/full/256f/ref/benchmark/system_stm32n6xx_fsbl.c.o
                0x34189acc                SystemCoreClockUpdate
 .text.SECURE_SystemCoreClockUpdate
                0x34189cb0      0x1e0 build/full/256f/ref/benchmark/system_stm32n6xx_fsbl.c.o
                0x34189cb0                __acle_se_SECURE_SystemCoreClockUpdate
 .text.HAL_MspInit
                0x34189e90        0x4 build/full/256f/ref/benchmark/stm32n6xx_hal.c.o
                0x34189e90                HAL_MspInit
 .text.HAL_InitTick
                0x34189e94       0x54 build/full/256f/ref/benchmark/stm32n6xx_hal.c.o
                0x34189e94                HAL_InitTick
 .text.HAL_Init
                0x34189ee8       0x28 build/full/256f/ref/benchmark/stm32n6xx_hal.c.o
                0x34189ee8                HAL_Init
 .text.HAL_GetTick
                0x34189f10        0xc build/full/256f/ref/benchmark/stm32n6xx_hal.c.o
                0x34189f10                HAL_GetTick
 .text.HAL_NVIC_SetPriorityGrouping
                0x34189f1c       0x24 build/full/256f/ref/benchmark/stm32n6xx_hal_cortex.c.o
                0x34189f1c                HAL_NVIC_SetPriorityGrouping
 .text.HAL_NVIC_SetPriority
                0x34189f40       0x64 build/full/256f/ref/benchmark/stm32n6xx_hal_cortex.c.o
                0x34189f40                HAL_NVIC_SetPriority
 .text.HAL_SYSTICK_Config
                0x34189fa4       0x30 build/full/256f/ref/benchmark/stm32n6xx_hal_cortex.c.o
                0x34189fa4                HAL_SYSTICK_Config
 .text.HAL_PWREx_ConfigSupply
                0x34189fd4       0x34 build/full/256f/ref/benchmark/stm32n6xx_hal_pwr_ex.c.o
                0x34189fd4                HAL_PWREx_ConfigSupply
 .text.HAL_PWREx_ControlVoltageScaling
                0x3418a008       0x34 build/full/256f/ref/benchmark/stm32n6xx_hal_pwr_ex.c.o
                0x3418a008                HAL_PWREx_ControlVoltageScaling
 .text.RCC_IC_CheckPLLSources
                0x3418a03c       0xcc build/full/256f/ref/benchmark/stm32n6xx_hal_rcc.c.o
 .text.RCC_PLL_Config
                0x3418a108      0x1a0 build/full/256f/ref/benchmark/stm32n6xx_hal_rcc.c.o
 .text.HAL_RCC_OscConfig
                0x3418a2a8      0x984 build/full/256f/ref/benchmark/stm32n6xx_hal_rcc.c.o
                0x3418a2a8                HAL_RCC_OscConfig
 .text.HAL_RCC_GetCpuClockFreq
                0x3418ac2c       0xb4 build/full/256f/ref/benchmark/stm32n6xx_hal_rcc.c.o
                0x3418ac2c                HAL_RCC_GetCpuClockFreq
 .text.HAL_RCC_ClockConfig
                0x3418ace0      0x2f8 build/full/256f/ref/benchmark/stm32n6xx_hal_rcc.c.o
                0x3418ace0                HAL_RCC_ClockConfig
 .text.HAL_RCC_GetClockConfig
                0x3418afd8       0x88 build/full/256f/ref/benchmark/stm32n6xx_hal_rcc.c.o
                0x3418afd8                HAL_RCC_GetClockConfig
 .text.HAL_RCCEx_GetPLL1CLKFreq
                0x3418b060      0x174 build/full/256f/ref/benchmark/stm32n6xx_hal_rcc_ex.c.o
                0x3418b060                HAL_RCCEx_GetPLL1CLKFreq
 .text.HAL_RCCEx_GetPLL2CLKFreq
                0x3418b1d4      0x174 build/full/256f/ref/benchmark/stm32n6xx_hal_rcc_ex.c.o
                0x3418b1d4                HAL_RCCEx_GetPLL2CLKFreq
 .text.HAL_RCCEx_GetPLL3CLKFreq
                0x3418b348      0x174 build/full/256f/ref/benchmark/stm32n6xx_hal_rcc_ex.c.o
                0x3418b348                HAL_RCCEx_GetPLL3CLKFreq
 .text.HAL_RCCEx_GetPLL4CLKFreq
                0x3418b4bc      0x174 build/full/256f/ref/benchmark/stm32n6xx_hal_rcc_ex.c.o
                0x3418b4bc                HAL_RCCEx_GetPLL4CLKFreq
 .text.Reset_Handler
                0x3418b630       0x5c build/full/256f/ref/benchmark/startup_stm32n657x0hxq_fsbl.s.o
                0x3418b630                Reset_Handler
 .text.Default_Handler
                0x3418b68c        0x2 build/full/256f/ref/benchmark/startup_stm32n657x0hxq_fsbl.s.o
                0x3418b68c                HASH_IRQHandler
                0x3418b68c                EXTI2_IRQHandler
                0x3418b68c                MCE2_IRQHandler
                0x3418b68c                TIM8_CC_IRQHandler
                0x3418b68c                USB2_OTG_HS_IRQHandler
                0x3418b68c                SAI1_A_IRQHandler
                0x3418b68c                EXTI5_IRQHandler
                0x3418b68c                I3C1_ER_IRQHandler
                0x3418b68c                DebugMon_Handler
                0x3418b68c                UART8_IRQHandler
                0x3418b68c                CTI_INT0_IRQHandler
                0x3418b68c                SPI4_IRQHandler
                0x3418b68c                LTDC_LO_IRQHandler
                0x3418b68c                NPU2_IRQHandler
                0x3418b68c                FDCAN3_IT0_IRQHandler
                0x3418b68c                EXTI13_IRQHandler
                0x3418b68c                TIM1_CC_IRQHandler
                0x3418b68c                XSPI1_IRQHandler
                0x3418b68c                HardFault_Handler
                0x3418b68c                TIM10_IRQHandler
                0x3418b68c                JPEG_IRQHandler
                0x3418b68c                TAMP_IRQHandler
                0x3418b68c                CACHE_ECC_IRQHandler
                0x3418b68c                TIM6_IRQHandler
                0x3418b68c                CSI_IRQHandler
                0x3418b68c                EXTI12_IRQHandler
                0x3418b68c                GFXTIM_IRQHandler
                0x3418b68c                PendSV_Handler
                0x3418b68c                NMI_Handler
                0x3418b68c                EXTI3_IRQHandler
                0x3418b68c                LPTIM4_IRQHandler
                0x3418b68c                GPDMA1_Channel5_IRQHandler
                0x3418b68c                EXTI8_IRQHandler
                0x3418b68c                LPTIM2_IRQHandler
                0x3418b68c                GFXMMU_IRQHandler
                0x3418b68c                LTDC_LO_ERR_IRQHandler
                0x3418b68c                I2C3_ER_IRQHandler
                0x3418b68c                RIFSC_TAMPER_IRQHandler
                0x3418b68c                USART10_IRQHandler
                0x3418b68c                MDF1_FLT2_IRQHandler
                0x3418b68c                LPTIM3_IRQHandler
                0x3418b68c                SAI2_A_IRQHandler
                0x3418b68c                EXTI0_IRQHandler
                0x3418b68c                HPDMA1_Channel9_IRQHandler
                0x3418b68c                I2C2_EV_IRQHandler
                0x3418b68c                GPU2D_IRQHandler
                0x3418b68c                FPU_IRQHandler
                0x3418b68c                GPDMA1_Channel3_IRQHandler
                0x3418b68c                GPDMA1_Channel7_IRQHandler
                0x3418b68c                MDF1_FLT4_IRQHandler
                0x3418b68c                FDCAN1_IT1_IRQHandler
                0x3418b68c                HPDMA1_Channel3_IRQHandler
                0x3418b68c                UsageFault_Handler
                0x3418b68c                ADC1_2_IRQHandler
                0x3418b68c                GPDMA1_Channel9_IRQHandler
                0x3418b68c                SPI1_IRQHandler
                0x3418b68c                CACHEAXI_IRQHandler
                0x3418b68c                SAI1_B_IRQHandler
                0x3418b68c                GPDMA1_Channel2_IRQHandler
                0x3418b68c                PAHB_ERR_IRQHandler
                0x3418b68c                TIM8_UP_IRQHandler
                0x3418b68c                RCC_S_IRQHandler
                0x3418b68c                MDF1_FLT1_IRQHandler
                0x3418b68c                LTDC_UP_IRQHandler
                0x3418b68c                LOCKUP_IRQHandler
                0x3418b68c                PKA_IRQHandler
                0x3418b68c                USART6_IRQHandler
                0x3418b68c                HPDMA1_Channel2_IRQHandler
                0x3418b68c                MDF1_FLT5_IRQHandler
                0x3418b68c                MCE4_IRQHandler
                0x3418b68c                I3C2_ER_IRQHandler
                0x3418b68c                EXTI15_IRQHandler
                0x3418b68c                TIM17_IRQHandler
                0x3418b68c                USART3_IRQHandler
                0x3418b68c                HPDMA1_Channel6_IRQHandler
                0x3418b68c                CRYP_IRQHandler
                0x3418b68c                RTC_IRQHandler
                0x3418b68c                XSPI2_IRQHandler
                0x3418b68c                EXTI9_IRQHandler
                0x3418b68c                IAC_IRQHandler
                0x3418b68c                HPDMA1_Channel0_IRQHandler
                0x3418b68c                LPTIM5_IRQHandler
                0x3418b68c                HPDMA1_Channel1_IRQHandler
                0x3418b68c                UART5_IRQHandler
                0x3418b68c                TIM4_IRQHandler
                0x3418b68c                NPU3_IRQHandler
                0x3418b68c                I3C2_EV_IRQHandler
                0x3418b68c                I2C1_EV_IRQHandler
                0x3418b68c                FDCAN_CU_IRQHandler
                0x3418b68c                GPDMA1_Channel12_IRQHandler
                0x3418b68c                HPDMA1_Channel7_IRQHandler
                0x3418b68c                GPDMA1_Channel1_IRQHandler
                0x3418b68c                TIM16_IRQHandler
                0x3418b68c                GPDMA1_Channel15_IRQHandler
                0x3418b68c                UART4_IRQHandler
                0x3418b68c                SecureFault_Handler
                0x3418b68c                TCM_ECC_IRQHandler
                0x3418b68c                TIM3_IRQHandler
                0x3418b68c                RCC_IRQHandler
                0x3418b68c                UART9_IRQHandler
                0x3418b68c                NPU1_IRQHandler
                0x3418b68c                SAI2_B_IRQHandler
                0x3418b68c                Default_Handler
                0x3418b68c                GPDMA1_Channel8_IRQHandler
                0x3418b68c                HPDMA1_Channel8_IRQHandler
                0x3418b68c                TIM18_IRQHandler
                0x3418b68c                TIM14_IRQHandler
                0x3418b68c                TIM13_IRQHandler
                0x3418b68c                CTI_INT1_IRQHandler
                0x3418b68c                GPDMA1_Channel11_IRQHandler
                0x3418b68c                GPU2D_ER_IRQHandler
                0x3418b68c                SPI5_IRQHandler
                0x3418b68c                TIM12_IRQHandler
                0x3418b68c                TIM7_IRQHandler
                0x3418b68c                FDCAN3_IT1_IRQHandler
                0x3418b68c                HPDMA1_Channel10_IRQHandler
                0x3418b68c                SDMMC1_IRQHandler
                0x3418b68c                SAES_IRQHandler
                0x3418b68c                TIM5_IRQHandler
                0x3418b68c                UCPD1_IRQHandler
                0x3418b68c                GPDMA1_Channel0_IRQHandler
                0x3418b68c                I3C1_EV_IRQHandler
                0x3418b68c                HPDMA1_Channel5_IRQHandler
                0x3418b68c                TIM15_IRQHandler
                0x3418b68c                I2C3_EV_IRQHandler
                0x3418b68c                HPDMA1_Channel4_IRQHandler
                0x3418b68c                HPDMA1_Channel15_IRQHandler
                0x3418b68c                TIM9_IRQHandler
                0x3418b68c                ETH1_IRQHandler
                0x3418b68c                USB1_OTG_HS_IRQHandler
                0x3418b68c                PVD_PVM_IRQHandler
                0x3418b68c                SPI2_IRQHandler
                0x3418b68c                TIM1_TRG_CCU_IRQHandler
                0x3418b68c                HPDMA1_Channel11_IRQHandler
                0x3418b68c                MemManage_Handler
                0x3418b68c                EXTI14_IRQHandler
                0x3418b68c                EXTI11_IRQHandler
                0x3418b68c                VENC_IRQHandler
                0x3418b68c                SVC_Handler
                0x3418b68c                GPDMA1_Channel14_IRQHandler
                0x3418b68c                EXTI4_IRQHandler
                0x3418b68c                RTC_S_IRQHandler
                0x3418b68c                GPDMA1_Channel13_IRQHandler
                0x3418b68c                RNG_IRQHandler
                0x3418b68c                XSPI3_IRQHandler
                0x3418b68c                FDCAN2_IT1_IRQHandler
                0x3418b68c                TIM1_UP_IRQHandler
                0x3418b68c                NPU0_IRQHandler
                0x3418b68c                BCK_ECC_IRQHandler
                0x3418b68c                WWDG_IRQHandler
                0x3418b68c                SPI6_IRQHandler
                0x3418b68c                MDIOS_IRQHandler
                0x3418b68c                I2C4_EV_IRQHandler
                0x3418b68c                FDCAN2_IT0_IRQHandler
                0x3418b68c                IWDG_IRQHandler
                0x3418b68c                HPDMA1_Channel14_IRQHandler
                0x3418b68c                LPUART1_IRQHandler
                0x3418b68c                FDCAN1_IT0_IRQHandler
                0x3418b68c                MDF1_FLT0_IRQHandler
                0x3418b68c                TIM2_IRQHandler
                0x3418b68c                MCE3_IRQHandler
                0x3418b68c                GPDMA1_Channel4_IRQHandler
                0x3418b68c                EXTI7_IRQHandler
                0x3418b68c                DMA2D_IRQHandler
                0x3418b68c                TIM1_BRK_IRQHandler
                0x3418b68c                EXTI1_IRQHandler
                0x3418b68c                SDMMC2_IRQHandler
                0x3418b68c                TIM11_IRQHandler
                0x3418b68c                LTDC_UP_ERR_IRQHandler
                0x3418b68c                UART7_IRQHandler
                0x3418b68c                DTS_IRQHandler
                0x3418b68c                MDF1_FLT3_IRQHandler
                0x3418b68c                USART2_IRQHandler
                0x3418b68c                GPDMA1_Channel6_IRQHandler
                0x3418b68c                ADF1_FLT0_IRQHandler
                0x3418b68c                I2C2_ER_IRQHandler
                0x3418b68c                MCE1_IRQHandler
                0x3418b68c                SPDIFRX_IRQHandler
                0x3418b68c                TIM8_BRK_IRQHandler
                0x3418b68c                HPDMA1_Channel12_IRQHandler
                0x3418b68c                BusFault_Handler
                0x3418b68c                USART1_IRQHandler
                0x3418b68c                EXTI10_IRQHandler
                0x3418b68c                SPI3_IRQHandler
                0x3418b68c                WAKEUP_PIN_IRQHandler
                0x3418b68c                DCMIPP_IRQHandler
                0x3418b68c                I2C1_ER_IRQHandler
                0x3418b68c                FMC_IRQHandler
                0x3418b68c                EXTI6_IRQHandler
                0x3418b68c                LPTIM1_IRQHandler
                0x3418b68c                DCMI_PSSI_IRQHandler
                0x3418b68c                TIM8_TRG_CCU_IRQHandler
                0x3418b68c                I2C4_ER_IRQHandler
                0x3418b68c                GPDMA1_Channel10_IRQHandler
                0x3418b68c                ICACHE_IRQHandler
                0x3418b68c                HPDMA1_Channel13_IRQHandler
 *fill*         0x3418b68e        0x2 
 .text.abort    0x3418b690       0x10 /Users/seungwon/test/.tools/xpack-arm-none-eabi-gcc-15.2.1-1.1/bin/../lib/gcc/arm-none-eabi/15.2.1/../../../../arm-none-eabi/lib/thumb/v8-m.main+dp/hard/libc.a(libc_a-abort.o)
                0x3418b690                abort
 .text.atexit   0x3418b6a0        0xc /Users/seungwon/test/.tools/xpack-arm-none-eabi-gcc-15.2.1-1.1/bin/../lib/gcc/arm-none-eabi/15.2.1/../../../../arm-none-eabi/lib/thumb/v8-m.main+dp/hard/libc.a(libc_a-atexit.o)
                0x3418b6a0                atexit
 .text._calloc_r
                0x3418b6ac       0x7c /Users/seungwon/test/.tools/xpack-arm-none-eabi-gcc-15.2.1-1.1/bin/../lib/gcc/arm-none-eabi/15.2.1/../../../../arm-none-eabi/lib/thumb/v8-m.main+dp/hard/libc.a(libc_a-callocr.o)
                0x3418b6ac                _calloc_r
 .text.exit     0x3418b728       0x1c /Users/seungwon/test/.tools/xpack-arm-none-eabi-gcc-15.2.1-1.1/bin/../lib/gcc/arm-none-eabi/15.2.1/../../../../arm-none-eabi/lib/thumb/v8-m.main+dp/hard/libc.a(libc_a-exit.o)
                0x3418b728                exit
 .text.malloc   0x3418b744       0x10 /Users/seungwon/test/.tools/xpack-arm-none-eabi-gcc-15.2.1-1.1/bin/../lib/gcc/arm-none-eabi/15.2.1/../../../../arm-none-eabi/lib/thumb/v8-m.main+dp/hard/libc.a(libc_a-malloc.o)
                0x3418b744                malloc
 .text.free     0x3418b754       0x10 /Users/seungwon/test/.tools/xpack-arm-none-eabi-gcc-15.2.1-1.1/bin/../lib/gcc/arm-none-eabi/15.2.1/../../../../arm-none-eabi/lib/thumb/v8-m.main+dp/hard/libc.a(libc_a-malloc.o)
                0x3418b754                free
 .text._malloc_r
                0x3418b764      0x5a8 /Users/seungwon/test/.tools/xpack-arm-none-eabi-gcc-15.2.1-1.1/bin/../lib/gcc/arm-none-eabi/15.2.1/../../../../arm-none-eabi/lib/thumb/v8-m.main+dp/hard/libc.a(libc_a-mallocr.o)
                0x3418b764                _malloc_r
 .text.__malloc_lock
                0x3418bd0c        0xc /Users/seungwon/test/.tools/xpack-arm-none-eabi-gcc-15.2.1-1.1/bin/../lib/gcc/arm-none-eabi/15.2.1/../../../../arm-none-eabi/lib/thumb/v8-m.main+dp/hard/libc.a(libc_a-mlock.o)
                0x3418bd0c                __malloc_lock
 .text.__malloc_unlock
                0x3418bd18        0xc /Users/seungwon/test/.tools/xpack-arm-none-eabi-gcc-15.2.1-1.1/bin/../lib/gcc/arm-none-eabi/15.2.1/../../../../arm-none-eabi/lib/thumb/v8-m.main+dp/hard/libc.a(libc_a-mlock.o)
                0x3418bd18                __malloc_unlock
 .text.printf   0x3418bd24       0x28 /Users/seungwon/test/.tools/xpack-arm-none-eabi-gcc-15.2.1-1.1/bin/../lib/gcc/arm-none-eabi/15.2.1/../../../../arm-none-eabi/lib/thumb/v8-m.main+dp/hard/libc.a(libc_a-printf.o)
                0x3418bd24                printf
 .text._puts_r  0x3418bd4c       0xc0 /Users/seungwon/test/.tools/xpack-arm-none-eabi-gcc-15.2.1-1.1/bin/../lib/gcc/arm-none-eabi/15.2.1/../../../../arm-none-eabi/lib/thumb/v8-m.main+dp/hard/libc.a(libc_a-puts.o)
                0x3418bd4c                _puts_r
 .text.puts     0x3418be0c       0x10 /Users/seungwon/test/.tools/xpack-arm-none-eabi-gcc-15.2.1-1.1/bin/../lib/gcc/arm-none-eabi/15.2.1/../../../../arm-none-eabi/lib/thumb/v8-m.main+dp/hard/libc.a(libc_a-puts.o)
                0x3418be0c                puts
 .text.__sflush_r
                0x3418be1c      0x134 /Users/seungwon/test/.tools/xpack-arm-none-eabi-gcc-15.2.1-1.1/bin/../lib/gcc/arm-none-eabi/15.2.1/../../../../arm-none-eabi/lib/thumb/v8-m.main+dp/hard/libc.a(libc_a-fflush.o)
                0x3418be1c                __sflush_r
 .text._fflush_r
                0x3418bf50       0x70 /Users/seungwon/test/.tools/xpack-arm-none-eabi-gcc-15.2.1-1.1/bin/../lib/gcc/arm-none-eabi/15.2.1/../../../../arm-none-eabi/lib/thumb/v8-m.main+dp/hard/libc.a(libc_a-fflush.o)
                0x3418bf50                _fflush_r
 .text.fflush   0x3418bfc0       0x90 /Users/seungwon/test/.tools/xpack-arm-none-eabi-gcc-15.2.1-1.1/bin/../lib/gcc/arm-none-eabi/15.2.1/../../../../arm-none-eabi/lib/thumb/v8-m.main+dp/hard/libc.a(libc_a-fflush.o)
                0x3418bfc0                fflush
 .text.stdio_exit_handler
                0x3418c050       0x18 /Users/seungwon/test/.tools/xpack-arm-none-eabi-gcc-15.2.1-1.1/bin/../lib/gcc/arm-none-eabi/15.2.1/../../../../arm-none-eabi/lib/thumb/v8-m.main+dp/hard/libc.a(libc_a-findfp.o)
 .text.cleanup_stdio
                0x3418c068       0x40 /Users/seungwon/test/.tools/xpack-arm-none-eabi-gcc-15.2.1-1.1/bin/../lib/gcc/arm-none-eabi/15.2.1/../../../../arm-none-eabi/lib/thumb/v8-m.main+dp/hard/libc.a(libc_a-findfp.o)
 .text.global_stdio_init.part.0
                0x3418c0a8       0xf0 /Users/seungwon/test/.tools/xpack-arm-none-eabi-gcc-15.2.1-1.1/bin/../lib/gcc/arm-none-eabi/15.2.1/../../../../arm-none-eabi/lib/thumb/v8-m.main+dp/hard/libc.a(libc_a-findfp.o)
 .text.__sinit  0x3418c198       0x3c /Users/seungwon/test/.tools/xpack-arm-none-eabi-gcc-15.2.1-1.1/bin/../lib/gcc/arm-none-eabi/15.2.1/../../../../arm-none-eabi/lib/thumb/v8-m.main+dp/hard/libc.a(libc_a-findfp.o)
                0x3418c198                __sinit
 .text.__sfp_lock_acquire
                0x3418c1d4        0xc /Users/seungwon/test/.tools/xpack-arm-none-eabi-gcc-15.2.1-1.1/bin/../lib/gcc/arm-none-eabi/15.2.1/../../../../arm-none-eabi/lib/thumb/v8-m.main+dp/hard/libc.a(libc_a-findfp.o)
                0x3418c1d4                __sfp_lock_acquire
 .text.__sfp_lock_release
                0x3418c1e0        0xc /Users/seungwon/test/.tools/xpack-arm-none-eabi-gcc-15.2.1-1.1/bin/../lib/gcc/arm-none-eabi/15.2.1/../../../../arm-none-eabi/lib/thumb/v8-m.main+dp/hard/libc.a(libc_a-findfp.o)
                0x3418c1e0                __sfp_lock_release
 .text.memcmp   0x3418c1ec       0x80 /Users/seungwon/test/.tools/xpack-arm-none-eabi-gcc-15.2.1-1.1/bin/../lib/gcc/arm-none-eabi/15.2.1/../../../../arm-none-eabi/lib/thumb/v8-m.main+dp/hard/libc.a(libc_a-memcmp.o)
                0x3418c1ec                memcmp
 .text.memmove  0x3418c26c      0x124 /Users/seungwon/test/.tools/xpack-arm-none-eabi-gcc-15.2.1-1.1/bin/../lib/gcc/arm-none-eabi/15.2.1/../../../../arm-none-eabi/lib/thumb/v8-m.main+dp/hard/libc.a(libc_a-memmove.o)
                0x3418c26c                memmove
 .text.memset   0x3418c390       0x88 /Users/seungwon/test/.tools/xpack-arm-none-eabi-gcc-15.2.1-1.1/bin/../lib/gcc/arm-none-eabi/15.2.1/../../../../arm-none-eabi/lib/thumb/v8-m.main+dp/hard/libc.a(libc_a-memset.o)
                0x3418c390                memset
 .text.raise    0x3418c418       0x64 /Users/seungwon/test/.tools/xpack-arm-none-eabi-gcc-15.2.1-1.1/bin/../lib/gcc/arm-none-eabi/15.2.1/../../../../arm-none-eabi/lib/thumb/v8-m.main+dp/hard/libc.a(libc_a-signal.o)
                0x3418c418                raise
 .text._kill_r  0x3418c47c       0x28 /Users/seungwon/test/.tools/xpack-arm-none-eabi-gcc-15.2.1-1.1/bin/../lib/gcc/arm-none-eabi/15.2.1/../../../../arm-none-eabi/lib/thumb/v8-m.main+dp/hard/libc.a(libc_a-signalr.o)
                0x3418c47c                _kill_r
 .text._getpid_r
                0x3418c4a4        0x4 /Users/seungwon/test/.tools/xpack-arm-none-eabi-gcc-15.2.1-1.1/bin/../lib/gcc/arm-none-eabi/15.2.1/../../../../arm-none-eabi/lib/thumb/v8-m.main+dp/hard/libc.a(libc_a-signalr.o)
                0x3418c4a4                _getpid_r
 .text._sbrk_r  0x3418c4a8       0x24 /Users/seungwon/test/.tools/xpack-arm-none-eabi-gcc-15.2.1-1.1/bin/../lib/gcc/arm-none-eabi/15.2.1/../../../../arm-none-eabi/lib/thumb/v8-m.main+dp/hard/libc.a(libc_a-sbrkr.o)
                0x3418c4a8                _sbrk_r
 .text.__errno  0x3418c4cc        0xc /Users/seungwon/test/.tools/xpack-arm-none-eabi-gcc-15.2.1-1.1/bin/../lib/gcc/arm-none-eabi/15.2.1/../../../../arm-none-eabi/lib/thumb/v8-m.main+dp/hard/libc.a(libc_a-errno.o)
                0x3418c4cc                __errno
 .text.sysconf  0x3418c4d8       0x1c /Users/seungwon/test/.tools/xpack-arm-none-eabi-gcc-15.2.1-1.1/bin/../lib/gcc/arm-none-eabi/15.2.1/../../../../arm-none-eabi/lib/thumb/v8-m.main+dp/hard/libc.a(libc_a-sysconf.o)
                0x3418c4d8                sysconf
 .text.__libc_init_array
                0x3418c4f4       0x4c /Users/seungwon/test/.tools/xpack-arm-none-eabi-gcc-15.2.1-1.1/bin/../lib/gcc/arm-none-eabi/15.2.1/../../../../arm-none-eabi/lib/thumb/v8-m.main+dp/hard/libc.a(libc_a-init.o)
                0x3418c4f4                __libc_init_array
 .text.__libc_fini_array
                0x3418c540       0x28 /Users/seungwon/test/.tools/xpack-arm-none-eabi-gcc-15.2.1-1.1/bin/../lib/gcc/arm-none-eabi/15.2.1/../../../../arm-none-eabi/lib/thumb/v8-m.main+dp/hard/libc.a(libc_a-fini.o)
                0x3418c540                __libc_fini_array
 .text.__retarget_lock_init_recursive
                0x3418c568        0x4 /Users/seungwon/test/.tools/xpack-arm-none-eabi-gcc-15.2.1-1.1/bin/../lib/gcc/arm-none-eabi/15.2.1/../../../../arm-none-eabi/lib/thumb/v8-m.main+dp/hard/libc.a(libc_a-lock.o)
                0x3418c568                __retarget_lock_init_recursive
 .text.__retarget_lock_close_recursive
                0x3418c56c        0x4 /Users/seungwon/test/.tools/xpack-arm-none-eabi-gcc-15.2.1-1.1/bin/../lib/gcc/arm-none-eabi/15.2.1/../../../../arm-none-eabi/lib/thumb/v8-m.main+dp/hard/libc.a(libc_a-lock.o)
                0x3418c56c                __retarget_lock_close_recursive
 .text.__retarget_lock_acquire_recursive
                0x3418c570        0x4 /Users/seungwon/test/.tools/xpack-arm-none-eabi-gcc-15.2.1-1.1/bin/../lib/gcc/arm-none-eabi/15.2.1/../../../../arm-none-eabi/lib/thumb/v8-m.main+dp/hard/libc.a(libc_a-lock.o)
                0x3418c570                __retarget_lock_acquire_recursive
 .text.__retarget_lock_release_recursive
                0x3418c574        0x4 /Users/seungwon/test/.tools/xpack-arm-none-eabi-gcc-15.2.1-1.1/bin/../lib/gcc/arm-none-eabi/15.2.1/../../../../arm-none-eabi/lib/thumb/v8-m.main+dp/hard/libc.a(libc_a-lock.o)
                0x3418c574                __retarget_lock_release_recursive
 .text          0x3418c578       0xec /Users/seungwon/test/.tools/xpack-arm-none-eabi-gcc-15.2.1-1.1/bin/../lib/gcc/arm-none-eabi/15.2.1/../../../../arm-none-eabi/lib/thumb/v8-m.main+dp/hard/libc.a(libc_a-memcpy.o)
                0x3418c578                memcpy
 .text.strlen   0x3418c664       0x5c /Users/seungwon/test/.tools/xpack-arm-none-eabi-gcc-15.2.1-1.1/bin/../lib/gcc/arm-none-eabi/15.2.1/../../../../arm-none-eabi/lib/thumb/v8-m.main+dp/hard/libc.a(libc_a-strlen-stub.o)
                0x3418c664                strlen
 .text.__register_exitproc
                0x3418c6c0       0x84 /Users/seungwon/test/.tools/xpack-arm-none-eabi-gcc-15.2.1-1.1/bin/../lib/gcc/arm-none-eabi/15.2.1/../../../../arm-none-eabi/lib/thumb/v8-m.main+dp/hard/libc.a(libc_a-__atexit.o)
                0x3418c6c0                __register_exitproc
 .text.startup.register_fini
                0x3418c744       0x14 /Users/seungwon/test/.tools/xpack-arm-none-eabi-gcc-15.2.1-1.1/bin/../lib/gcc/arm-none-eabi/15.2.1/../../../../arm-none-eabi/lib/thumb/v8-m.main+dp/hard/libc.a(libc_a-__call_atexit.o)
 .text.__call_exitprocs
                0x3418c758       0xec /Users/seungwon/test/.tools/xpack-arm-none-eabi-gcc-15.2.1-1.1/bin/../lib/gcc/arm-none-eabi/15.2.1/../../../../arm-none-eabi/lib/thumb/v8-m.main+dp/hard/libc.a(libc_a-__call_atexit.o)
                0x3418c758                __call_exitprocs
 .text._malloc_trim_r
                0x3418c844       0xac /Users/seungwon/test/.tools/xpack-arm-none-eabi-gcc-15.2.1-1.1/bin/../lib/gcc/arm-none-eabi/15.2.1/../../../../arm-none-eabi/lib/thumb/v8-m.main+dp/hard/libc.a(libc_a-freer.o)
                0x3418c844                _malloc_trim_r
 .text._free_r  0x3418c8f0      0x208 /Users/seungwon/test/.tools/xpack-arm-none-eabi-gcc-15.2.1-1.1/bin/../lib/gcc/arm-none-eabi/15.2.1/../../../../arm-none-eabi/lib/thumb/v8-m.main+dp/hard/libc.a(libc_a-freer.o)
                0x3418c8f0                _free_r
 .text._vfprintf_r
                0x3418caf8     0x2124 /Users/seungwon/test/.tools/xpack-arm-none-eabi-gcc-15.2.1-1.1/bin/../lib/gcc/arm-none-eabi/15.2.1/../../../../arm-none-eabi/lib/thumb/v8-m.main+dp/hard/libc.a(libc_a-vfprintf.o)
                0x3418caf8                _vfprintf_r
 .text.__sbprintf
                0x3418ec1c       0x80 /Users/seungwon/test/.tools/xpack-arm-none-eabi-gcc-15.2.1-1.1/bin/../lib/gcc/arm-none-eabi/15.2.1/../../../../arm-none-eabi/lib/thumb/v8-m.main+dp/hard/libc.a(libc_a-vfprintf.o)
 .text.__sfvwrite_r
                0x3418ec9c      0x2f4 /Users/seungwon/test/.tools/xpack-arm-none-eabi-gcc-15.2.1-1.1/bin/../lib/gcc/arm-none-eabi/15.2.1/../../../../arm-none-eabi/lib/thumb/v8-m.main+dp/hard/libc.a(libc_a-fvwrite.o)
                0x3418ec9c                __sfvwrite_r
 .text._fwalk_sglue
                0x3418ef90       0x44 /Users/seungwon/test/.tools/xpack-arm-none-eabi-gcc-15.2.1-1.1/bin/../lib/gcc/arm-none-eabi/15.2.1/../../../../arm-none-eabi/lib/thumb/v8-m.main+dp/hard/libc.a(libc_a-fwalk.o)
                0x3418ef90                _fwalk_sglue
 .text._realloc_r
                0x3418efd4      0x364 /Users/seungwon/test/.tools/xpack-arm-none-eabi-gcc-15.2.1-1.1/bin/../lib/gcc/arm-none-eabi/15.2.1/../../../../arm-none-eabi/lib/thumb/v8-m.main+dp/hard/libc.a(libc_a-reallocr.o)
                0x3418efd4                _realloc_r
 .text.__sprint_r
                0x3418f338       0x20 /Users/seungwon/test/.tools/xpack-arm-none-eabi-gcc-15.2.1-1.1/bin/../lib/gcc/arm-none-eabi/15.2.1/../../../../arm-none-eabi/lib/thumb/v8-m.main+dp/hard/libc.a(libc_a-sprint_r.o)
                0x3418f338                __sprint_r
 .text._fclose_r
                0x3418f358       0xc4 /Users/seungwon/test/.tools/xpack-arm-none-eabi-gcc-15.2.1-1.1/bin/../lib/gcc/arm-none-eabi/15.2.1/../../../../arm-none-eabi/lib/thumb/v8-m.main+dp/hard/libc.a(libc_a-fclose.o)
                0x3418f358                _fclose_r
 .text.__sread  0x3418f41c       0x24 /Users/seungwon/test/.tools/xpack-arm-none-eabi-gcc-15.2.1-1.1/bin/../lib/gcc/arm-none-eabi/15.2.1/../../../../arm-none-eabi/lib/thumb/v8-m.main+dp/hard/libc.a(libc_a-stdio.o)
                0x3418f41c                __sread
 .text.__swrite
                0x3418f440       0x40 /Users/seungwon/test/.tools/xpack-arm-none-eabi-gcc-15.2.1-1.1/bin/../lib/gcc/arm-none-eabi/15.2.1/../../../../arm-none-eabi/lib/thumb/v8-m.main+dp/hard/libc.a(libc_a-stdio.o)
                0x3418f440                __swrite
 .text.__sseek  0x3418f480       0x28 /Users/seungwon/test/.tools/xpack-arm-none-eabi-gcc-15.2.1-1.1/bin/../lib/gcc/arm-none-eabi/15.2.1/../../../../arm-none-eabi/lib/thumb/v8-m.main+dp/hard/libc.a(libc_a-stdio.o)
                0x3418f480                __sseek
 .text.__sclose
                0x3418f4a8        0x8 /Users/seungwon/test/.tools/xpack-arm-none-eabi-gcc-15.2.1-1.1/bin/../lib/gcc/arm-none-eabi/15.2.1/../../../../arm-none-eabi/lib/thumb/v8-m.main+dp/hard/libc.a(libc_a-stdio.o)
                0x3418f4a8                __sclose
 .text.__swsetup_r
                0x3418f4b0       0xdc /Users/seungwon/test/.tools/xpack-arm-none-eabi-gcc-15.2.1-1.1/bin/../lib/gcc/arm-none-eabi/15.2.1/../../../../arm-none-eabi/lib/thumb/v8-m.main+dp/hard/libc.a(libc_a-wsetup.o)
                0x3418f4b0                __swsetup_r
 .text.strncpy  0x3418f58c       0x6c /Users/seungwon/test/.tools/xpack-arm-none-eabi-gcc-15.2.1-1.1/bin/../lib/gcc/arm-none-eabi/15.2.1/../../../../arm-none-eabi/lib/thumb/v8-m.main+dp/hard/libc.a(libc_a-strncpy.o)
                0x3418f58c                strncpy
 .text.__locale_mb_cur_max
                0x3418f5f8        0xc /Users/seungwon/test/.tools/xpack-arm-none-eabi-gcc-15.2.1-1.1/bin/../lib/gcc/arm-none-eabi/15.2.1/../../../../arm-none-eabi/lib/thumb/v8-m.main+dp/hard/libc.a(libc_a-locale.o)
                0x3418f5f8                __locale_mb_cur_max
 .text._localeconv_r
                0x3418f604        0x8 /Users/seungwon/test/.tools/xpack-arm-none-eabi-gcc-15.2.1-1.1/bin/../lib/gcc/arm-none-eabi/15.2.1/../../../../arm-none-eabi/lib/thumb/v8-m.main+dp/hard/libc.a(libc_a-localeconv.o)
                0x3418f604                _localeconv_r
 .text._close_r
                0x3418f60c       0x24 /Users/seungwon/test/.tools/xpack-arm-none-eabi-gcc-15.2.1-1.1/bin/../lib/gcc/arm-none-eabi/15.2.1/../../../../arm-none-eabi/lib/thumb/v8-m.main+dp/hard/libc.a(libc_a-closer.o)
                0x3418f60c                _close_r
 .text._lseek_r
                0x3418f630       0x28 /Users/seungwon/test/.tools/xpack-arm-none-eabi-gcc-15.2.1-1.1/bin/../lib/gcc/arm-none-eabi/15.2.1/../../../../arm-none-eabi/lib/thumb/v8-m.main+dp/hard/libc.a(libc_a-lseekr.o)
                0x3418f630                _lseek_r
 .text._read_r  0x3418f658       0x28 /Users/seungwon/test/.tools/xpack-arm-none-eabi-gcc-15.2.1-1.1/bin/../lib/gcc/arm-none-eabi/15.2.1/../../../../arm-none-eabi/lib/thumb/v8-m.main+dp/hard/libc.a(libc_a-readr.o)
                0x3418f658                _read_r
 .text._write_r
                0x3418f680       0x28 /Users/seungwon/test/.tools/xpack-arm-none-eabi-gcc-15.2.1-1.1/bin/../lib/gcc/arm-none-eabi/15.2.1/../../../../arm-none-eabi/lib/thumb/v8-m.main+dp/hard/libc.a(libc_a-writer.o)
                0x3418f680                _write_r
 .text.memchr   0x3418f6a8       0x94 /Users/seungwon/test/.tools/xpack-arm-none-eabi-gcc-15.2.1-1.1/bin/../lib/gcc/arm-none-eabi/15.2.1/../../../../arm-none-eabi/lib/thumb/v8-m.main+dp/hard/libc.a(libc_a-memchr-stub.o)
                0x3418f6a8                memchr
 .text._wcrtomb_r
                0x3418f73c       0x50 /Users/seungwon/test/.tools/xpack-arm-none-eabi-gcc-15.2.1-1.1/bin/../lib/gcc/arm-none-eabi/15.2.1/../../../../arm-none-eabi/lib/thumb/v8-m.main+dp/hard/libc.a(libc_a-wcrtomb.o)
                0x3418f73c                _wcrtomb_r
 .text._wcsrtombs_r
                0x3418f78c       0x18 /Users/seungwon/test/.tools/xpack-arm-none-eabi-gcc-15.2.1-1.1/bin/../lib/gcc/arm-none-eabi/15.2.1/../../../../arm-none-eabi/lib/thumb/v8-m.main+dp/hard/libc.a(libc_a-wcsrtombs.o)
                0x3418f78c                _wcsrtombs_r
 *fill*         0x3418f7a4        0x4 
 .text.frexp    0x3418f7a8       0x8c /Users/seungwon/test/.tools/xpack-arm-none-eabi-gcc-15.2.1-1.1/bin/../lib/gcc/arm-none-eabi/15.2.1/../../../../arm-none-eabi/lib/thumb/v8-m.main+dp/hard/libc.a(libm_a-s_frexp.o)
                0x3418f7a8                frexp
 .text.quorem   0x3418f834      0x13c /Users/seungwon/test/.tools/xpack-arm-none-eabi-gcc-15.2.1-1.1/bin/../lib/gcc/arm-none-eabi/15.2.1/../../../../arm-none-eabi/lib/thumb/v8-m.main+dp/hard/libc.a(libc_a-dtoa.o)
 .text._dtoa_r  0x3418f970      0xe0c /Users/seungwon/test/.tools/xpack-arm-none-eabi-gcc-15.2.1-1.1/bin/../lib/gcc/arm-none-eabi/15.2.1/../../../../arm-none-eabi/lib/thumb/v8-m.main+dp/hard/libc.a(libc_a-dtoa.o)
                0x3418f970                _dtoa_r
 .text.__ascii_mbtowc
                0x3419077c       0x2c /Users/seungwon/test/.tools/xpack-arm-none-eabi-gcc-15.2.1-1.1/bin/../lib/gcc/arm-none-eabi/15.2.1/../../../../arm-none-eabi/lib/thumb/v8-m.main+dp/hard/libc.a(libc_a-mbtowc_r.o)
                0x3419077c                __ascii_mbtowc
 .text._Balloc  0x341907a8       0x4c /Users/seungwon/test/.tools/xpack-arm-none-eabi-gcc-15.2.1-1.1/bin/../lib/gcc/arm-none-eabi/15.2.1/../../../../arm-none-eabi/lib/thumb/v8-m.main+dp/hard/libc.a(libc_a-mprec.o)
                0x341907a8                _Balloc
 .text._Bfree   0x341907f4       0x14 /Users/seungwon/test/.tools/xpack-arm-none-eabi-gcc-15.2.1-1.1/bin/../lib/gcc/arm-none-eabi/15.2.1/../../../../arm-none-eabi/lib/thumb/v8-m.main+dp/hard/libc.a(libc_a-mprec.o)
                0x341907f4                _Bfree
 .text.__multadd
                0x34190808       0xa8 /Users/seungwon/test/.tools/xpack-arm-none-eabi-gcc-15.2.1-1.1/bin/../lib/gcc/arm-none-eabi/15.2.1/../../../../arm-none-eabi/lib/thumb/v8-m.main+dp/hard/libc.a(libc_a-mprec.o)
                0x34190808                __multadd
 .text.__hi0bits
                0x341908b0       0x54 /Users/seungwon/test/.tools/xpack-arm-none-eabi-gcc-15.2.1-1.1/bin/../lib/gcc/arm-none-eabi/15.2.1/../../../../arm-none-eabi/lib/thumb/v8-m.main+dp/hard/libc.a(libc_a-mprec.o)
                0x341908b0                __hi0bits
 .text.__lo0bits
                0x34190904       0x80 /Users/seungwon/test/.tools/xpack-arm-none-eabi-gcc-15.2.1-1.1/bin/../lib/gcc/arm-none-eabi/15.2.1/../../../../arm-none-eabi/lib/thumb/v8-m.main+dp/hard/libc.a(libc_a-mprec.o)
                0x34190904                __lo0bits
 .text.__i2b    0x34190984       0x5c /Users/seungwon/test/.tools/xpack-arm-none-eabi-gcc-15.2.1-1.1/bin/../lib/gcc/arm-none-eabi/15.2.1/../../../../arm-none-eabi/lib/thumb/v8-m.main+dp/hard/libc.a(libc_a-mprec.o)
                0x34190984                __i2b
 .text.__multiply
                0x341909e0      0x188 /Users/seungwon/test/.tools/xpack-arm-none-eabi-gcc-15.2.1-1.1/bin/../lib/gcc/arm-none-eabi/15.2.1/../../../../arm-none-eabi/lib/thumb/v8-m.main+dp/hard/libc.a(libc_a-mprec.o)
                0x341909e0                __multiply
 .text.__pow5mult
                0x34190b68       0xb8 /Users/seungwon/test/.tools/xpack-arm-none-eabi-gcc-15.2.1-1.1/bin/../lib/gcc/arm-none-eabi/15.2.1/../../../../arm-none-eabi/lib/thumb/v8-m.main+dp/hard/libc.a(libc_a-mprec.o)
                0x34190b68                __pow5mult
 .text.__lshift
                0x34190c20       0xe4 /Users/seungwon/test/.tools/xpack-arm-none-eabi-gcc-15.2.1-1.1/bin/../lib/gcc/arm-none-eabi/15.2.1/../../../../arm-none-eabi/lib/thumb/v8-m.main+dp/hard/libc.a(libc_a-mprec.o)
                0x34190c20                __lshift
 .text.__mcmp   0x34190d04       0x40 /Users/seungwon/test/.tools/xpack-arm-none-eabi-gcc-15.2.1-1.1/bin/../lib/gcc/arm-none-eabi/15.2.1/../../../../arm-none-eabi/lib/thumb/v8-m.main+dp/hard/libc.a(libc_a-mprec.o)
                0x34190d04                __mcmp
 .text.__mdiff  0x34190d44      0x188 /Users/seungwon/test/.tools/xpack-arm-none-eabi-gcc-15.2.1-1.1/bin/../lib/gcc/arm-none-eabi/15.2.1/../../../../arm-none-eabi/lib/thumb/v8-m.main+dp/hard/libc.a(libc_a-mprec.o)
                0x34190d44                __mdiff
 .text.__d2b    0x34190ecc       0xc0 /Users/seungwon/test/.tools/xpack-arm-none-eabi-gcc-15.2.1-1.1/bin/../lib/gcc/arm-none-eabi/15.2.1/../../../../arm-none-eabi/lib/thumb/v8-m.main+dp/hard/libc.a(libc_a-mprec.o)
                0x34190ecc                __d2b
 .text.__smakebuf_r
                0x34190f8c       0xe8 /Users/seungwon/test/.tools/xpack-arm-none-eabi-gcc-15.2.1-1.1/bin/../lib/gcc/arm-none-eabi/15.2.1/../../../../arm-none-eabi/lib/thumb/v8-m.main+dp/hard/libc.a(libc_a-makebuf.o)
                0x34190f8c                __smakebuf_r
 .text.__ascii_wctomb
                0x34191074       0x20 /Users/seungwon/test/.tools/xpack-arm-none-eabi-gcc-15.2.1-1.1/bin/../lib/gcc/arm-none-eabi/15.2.1/../../../../arm-none-eabi/lib/thumb/v8-m.main+dp/hard/libc.a(libc_a-wctomb_r.o)
                0x34191074                __ascii_wctomb
 .text._fstat_r
                0x34191094       0x28 /Users/seungwon/test/.tools/xpack-arm-none-eabi-gcc-15.2.1-1.1/bin/../lib/gcc/arm-none-eabi/15.2.1/../../../../arm-none-eabi/lib/thumb/v8-m.main+dp/hard/libc.a(libc_a-fstatr.o)
                0x34191094                _fstat_r
 .text._isatty_r
                0x341910bc       0x24 /Users/seungwon/test/.tools/xpack-arm-none-eabi-gcc-15.2.1-1.1/bin/../lib/gcc/arm-none-eabi/15.2.1/../../../../arm-none-eabi/lib/thumb/v8-m.main+dp/hard/libc.a(libc_a-isattyr.o)
                0x341910bc                _isatty_r
 .text._wcsnrtombs_l
                0x341910e0       0xfc /Users/seungwon/test/.tools/xpack-arm-none-eabi-gcc-15.2.1-1.1/bin/../lib/gcc/arm-none-eabi/15.2.1/../../../../arm-none-eabi/lib/thumb/v8-m.main+dp/hard/libc.a(libc_a-wcsnrtombs.o)
                0x341910e0                _wcsnrtombs_l
 .text._wcsnrtombs_r
                0x341911dc       0x28 /Users/seungwon/test/.tools/xpack-arm-none-eabi-gcc-15.2.1-1.1/bin/../lib/gcc/arm-none-eabi/15.2.1/../../../../arm-none-eabi/lib/thumb/v8-m.main+dp/hard/libc.a(libc_a-wcsnrtombs.o)
                0x341911dc                _wcsnrtombs_r
 .text.__assert_func
                0x34191204       0x44 /Users/seungwon/test/.tools/xpack-arm-none-eabi-gcc-15.2.1-1.1/bin/../lib/gcc/arm-none-eabi/15.2.1/../../../../arm-none-eabi/lib/thumb/v8-m.main+dp/hard/libc.a(libc_a-assert.o)
                0x34191204                __assert_func
 .text.fiprintf
                0x34191248       0x28 /Users/seungwon/test/.tools/xpack-arm-none-eabi-gcc-15.2.1-1.1/bin/../lib/gcc/arm-none-eabi/15.2.1/../../../../arm-none-eabi/lib/thumb/v8-m.main+dp/hard/libc.a(libc_a-fiprintf.o)
                0x34191248                fiprintf
 .text._vfiprintf_r
                0x34191270     0x11ac /Users/seungwon/test/.tools/xpack-arm-none-eabi-gcc-15.2.1-1.1/bin/../lib/gcc/arm-none-eabi/15.2.1/../../../../arm-none-eabi/lib/thumb/v8-m.main+dp/hard/libc.a(libc_a-vfiprintf.o)
                0x34191270                _vfiprintf_r
 .text.__sbprintf
                0x3419241c       0x80 /Users/seungwon/test/.tools/xpack-arm-none-eabi-gcc-15.2.1-1.1/bin/../lib/gcc/arm-none-eabi/15.2.1/../../../../arm-none-eabi/lib/thumb/v8-m.main+dp/hard/libc.a(libc_a-vfiprintf.o)
 *fill*         0x3419249c        0x4 
 .text.sqrt     0x341924a0       0x58 /Users/seungwon/test/.tools/xpack-arm-none-eabi-gcc-15.2.1-1.1/bin/../lib/gcc/arm-none-eabi/15.2.1/../../../../arm-none-eabi/lib/thumb/v8-m.main+dp/hard/libm.a(libm_a-w_sqrt.o)
                0x341924a0                sqrt
 .text.__ieee754_sqrt
                0x341924f8        0x8 /Users/seungwon/test/.tools/xpack-arm-none-eabi-gcc-15.2.1-1.1/bin/../lib/gcc/arm-none-eabi/15.2.1/../../../../arm-none-eabi/lib/thumb/v8-m.main+dp/hard/libm.a(libm_a-e_sqrt.o)
                0x341924f8                __ieee754_sqrt
 .text          0x34192500      0x378 /Users/seungwon/test/.tools/xpack-arm-none-eabi-gcc-15.2.1-1.1/bin/../lib/gcc/arm-none-eabi/15.2.1/thumb/v8-m.main+dp/hard/libgcc.a(_arm_addsubdf3.o)
                0x34192500                __aeabi_drsub
                0x34192508                __subdf3
                0x34192508                __aeabi_dsub
                0x3419250c                __aeabi_dadd
                0x3419250c                __adddf3
                0x34192784                __aeabi_ui2d
                0x34192784                __floatunsidf
                0x341927a4                __floatsidf
                0x341927a4                __aeabi_i2d
                0x341927c8                __extendsfdf2
                0x341927c8                __aeabi_f2d
                0x3419280c                __aeabi_ul2d
                0x3419280c                __floatundidf
                0x3419281c                __aeabi_l2d
                0x3419281c                __floatdidf
 .text          0x34192878       0x30 /Users/seungwon/test/.tools/xpack-arm-none-eabi-gcc-15.2.1-1.1/bin/../lib/gcc/arm-none-eabi/15.2.1/thumb/v8-m.main+dp/hard/libgcc.a(_aeabi_uldivmod.o)
                0x34192878                __aeabi_uldivmod
 .text.__udivmoddi4
                0x341928a8      0x340 /Users/seungwon/test/.tools/xpack-arm-none-eabi-gcc-15.2.1-1.1/bin/../lib/gcc/arm-none-eabi/15.2.1/thumb/v8-m.main+dp/hard/libgcc.a(_udivmoddi4.o)
                0x341928a8                __udivmoddi4
 .text          0x34192be8        0x4 /Users/seungwon/test/.tools/xpack-arm-none-eabi-gcc-15.2.1-1.1/bin/../lib/gcc/arm-none-eabi/15.2.1/thumb/v8-m.main+dp/hard/libgcc.a(_dvmd_tls.o)
                0x34192be8                __aeabi_ldiv0
                0x34192be8                __aeabi_idiv0
 .text._close   0x34192bec       0x10 /Users/seungwon/test/.tools/xpack-arm-none-eabi-gcc-15.2.1-1.1/bin/../lib/gcc/arm-none-eabi/15.2.1/../../../../arm-none-eabi/lib/thumb/v8-m.main+dp/hard/libnosys.a(close.o)
                0x34192bec                _close
 .text._fstat   0x34192bfc       0x10 /Users/seungwon/test/.tools/xpack-arm-none-eabi-gcc-15.2.1-1.1/bin/../lib/gcc/arm-none-eabi/15.2.1/../../../../arm-none-eabi/lib/thumb/v8-m.main+dp/hard/libnosys.a(fstat.o)
                0x34192bfc                _fstat
 .text._getpid  0x34192c0c       0x10 /Users/seungwon/test/.tools/xpack-arm-none-eabi-gcc-15.2.1-1.1/bin/../lib/gcc/arm-none-eabi/15.2.1/../../../../arm-none-eabi/lib/thumb/v8-m.main+dp/hard/libnosys.a(getpid.o)
                0x34192c0c                _getpid
 .text._isatty  0x34192c1c       0x10 /Users/seungwon/test/.tools/xpack-arm-none-eabi-gcc-15.2.1-1.1/bin/../lib/gcc/arm-none-eabi/15.2.1/../../../../arm-none-eabi/lib/thumb/v8-m.main+dp/hard/libnosys.a(isatty.o)
                0x34192c1c                _isatty
 .text._kill    0x34192c2c       0x10 /Users/seungwon/test/.tools/xpack-arm-none-eabi-gcc-15.2.1-1.1/bin/../lib/gcc/arm-none-eabi/15.2.1/../../../../arm-none-eabi/lib/thumb/v8-m.main+dp/hard/libnosys.a(kill.o)
                0x34192c2c                _kill
 .text._lseek   0x34192c3c       0x10 /Users/seungwon/test/.tools/xpack-arm-none-eabi-gcc-15.2.1-1.1/bin/../lib/gcc/arm-none-eabi/15.2.1/../../../../arm-none-eabi/lib/thumb/v8-m.main+dp/hard/libnosys.a(lseek.o)
                0x34192c3c                _lseek
 .text._exit    0x34192c4c        0x4 /Users/seungwon/test/.tools/xpack-arm-none-eabi-gcc-15.2.1-1.1/bin/../lib/gcc/arm-none-eabi/15.2.1/../../../../arm-none-eabi/lib/thumb/v8-m.main+dp/hard/libnosys.a(_exit.o)
                0x34192c4c                _exit
 *(.glue_7 .glue_7t)
 .glue_7        0x34192c50        0x0 linker stubs
 .glue_7t       0x34192c50        0x0 linker stubs
 *(.eh_frame)
 .eh_frame      0x34192c50        0x0 /Users/seungwon/test/.tools/xpack-arm-none-eabi-gcc-15.2.1-1.1/bin/../lib/gcc/arm-none-eabi/15.2.1/thumb/v8-m.main+dp/hard/crtbegin.o
 *(.RamFunc .RamFunc*)
 *(.init)
 .init          0x34192c50        0x4 /Users/seungwon/test/.tools/xpack-arm-none-eabi-gcc-15.2.1-1.1/bin/../lib/gcc/arm-none-eabi/15.2.1/thumb/v8-m.main+dp/hard/crti.o
                0x34192c50                _init
 .init          0x34192c54        0x8 /Users/seungwon/test/.tools/xpack-arm-none-eabi-gcc-15.2.1-1.1/bin/../lib/gcc/arm-none-eabi/15.2.1/thumb/v8-m.main+dp/hard/crtn.o
 *(.fini)
 .fini          0x34192c5c        0x4 /Users/seungwon/test/.tools/xpack-arm-none-eabi-gcc-15.2.1-1.1/bin/../lib/gcc/arm-none-eabi/15.2.1/thumb/v8-m.main+dp/hard/crti.o
                0x34192c5c                _fini
 .fini          0x34192c60        0x8 /Users/seungwon/test/.tools/xpack-arm-none-eabi-gcc-15.2.1-1.1/bin/../lib/gcc/arm-none-eabi/15.2.1/thumb/v8-m.main+dp/hard/crtn.o
                0x34192c68                        . = ALIGN (0x4)
                0x34192c68                        _etext = .

.vfp11_veneer   0x34192c68        0x0
 .vfp11_veneer  0x34192c68        0x0 linker stubs

.v4_bx          0x34192c68        0x0
 .v4_bx         0x34192c68        0x0 linker stubs

.iplt           0x34192c68        0x0
 .iplt          0x34192c68        0x0 /Users/seungwon/test/.tools/xpack-arm-none-eabi-gcc-15.2.1-1.1/bin/../lib/gcc/arm-none-eabi/15.2.1/thumb/v8-m.main+dp/hard/crtbegin.o

.rodata         0x34192c68      0xa40
                0x34192c68                        . = ALIGN (0x4)
 *(.rodata .rodata*)
 .rodata.print_stats.str1.4
                0x34192c68      0x6df build/full/256f/ref/benchmark/benchmark.c.o
                                0x14e (size before relaxing)
 .rodata.benchmark_field_kernels.str1.4
                0x34193347        0x0 build/full/256f/ref/benchmark/benchmark.c.o
                                 0x38 (size before relaxing)
 .rodata.main.str1.4
                0x34193347        0x0 build/full/256f/ref/benchmark/benchmark.c.o
                                0x2a8 (size before relaxing)
 *fill*         0x34193347        0x1 
 .rodata.aim3_exponents
                0x34193348       0x10 build/full/256f/ref/benchmark/mpc_batch.c.o
 .rodata.aim3_exponents
                0x34193358       0x10 build/full/256f/ref/benchmark/aim3.c.o
 .rodata.Rcon   0x34193368        0xa build/full/256f/ref/benchmark/aes.c.o
 *fill*         0x34193372        0x6 
 .rodata.KeccakF_RoundConstants
                0x34193378       0xc0 build/full/256f/ref/benchmark/fips202.c.o
 .rodata.__wrap_main.str1.4
                0x34193438        0x0 build/full/256f/ref/benchmark/platform.c.o
                                 0x56 (size before relaxing)
 .rodata.message.0
                0x34193438       0x2a build/full/256f/ref/benchmark/platform.c.o
 .rodata._puts_r.str1.4
                0x34193462        0x0 /Users/seungwon/test/.tools/xpack-arm-none-eabi-gcc-15.2.1-1.1/bin/../lib/gcc/arm-none-eabi/15.2.1/../../../../arm-none-eabi/lib/thumb/v8-m.main+dp/hard/libc.a(libc_a-puts.o)
                                  0x2 (size before relaxing)
 .rodata._vfprintf_r.str1.4
                0x34193462        0x0 /Users/seungwon/test/.tools/xpack-arm-none-eabi-gcc-15.2.1-1.1/bin/../lib/gcc/arm-none-eabi/15.2.1/../../../../arm-none-eabi/lib/thumb/v8-m.main+dp/hard/libc.a(libc_a-vfprintf.o)
                                 0x42 (size before relaxing)
 *fill*         0x34193462        0x2 
 .rodata.zeroes.0
                0x34193464       0x10 /Users/seungwon/test/.tools/xpack-arm-none-eabi-gcc-15.2.1-1.1/bin/../lib/gcc/arm-none-eabi/15.2.1/../../../../arm-none-eabi/lib/thumb/v8-m.main+dp/hard/libc.a(libc_a-vfprintf.o)
 .rodata.blanks.1
                0x34193474       0x10 /Users/seungwon/test/.tools/xpack-arm-none-eabi-gcc-15.2.1-1.1/bin/../lib/gcc/arm-none-eabi/15.2.1/../../../../arm-none-eabi/lib/thumb/v8-m.main+dp/hard/libc.a(libc_a-vfprintf.o)
 .rodata.str1.4
                0x34193484        0x0 /Users/seungwon/test/.tools/xpack-arm-none-eabi-gcc-15.2.1-1.1/bin/../lib/gcc/arm-none-eabi/15.2.1/../../../../arm-none-eabi/lib/thumb/v8-m.main+dp/hard/libc.a(libc_a-locale.o)
                                 0x4c (size before relaxing)
 .rodata._ctype_
                0x34193484      0x101 /Users/seungwon/test/.tools/xpack-arm-none-eabi-gcc-15.2.1-1.1/bin/../lib/gcc/arm-none-eabi/15.2.1/../../../../arm-none-eabi/lib/thumb/v8-m.main+dp/hard/libc.a(libc_a-ctype_.o)
                0x34193484                _ctype_
 .rodata._dtoa_r.str1.4
                0x34193585        0x0 /Users/seungwon/test/.tools/xpack-arm-none-eabi-gcc-15.2.1-1.1/bin/../lib/gcc/arm-none-eabi/15.2.1/../../../../arm-none-eabi/lib/thumb/v8-m.main+dp/hard/libc.a(libc_a-dtoa.o)
                                 0xd9 (size before relaxing)
 .rodata.__multadd.str1.4
                0x34193585        0x0 /Users/seungwon/test/.tools/xpack-arm-none-eabi-gcc-15.2.1-1.1/bin/../lib/gcc/arm-none-eabi/15.2.1/../../../../arm-none-eabi/lib/thumb/v8-m.main+dp/hard/libc.a(libc_a-mprec.o)
                                 0xc6 (size before relaxing)
 *fill*         0x34193585        0x3 
 .rodata.p05.0  0x34193588        0xc /Users/seungwon/test/.tools/xpack-arm-none-eabi-gcc-15.2.1-1.1/bin/../lib/gcc/arm-none-eabi/15.2.1/../../../../arm-none-eabi/lib/thumb/v8-m.main+dp/hard/libc.a(libc_a-mprec.o)
 *fill*         0x34193594        0x4 
 .rodata.__mprec_bigtens
                0x34193598       0x28 /Users/seungwon/test/.tools/xpack-arm-none-eabi-gcc-15.2.1-1.1/bin/../lib/gcc/arm-none-eabi/15.2.1/../../../../arm-none-eabi/lib/thumb/v8-m.main+dp/hard/libc.a(libc_a-mprec.o)
                0x34193598                __mprec_bigtens
 .rodata.__mprec_tens
                0x341935c0       0xc8 /Users/seungwon/test/.tools/xpack-arm-none-eabi-gcc-15.2.1-1.1/bin/../lib/gcc/arm-none-eabi/15.2.1/../../../../arm-none-eabi/lib/thumb/v8-m.main+dp/hard/libc.a(libc_a-mprec.o)
                0x341935c0                __mprec_tens
 .rodata.__assert_func.str1.4
                0x34193688        0x0 /Users/seungwon/test/.tools/xpack-arm-none-eabi-gcc-15.2.1-1.1/bin/../lib/gcc/arm-none-eabi/15.2.1/../../../../arm-none-eabi/lib/thumb/v8-m.main+dp/hard/libc.a(libc_a-assert.o)
                                 0x43 (size before relaxing)
 .rodata._vfiprintf_r.str1.4
                0x34193688        0x0 /Users/seungwon/test/.tools/xpack-arm-none-eabi-gcc-15.2.1-1.1/bin/../lib/gcc/arm-none-eabi/15.2.1/../../../../arm-none-eabi/lib/thumb/v8-m.main+dp/hard/libc.a(libc_a-vfiprintf.o)
                                 0x2f (size before relaxing)
 .rodata.zeroes.0
                0x34193688       0x10 /Users/seungwon/test/.tools/xpack-arm-none-eabi-gcc-15.2.1-1.1/bin/../lib/gcc/arm-none-eabi/15.2.1/../../../../arm-none-eabi/lib/thumb/v8-m.main+dp/hard/libc.a(libc_a-vfiprintf.o)
 .rodata.blanks.1
                0x34193698       0x10 /Users/seungwon/test/.tools/xpack-arm-none-eabi-gcc-15.2.1-1.1/bin/../lib/gcc/arm-none-eabi/15.2.1/../../../../arm-none-eabi/lib/thumb/v8-m.main+dp/hard/libc.a(libc_a-vfiprintf.o)
                0x341936a8                        . = ALIGN (0x4)

.ARM.extab
 *(.ARM.extab* .gnu.linkonce.armextab.*)

.ARM.exidx      0x341936a8        0x8
                0x341936a8                        __exidx_start = .
 *(.ARM.exidx*)
 .ARM.exidx     0x341936a8        0x8 /Users/seungwon/test/.tools/xpack-arm-none-eabi-gcc-15.2.1-1.1/bin/../lib/gcc/arm-none-eabi/15.2.1/../../../../arm-none-eabi/lib/thumb/v8-m.main+dp/hard/libc.a(libc_a-memcpy.o)
 .ARM.exidx.text.__udivmoddi4
                0x341936b0        0x0 /Users/seungwon/test/.tools/xpack-arm-none-eabi-gcc-15.2.1-1.1/bin/../lib/gcc/arm-none-eabi/15.2.1/thumb/v8-m.main+dp/hard/libgcc.a(_udivmoddi4.o)
                                  0x8 (size before relaxing)
                0x341936b0                        __exidx_end = .

.preinit_array  0x341936b0        0x0
                0x341936b0                        PROVIDE (__preinit_array_start = .)
 *(.preinit_array*)
                0x341936b0                        PROVIDE (__preinit_array_end = .)

.init_array     0x341936b0        0x8
                0x341936b0                        PROVIDE (__init_array_start = .)
 *(SORT_BY_NAME(.init_array.*))
 .init_array.00000
                0x341936b0        0x4 /Users/seungwon/test/.tools/xpack-arm-none-eabi-gcc-15.2.1-1.1/bin/../lib/gcc/arm-none-eabi/15.2.1/../../../../arm-none-eabi/lib/thumb/v8-m.main+dp/hard/libc.a(libc_a-__call_atexit.o)
 *(.init_array*)
 .init_array    0x341936b4        0x4 /Users/seungwon/test/.tools/xpack-arm-none-eabi-gcc-15.2.1-1.1/bin/../lib/gcc/arm-none-eabi/15.2.1/thumb/v8-m.main+dp/hard/crtbegin.o
                0x341936b8                        PROVIDE (__init_array_end = .)

.fini_array     0x341936b8        0x4
                0x341936b8                        PROVIDE (__fini_array_start = .)
 *(SORT_BY_NAME(.fini_array.*))
 *(.fini_array*)
 .fini_array    0x341936b8        0x4 /Users/seungwon/test/.tools/xpack-arm-none-eabi-gcc-15.2.1-1.1/bin/../lib/gcc/arm-none-eabi/15.2.1/thumb/v8-m.main+dp/hard/crtbegin.o
                0x341936bc                        PROVIDE (__fini_array_end = .)

.rel.dyn        0x341936bc        0x0
 .rel.iplt      0x341936bc        0x0 /Users/seungwon/test/.tools/xpack-arm-none-eabi-gcc-15.2.1-1.1/bin/../lib/gcc/arm-none-eabi/15.2.1/thumb/v8-m.main+dp/hard/crtbegin.o

.gnu.sgstubs    0x341936c0       0x20
                0x341936c0                        . = ALIGN (0x20)
 *fill*         0x341936c0        0x0 
 *(.gnu.sgstubs*)
                0x341936c0                        . = ALIGN (0x20)
 .gnu.sgstubs.__stub
                0x341936c0        0x8 linker stubs
                0x341936c0                SECURE_SystemCoreClockUpdate
                0x341936e0                        _sidata = LOADADDR (.data)

.data           0x341c0000      0x890 load address 0x341936e0
                0x341c0000                        . = ALIGN (0x4)
                0x341c0000                        _sdata = .
 *(.data .data*)
 .data.prng_state
                0x341c0000        0x8 build/full/256f/ref/benchmark/benchmark.c.o
 .data.SystemCoreClock
                0x341c0008        0x4 build/full/256f/ref/benchmark/system_stm32n6xx_fsbl.c.o
                0x341c0008                SystemCoreClock
 .data.uwTickFreq
                0x341c000c        0x1 build/full/256f/ref/benchmark/stm32n6xx_hal.c.o
                0x341c000c                uwTickFreq
 *fill*         0x341c000d        0x3 
 .data.uwTickPrio
                0x341c0010        0x4 build/full/256f/ref/benchmark/stm32n6xx_hal.c.o
                0x341c0010                uwTickPrio
 .data.__malloc_sbrk_base
                0x341c0014        0x4 /Users/seungwon/test/.tools/xpack-arm-none-eabi-gcc-15.2.1-1.1/bin/../lib/gcc/arm-none-eabi/15.2.1/../../../../arm-none-eabi/lib/thumb/v8-m.main+dp/hard/libc.a(libc_a-mallocr.o)
                0x341c0014                __malloc_sbrk_base
 .data.__malloc_trim_threshold
                0x341c0018        0x4 /Users/seungwon/test/.tools/xpack-arm-none-eabi-gcc-15.2.1-1.1/bin/../lib/gcc/arm-none-eabi/15.2.1/../../../../arm-none-eabi/lib/thumb/v8-m.main+dp/hard/libc.a(libc_a-mallocr.o)
                0x341c0018                __malloc_trim_threshold
 *fill*         0x341c001c        0x4 
 .data.__malloc_av_
                0x341c0020      0x408 /Users/seungwon/test/.tools/xpack-arm-none-eabi-gcc-15.2.1-1.1/bin/../lib/gcc/arm-none-eabi/15.2.1/../../../../arm-none-eabi/lib/thumb/v8-m.main+dp/hard/libc.a(libc_a-mallocr.o)
                0x341c0020                __malloc_av_
 .data.__sglue  0x341c0428        0xc /Users/seungwon/test/.tools/xpack-arm-none-eabi-gcc-15.2.1-1.1/bin/../lib/gcc/arm-none-eabi/15.2.1/../../../../arm-none-eabi/lib/thumb/v8-m.main+dp/hard/libc.a(libc_a-findfp.o)
                0x341c0428                __sglue
 .data._impure_ptr
                0x341c0434        0x4 /Users/seungwon/test/.tools/xpack-arm-none-eabi-gcc-15.2.1-1.1/bin/../lib/gcc/arm-none-eabi/15.2.1/../../../../arm-none-eabi/lib/thumb/v8-m.main+dp/hard/libc.a(libc_a-impure.o)
                0x341c0434                _impure_ptr
 .data._impure_data
                0x341c0438      0x200 /Users/seungwon/test/.tools/xpack-arm-none-eabi-gcc-15.2.1-1.1/bin/../lib/gcc/arm-none-eabi/15.2.1/../../../../arm-none-eabi/lib/thumb/v8-m.main+dp/hard/libc.a(libc_a-impure.o)
                0x341c0438                _impure_data
 .data.__atexit_recursive_mutex
                0x341c0638        0x4 /Users/seungwon/test/.tools/xpack-arm-none-eabi-gcc-15.2.1-1.1/bin/../lib/gcc/arm-none-eabi/15.2.1/../../../../arm-none-eabi/lib/thumb/v8-m.main+dp/hard/libc.a(libc_a-__call_atexit.o)
                0x341c0638                __atexit_recursive_mutex
 .data.__global_locale
                0x341c063c      0x254 /Users/seungwon/test/.tools/xpack-arm-none-eabi-gcc-15.2.1-1.1/bin/../lib/gcc/arm-none-eabi/15.2.1/../../../../arm-none-eabi/lib/thumb/v8-m.main+dp/hard/libc.a(libc_a-locale.o)
                0x341c063c                __global_locale
                0x341c0890                        . = ALIGN (0x4)
                0x341c0890                        _edata = .

.igot.plt       0x341c0890        0x0 load address 0x34193f70
 .igot.plt      0x341c0890        0x0 /Users/seungwon/test/.tools/xpack-arm-none-eabi-gcc-15.2.1-1.1/bin/../lib/gcc/arm-none-eabi/15.2.1/thumb/v8-m.main+dp/hard/crtbegin.o

.noncacheable   0x341c0890       0x10 load address 0x34193f70
                0x341c08a0                        . = ALIGN (0x20)
 *fill*         0x341c0890       0x10 
                0x341c08a0                        __snoncacheable = .
 *(.noncacheable)
                0x341c08a0                        . = ALIGN (0x20)
                0x341c08a0                        __enoncacheable = .

.bss            0x341c08a0     0x7ef8 load address 0x34193f70
                0x341c08a0                        . = ALIGN (0x8)
                0x341c08a0                        _sbss = .
                0x341c08a0                        __bss_start__ = .
 *(.bss .bss*)
 .bss.completed.1
                0x341c08a0        0x1 /Users/seungwon/test/.tools/xpack-arm-none-eabi-gcc-15.2.1-1.1/bin/../lib/gcc/arm-none-eabi/15.2.1/thumb/v8-m.main+dp/hard/crtbegin.o
 *fill*         0x341c08a1        0x3 
 .bss.object.0  0x341c08a4       0x18 /Users/seungwon/test/.tools/xpack-arm-none-eabi-gcc-15.2.1-1.1/bin/../lib/gcc/arm-none-eabi/15.2.1/thumb/v8-m.main+dp/hard/crtbegin.o
 *fill*         0x341c08bc        0x4 
 .bss.benchmark_checksum
                0x341c08c0        0x8 build/full/256f/ref/benchmark/benchmark.c.o
 .bss.message   0x341c08c8       0x3b build/full/256f/ref/benchmark/benchmark.c.o
 *fill*         0x341c0903        0x1 
 .bss.signature
                0x341c0904     0x7a80 build/full/256f/ref/benchmark/benchmark.c.o
 .bss.secret_key
                0x341c8384       0x60 build/full/256f/ref/benchmark/benchmark.c.o
 .bss.public_key
                0x341c83e4       0x40 build/full/256f/ref/benchmark/benchmark.c.o
 .bss.DRBG_ctx  0x341c8424       0x34 build/full/256f/ref/benchmark/rng.c.o
                0x341c8424                DRBG_ctx
 .bss.stack_fill_end
                0x341c8458        0x4 build/full/256f/ref/benchmark/platform.c.o
 .bss.heap_peak
                0x341c845c        0x4 build/full/256f/ref/benchmark/platform.c.o
 .bss.heap_end  0x341c8460        0x4 build/full/256f/ref/benchmark/platform.c.o
 *fill*         0x341c8464        0x4 
 .bss.systick_wraps
                0x341c8468        0x8 build/full/256f/ref/benchmark/platform.c.o
 .bss.measurement_start64
                0x341c8470        0x8 build/full/256f/ref/benchmark/platform.c.o
 .bss.measurement_start
                0x341c8478        0x4 build/full/256f/ref/benchmark/platform.c.o
 .bss.uwTick    0x341c847c        0x4 build/full/256f/ref/benchmark/stm32n6xx_hal.c.o
                0x341c847c                uwTick
 .bss.__malloc_current_mallinfo
                0x341c8480       0x28 /Users/seungwon/test/.tools/xpack-arm-none-eabi-gcc-15.2.1-1.1/bin/../lib/gcc/arm-none-eabi/15.2.1/../../../../arm-none-eabi/lib/thumb/v8-m.main+dp/hard/libc.a(libc_a-mallocr.o)
                0x341c8480                __malloc_current_mallinfo
 .bss.__malloc_max_total_mem
                0x341c84a8        0x4 /Users/seungwon/test/.tools/xpack-arm-none-eabi-gcc-15.2.1-1.1/bin/../lib/gcc/arm-none-eabi/15.2.1/../../../../arm-none-eabi/lib/thumb/v8-m.main+dp/hard/libc.a(libc_a-mallocr.o)
                0x341c84a8                __malloc_max_total_mem
 .bss.__malloc_max_sbrked_mem
                0x341c84ac        0x4 /Users/seungwon/test/.tools/xpack-arm-none-eabi-gcc-15.2.1-1.1/bin/../lib/gcc/arm-none-eabi/15.2.1/../../../../arm-none-eabi/lib/thumb/v8-m.main+dp/hard/libc.a(libc_a-mallocr.o)
                0x341c84ac                __malloc_max_sbrked_mem
 .bss.__malloc_top_pad
                0x341c84b0        0x4 /Users/seungwon/test/.tools/xpack-arm-none-eabi-gcc-15.2.1-1.1/bin/../lib/gcc/arm-none-eabi/15.2.1/../../../../arm-none-eabi/lib/thumb/v8-m.main+dp/hard/libc.a(libc_a-mallocr.o)
                0x341c84b0                __malloc_top_pad
 .bss.__sf      0x341c84b4      0x138 /Users/seungwon/test/.tools/xpack-arm-none-eabi-gcc-15.2.1-1.1/bin/../lib/gcc/arm-none-eabi/15.2.1/../../../../arm-none-eabi/lib/thumb/v8-m.main+dp/hard/libc.a(libc_a-findfp.o)
                0x341c84b4                __sf
 .bss.__stdio_exit_handler
                0x341c85ec        0x4 /Users/seungwon/test/.tools/xpack-arm-none-eabi-gcc-15.2.1-1.1/bin/../lib/gcc/arm-none-eabi/15.2.1/../../../../arm-none-eabi/lib/thumb/v8-m.main+dp/hard/libc.a(libc_a-findfp.o)
                0x341c85ec                __stdio_exit_handler
 .bss.__lock___malloc_recursive_mutex
                0x341c85f0        0x1 /Users/seungwon/test/.tools/xpack-arm-none-eabi-gcc-15.2.1-1.1/bin/../lib/gcc/arm-none-eabi/15.2.1/../../../../arm-none-eabi/lib/thumb/v8-m.main+dp/hard/libc.a(libc_a-lock.o)
                0x341c85f0                __lock___malloc_recursive_mutex
 *fill*         0x341c85f1        0x3 
 .bss.__lock___atexit_recursive_mutex
                0x341c85f4        0x1 /Users/seungwon/test/.tools/xpack-arm-none-eabi-gcc-15.2.1-1.1/bin/../lib/gcc/arm-none-eabi/15.2.1/../../../../arm-none-eabi/lib/thumb/v8-m.main+dp/hard/libc.a(libc_a-lock.o)
                0x341c85f4                __lock___atexit_recursive_mutex
 *fill*         0x341c85f5        0x3 
 .bss.__lock___sfp_recursive_mutex
                0x341c85f8        0x1 /Users/seungwon/test/.tools/xpack-arm-none-eabi-gcc-15.2.1-1.1/bin/../lib/gcc/arm-none-eabi/15.2.1/../../../../arm-none-eabi/lib/thumb/v8-m.main+dp/hard/libc.a(libc_a-lock.o)
                0x341c85f8                __lock___sfp_recursive_mutex
 *fill*         0x341c85f9        0x3 
 .bss.__atexit0
                0x341c85fc      0x190 /Users/seungwon/test/.tools/xpack-arm-none-eabi-gcc-15.2.1-1.1/bin/../lib/gcc/arm-none-eabi/15.2.1/../../../../arm-none-eabi/lib/thumb/v8-m.main+dp/hard/libc.a(libc_a-__atexit.o)
                0x341c85fc                __atexit0
 .bss.__atexit  0x341c878c        0x4 /Users/seungwon/test/.tools/xpack-arm-none-eabi-gcc-15.2.1-1.1/bin/../lib/gcc/arm-none-eabi/15.2.1/../../../../arm-none-eabi/lib/thumb/v8-m.main+dp/hard/libc.a(libc_a-__call_atexit.o)
                0x341c878c                __atexit
 .bss.errno     0x341c8790        0x4 /Users/seungwon/test/.tools/xpack-arm-none-eabi-gcc-15.2.1-1.1/bin/../lib/gcc/arm-none-eabi/15.2.1/../../../../arm-none-eabi/lib/thumb/v8-m.main+dp/hard/libc.a(libc_a-reent.o)
                0x341c8790                errno
 *(COMMON)
                0x341c8798                        . = ALIGN (0x8)
 *fill*         0x341c8794        0x4 
                0x341c8798                        _ebss = .
                0x341c8798                        __bss_end__ = .

._user_stack    0x341e0000    0x20000
                0x341e0000                        . = ALIGN (0x8)
                [!provide]                        PROVIDE (end = .)
                [!provide]                        PROVIDE (_end = .)
                0x34200000                        . = (. + _Min_Stack_Size)
 *fill*         0x341e0000    0x20000 
                0x34200000                        . = ALIGN (0x8)

._user_heap     0x34200000     0x1000
                0x34200000                        . = ALIGN (0x8)
                0x34200000                        _sheap = .
                0x34201000                        . = (. + _Min_Heap_Size)
 *fill*         0x34200000     0x1000 
                0x34201000                        . = ALIGN (0x8)
                0x343c0000                        _eheap = (ORIGIN (HEAPRAM) + LENGTH (HEAPRAM))
                0x00000001                        ASSERT ((_ebss <= _sstack), BOOTRAM data overlaps the stack)

.ARM.attributes
                0x00000000       0x3a
 *(.ARM.attributes)
 .ARM.attributes
                0x00000000       0x24 /Users/seungwon/test/.tools/xpack-arm-none-eabi-gcc-15.2.1-1.1/bin/../lib/gcc/arm-none-eabi/15.2.1/thumb/v8-m.main+dp/hard/crti.o
 .ARM.attributes
                0x00000024       0x36 /Users/seungwon/test/.tools/xpack-arm-none-eabi-gcc-15.2.1-1.1/bin/../lib/gcc/arm-none-eabi/15.2.1/thumb/v8-m.main+dp/hard/crtbegin.o
 .ARM.attributes
                0x0000005a       0x3e build/full/256f/ref/benchmark/benchmark.c.o
 .ARM.attributes
                0x00000098       0x3e build/full/256f/ref/benchmark/sign_low_memory.c.o
 .ARM.attributes
                0x000000d6       0x3e build/full/256f/ref/benchmark/verify_batch.c.o
 .ARM.attributes
                0x00000114       0x3e build/full/256f/ref/benchmark/field_batch.c.o
 .ARM.attributes
                0x00000152       0x3e build/full/256f/ref/benchmark/mpc_batch.c.o
 .ARM.attributes
                0x00000190       0x3e build/full/256f/ref/benchmark/aim3.c.o
 .ARM.attributes
                0x000001ce       0x3e build/full/256f/ref/benchmark/hash.c.o
 .ARM.attributes
                0x0000020c       0x3e build/full/256f/ref/benchmark/sign.c.o
 .ARM.attributes
                0x0000024a       0x3e build/full/256f/ref/benchmark/tree.c.o
 .ARM.attributes
                0x00000288       0x3e build/full/256f/ref/benchmark/field_common.c.o
 .ARM.attributes
                0x000002c6       0x3e build/full/256f/ref/benchmark/field256.c.o
 .ARM.attributes
                0x00000304       0x3e build/full/256f/ref/benchmark/aes.c.o
 .ARM.attributes
                0x00000342       0x3e build/full/256f/ref/benchmark/fips202.c.o
 .ARM.attributes
                0x00000380       0x3e build/full/256f/ref/benchmark/rng.c.o
 .ARM.attributes
                0x000003be       0x3e build/full/256f/ref/benchmark/platform.c.o
 .ARM.attributes
                0x000003fc       0x3e build/full/256f/ref/benchmark/system_stm32n6xx_fsbl.c.o
 .ARM.attributes
                0x0000043a       0x3e build/full/256f/ref/benchmark/stm32n6xx_hal.c.o
 .ARM.attributes
                0x00000478       0x3e build/full/256f/ref/benchmark/stm32n6xx_hal_cortex.c.o
 .ARM.attributes
                0x000004b6       0x3e build/full/256f/ref/benchmark/stm32n6xx_hal_pwr_ex.c.o
 .ARM.attributes
                0x000004f4       0x3e build/full/256f/ref/benchmark/stm32n6xx_hal_rcc.c.o
 .ARM.attributes
                0x00000532       0x3e build/full/256f/ref/benchmark/stm32n6xx_hal_rcc_ex.c.o
 .ARM.attributes
                0x00000570       0x22 build/full/256f/ref/benchmark/startup_stm32n657x0hxq_fsbl.s.o
 .ARM.attributes
                0x00000592       0x36 /Users/seungwon/test/.tools/xpack-arm-none-eabi-gcc-15.2.1-1.1/bin/../lib/gcc/arm-none-eabi/15.2.1/../../../../arm-none-eabi/lib/thumb/v8-m.main+dp/hard/libc.a(libc_a-abort.o)
 .ARM.attributes
                0x000005c8       0x36 /Users/seungwon/test/.tools/xpack-arm-none-eabi-gcc-15.2.1-1.1/bin/../lib/gcc/arm-none-eabi/15.2.1/../../../../arm-none-eabi/lib/thumb/v8-m.main+dp/hard/libc.a(libc_a-atexit.o)
 .ARM.attributes
                0x000005fe       0x36 /Users/seungwon/test/.tools/xpack-arm-none-eabi-gcc-15.2.1-1.1/bin/../lib/gcc/arm-none-eabi/15.2.1/../../../../arm-none-eabi/lib/thumb/v8-m.main+dp/hard/libc.a(libc_a-callocr.o)
 .ARM.attributes
                0x00000634       0x36 /Users/seungwon/test/.tools/xpack-arm-none-eabi-gcc-15.2.1-1.1/bin/../lib/gcc/arm-none-eabi/15.2.1/../../../../arm-none-eabi/lib/thumb/v8-m.main+dp/hard/libc.a(libc_a-exit.o)
 .ARM.attributes
                0x0000066a       0x36 /Users/seungwon/test/.tools/xpack-arm-none-eabi-gcc-15.2.1-1.1/bin/../lib/gcc/arm-none-eabi/15.2.1/../../../../arm-none-eabi/lib/thumb/v8-m.main+dp/hard/libc.a(libc_a-malloc.o)
 .ARM.attributes
                0x000006a0       0x36 /Users/seungwon/test/.tools/xpack-arm-none-eabi-gcc-15.2.1-1.1/bin/../lib/gcc/arm-none-eabi/15.2.1/../../../../arm-none-eabi/lib/thumb/v8-m.main+dp/hard/libc.a(libc_a-mallocr.o)
 .ARM.attributes
                0x000006d6       0x36 /Users/seungwon/test/.tools/xpack-arm-none-eabi-gcc-15.2.1-1.1/bin/../lib/gcc/arm-none-eabi/15.2.1/../../../../arm-none-eabi/lib/thumb/v8-m.main+dp/hard/libc.a(libc_a-mlock.o)
 .ARM.attributes
                0x0000070c       0x36 /Users/seungwon/test/.tools/xpack-arm-none-eabi-gcc-15.2.1-1.1/bin/../lib/gcc/arm-none-eabi/15.2.1/../../../../arm-none-eabi/lib/thumb/v8-m.main+dp/hard/libc.a(libc_a-printf.o)
 .ARM.attributes
                0x00000742       0x36 /Users/seungwon/test/.tools/xpack-arm-none-eabi-gcc-15.2.1-1.1/bin/../lib/gcc/arm-none-eabi/15.2.1/../../../../arm-none-eabi/lib/thumb/v8-m.main+dp/hard/libc.a(libc_a-puts.o)
 .ARM.attributes
                0x00000778       0x36 /Users/seungwon/test/.tools/xpack-arm-none-eabi-gcc-15.2.1-1.1/bin/../lib/gcc/arm-none-eabi/15.2.1/../../../../arm-none-eabi/lib/thumb/v8-m.main+dp/hard/libc.a(libc_a-fflush.o)
 .ARM.attributes
                0x000007ae       0x36 /Users/seungwon/test/.tools/xpack-arm-none-eabi-gcc-15.2.1-1.1/bin/../lib/gcc/arm-none-eabi/15.2.1/../../../../arm-none-eabi/lib/thumb/v8-m.main+dp/hard/libc.a(libc_a-findfp.o)
 .ARM.attributes
                0x000007e4       0x36 /Users/seungwon/test/.tools/xpack-arm-none-eabi-gcc-15.2.1-1.1/bin/../lib/gcc/arm-none-eabi/15.2.1/../../../../arm-none-eabi/lib/thumb/v8-m.main+dp/hard/libc.a(libc_a-memcmp.o)
 .ARM.attributes
                0x0000081a       0x36 /Users/seungwon/test/.tools/xpack-arm-none-eabi-gcc-15.2.1-1.1/bin/../lib/gcc/arm-none-eabi/15.2.1/../../../../arm-none-eabi/lib/thumb/v8-m.main+dp/hard/libc.a(libc_a-memmove.o)
 .ARM.attributes
                0x00000850       0x36 /Users/seungwon/test/.tools/xpack-arm-none-eabi-gcc-15.2.1-1.1/bin/../lib/gcc/arm-none-eabi/15.2.1/../../../../arm-none-eabi/lib/thumb/v8-m.main+dp/hard/libc.a(libc_a-memset.o)
 .ARM.attributes
                0x00000886       0x36 /Users/seungwon/test/.tools/xpack-arm-none-eabi-gcc-15.2.1-1.1/bin/../lib/gcc/arm-none-eabi/15.2.1/../../../../arm-none-eabi/lib/thumb/v8-m.main+dp/hard/libc.a(libc_a-signal.o)
 .ARM.attributes
                0x000008bc       0x36 /Users/seungwon/test/.tools/xpack-arm-none-eabi-gcc-15.2.1-1.1/bin/../lib/gcc/arm-none-eabi/15.2.1/../../../../arm-none-eabi/lib/thumb/v8-m.main+dp/hard/libc.a(libc_a-impure.o)
 .ARM.attributes
                0x000008f2       0x36 /Users/seungwon/test/.tools/xpack-arm-none-eabi-gcc-15.2.1-1.1/bin/../lib/gcc/arm-none-eabi/15.2.1/../../../../arm-none-eabi/lib/thumb/v8-m.main+dp/hard/libc.a(libc_a-signalr.o)
 .ARM.attributes
                0x00000928       0x36 /Users/seungwon/test/.tools/xpack-arm-none-eabi-gcc-15.2.1-1.1/bin/../lib/gcc/arm-none-eabi/15.2.1/../../../../arm-none-eabi/lib/thumb/v8-m.main+dp/hard/libc.a(libc_a-sbrkr.o)
 .ARM.attributes
                0x0000095e       0x36 /Users/seungwon/test/.tools/xpack-arm-none-eabi-gcc-15.2.1-1.1/bin/../lib/gcc/arm-none-eabi/15.2.1/../../../../arm-none-eabi/lib/thumb/v8-m.main+dp/hard/libc.a(libc_a-errno.o)
 .ARM.attributes
                0x00000994       0x36 /Users/seungwon/test/.tools/xpack-arm-none-eabi-gcc-15.2.1-1.1/bin/../lib/gcc/arm-none-eabi/15.2.1/../../../../arm-none-eabi/lib/thumb/v8-m.main+dp/hard/libc.a(libc_a-sysconf.o)
 .ARM.attributes
                0x000009ca       0x36 /Users/seungwon/test/.tools/xpack-arm-none-eabi-gcc-15.2.1-1.1/bin/../lib/gcc/arm-none-eabi/15.2.1/../../../../arm-none-eabi/lib/thumb/v8-m.main+dp/hard/libc.a(libc_a-init.o)
 .ARM.attributes
                0x00000a00       0x36 /Users/seungwon/test/.tools/xpack-arm-none-eabi-gcc-15.2.1-1.1/bin/../lib/gcc/arm-none-eabi/15.2.1/../../../../arm-none-eabi/lib/thumb/v8-m.main+dp/hard/libc.a(libc_a-fini.o)
 .ARM.attributes
                0x00000a36       0x36 /Users/seungwon/test/.tools/xpack-arm-none-eabi-gcc-15.2.1-1.1/bin/../lib/gcc/arm-none-eabi/15.2.1/../../../../arm-none-eabi/lib/thumb/v8-m.main+dp/hard/libc.a(libc_a-lock.o)
 .ARM.attributes
                0x00000a6c       0x22 /Users/seungwon/test/.tools/xpack-arm-none-eabi-gcc-15.2.1-1.1/bin/../lib/gcc/arm-none-eabi/15.2.1/../../../../arm-none-eabi/lib/thumb/v8-m.main+dp/hard/libc.a(libc_a-memcpy.o)
 .ARM.attributes
                0x00000a8e       0x36 /Users/seungwon/test/.tools/xpack-arm-none-eabi-gcc-15.2.1-1.1/bin/../lib/gcc/arm-none-eabi/15.2.1/../../../../arm-none-eabi/lib/thumb/v8-m.main+dp/hard/libc.a(libc_a-strlen-stub.o)
 .ARM.attributes
                0x00000ac4       0x36 /Users/seungwon/test/.tools/xpack-arm-none-eabi-gcc-15.2.1-1.1/bin/../lib/gcc/arm-none-eabi/15.2.1/../../../../arm-none-eabi/lib/thumb/v8-m.main+dp/hard/libc.a(libc_a-__atexit.o)
 .ARM.attributes
                0x00000afa       0x36 /Users/seungwon/test/.tools/xpack-arm-none-eabi-gcc-15.2.1-1.1/bin/../lib/gcc/arm-none-eabi/15.2.1/../../../../arm-none-eabi/lib/thumb/v8-m.main+dp/hard/libc.a(libc_a-__call_atexit.o)
 .ARM.attributes
                0x00000b30       0x36 /Users/seungwon/test/.tools/xpack-arm-none-eabi-gcc-15.2.1-1.1/bin/../lib/gcc/arm-none-eabi/15.2.1/../../../../arm-none-eabi/lib/thumb/v8-m.main+dp/hard/libc.a(libc_a-freer.o)
 .ARM.attributes
                0x00000b66       0x36 /Users/seungwon/test/.tools/xpack-arm-none-eabi-gcc-15.2.1-1.1/bin/../lib/gcc/arm-none-eabi/15.2.1/../../../../arm-none-eabi/lib/thumb/v8-m.main+dp/hard/libc.a(libc_a-vfprintf.o)
 .ARM.attributes
                0x00000b9c       0x36 /Users/seungwon/test/.tools/xpack-arm-none-eabi-gcc-15.2.1-1.1/bin/../lib/gcc/arm-none-eabi/15.2.1/../../../../arm-none-eabi/lib/thumb/v8-m.main+dp/hard/libc.a(libc_a-fvwrite.o)
 .ARM.attributes
                0x00000bd2       0x36 /Users/seungwon/test/.tools/xpack-arm-none-eabi-gcc-15.2.1-1.1/bin/../lib/gcc/arm-none-eabi/15.2.1/../../../../arm-none-eabi/lib/thumb/v8-m.main+dp/hard/libc.a(libc_a-fwalk.o)
 .ARM.attributes
                0x00000c08       0x36 /Users/seungwon/test/.tools/xpack-arm-none-eabi-gcc-15.2.1-1.1/bin/../lib/gcc/arm-none-eabi/15.2.1/../../../../arm-none-eabi/lib/thumb/v8-m.main+dp/hard/libc.a(libc_a-reallocr.o)
 .ARM.attributes
                0x00000c3e       0x36 /Users/seungwon/test/.tools/xpack-arm-none-eabi-gcc-15.2.1-1.1/bin/../lib/gcc/arm-none-eabi/15.2.1/../../../../arm-none-eabi/lib/thumb/v8-m.main+dp/hard/libc.a(libc_a-sprint_r.o)
 .ARM.attributes
                0x00000c74       0x36 /Users/seungwon/test/.tools/xpack-arm-none-eabi-gcc-15.2.1-1.1/bin/../lib/gcc/arm-none-eabi/15.2.1/../../../../arm-none-eabi/lib/thumb/v8-m.main+dp/hard/libc.a(libc_a-fclose.o)
 .ARM.attributes
                0x00000caa       0x36 /Users/seungwon/test/.tools/xpack-arm-none-eabi-gcc-15.2.1-1.1/bin/../lib/gcc/arm-none-eabi/15.2.1/../../../../arm-none-eabi/lib/thumb/v8-m.main+dp/hard/libc.a(libc_a-stdio.o)
 .ARM.attributes