Archive member included to satisfy reference by file (symbol)

/Users/seungwon/test/.tools/xpack-arm-none-eabi-gcc-15.2.1-1.1/bin/../lib/gcc/arm-none-eabi/15.2.1/../../../../arm-none-eabi/lib/thumb/v8-m.main+dp/hard/libc.a(libc_a-abort.o)
                              build/full/192f/mve-refmat/benchmark/rng.c.o (abort)
/Users/seungwon/test/.tools/xpack-arm-none-eabi-gcc-15.2.1-1.1/bin/../lib/gcc/arm-none-eabi/15.2.1/../../../../arm-none-eabi/lib/thumb/v8-m.main+dp/hard/libc.a(libc_a-atexit.o)
                              /Users/seungwon/test/.tools/xpack-arm-none-eabi-gcc-15.2.1-1.1/bin/../lib/gcc/arm-none-eabi/15.2.1/../../../../arm-none-eabi/lib/thumb/v8-m.main+dp/hard/crt0.o (atexit)
/Users/seungwon/test/.tools/xpack-arm-none-eabi-gcc-15.2.1-1.1/bin/../lib/gcc/arm-none-eabi/15.2.1/../../../../arm-none-eabi/lib/thumb/v8-m.main+dp/hard/libc.a(libc_a-calloc.o)
                              build/full/192f/mve-refmat/benchmark/sign.c.o (calloc)
/Users/seungwon/test/.tools/xpack-arm-none-eabi-gcc-15.2.1-1.1/bin/../lib/gcc/arm-none-eabi/15.2.1/../../../../arm-none-eabi/lib/thumb/v8-m.main+dp/hard/libc.a(libc_a-callocr.o)
                              /Users/seungwon/test/.tools/xpack-arm-none-eabi-gcc-15.2.1-1.1/bin/../lib/gcc/arm-none-eabi/15.2.1/../../../../arm-none-eabi/lib/thumb/v8-m.main+dp/hard/libc.a(libc_a-calloc.o) (_calloc_r)
/Users/seungwon/test/.tools/xpack-arm-none-eabi-gcc-15.2.1-1.1/bin/../lib/gcc/arm-none-eabi/15.2.1/../../../../arm-none-eabi/lib/thumb/v8-m.main+dp/hard/libc.a(libc_a-exit.o)
                              /Users/seungwon/test/.tools/xpack-arm-none-eabi-gcc-15.2.1-1.1/bin/../lib/gcc/arm-none-eabi/15.2.1/../../../../arm-none-eabi/lib/thumb/v8-m.main+dp/hard/crt0.o (exit)
/Users/seungwon/test/.tools/xpack-arm-none-eabi-gcc-15.2.1-1.1/bin/../lib/gcc/arm-none-eabi/15.2.1/../../../../arm-none-eabi/lib/thumb/v8-m.main+dp/hard/libc.a(libc_a-malloc.o)
                              build/full/192f/mve-refmat/benchmark/sign_low_memory.c.o (malloc)
/Users/seungwon/test/.tools/xpack-arm-none-eabi-gcc-15.2.1-1.1/bin/../lib/gcc/arm-none-eabi/15.2.1/../../../../arm-none-eabi/lib/thumb/v8-m.main+dp/hard/libc.a(libc_a-mallocr.o)
                              /Users/seungwon/test/.tools/xpack-arm-none-eabi-gcc-15.2.1-1.1/bin/../lib/gcc/arm-none-eabi/15.2.1/../../../../arm-none-eabi/lib/thumb/v8-m.main+dp/hard/libc.a(libc_a-callocr.o) (_malloc_r)
/Users/seungwon/test/.tools/xpack-arm-none-eabi-gcc-15.2.1-1.1/bin/../lib/gcc/arm-none-eabi/15.2.1/../../../../arm-none-eabi/lib/thumb/v8-m.main+dp/hard/libc.a(libc_a-mlock.o)
                              /Users/seungwon/test/.tools/xpack-arm-none-eabi-gcc-15.2.1-1.1/bin/../lib/gcc/arm-none-eabi/15.2.1/../../../../arm-none-eabi/lib/thumb/v8-m.main+dp/hard/libc.a(libc_a-mallocr.o) (__malloc_lock)
/Users/seungwon/test/.tools/xpack-arm-none-eabi-gcc-15.2.1-1.1/bin/../lib/gcc/arm-none-eabi/15.2.1/../../../../arm-none-eabi/lib/thumb/v8-m.main+dp/hard/libc.a(libc_a-fwrite.o)
                              build/full/192f/mve-refmat/benchmark/rng.c.o (fwrite)
/Users/seungwon/test/.tools/xpack-arm-none-eabi-gcc-15.2.1-1.1/bin/../lib/gcc/arm-none-eabi/15.2.1/../../../../arm-none-eabi/lib/thumb/v8-m.main+dp/hard/libc.a(libc_a-printf.o)
                              build/full/192f/mve-refmat/benchmark/benchmark.c.o (printf)
/Users/seungwon/test/.tools/xpack-arm-none-eabi-gcc-15.2.1-1.1/bin/../lib/gcc/arm-none-eabi/15.2.1/../../../../arm-none-eabi/lib/thumb/v8-m.main+dp/hard/libc.a(libc_a-puts.o)
                              build/full/192f/mve-refmat/benchmark/platform.c.o (puts)
/Users/seungwon/test/.tools/xpack-arm-none-eabi-gcc-15.2.1-1.1/bin/../lib/gcc/arm-none-eabi/15.2.1/../../../../arm-none-eabi/lib/thumb/v8-m.main+dp/hard/libc.a(libc_a-fflush.o)
                              build/full/192f/mve-refmat/benchmark/platform.c.o (fflush)
/Users/seungwon/test/.tools/xpack-arm-none-eabi-gcc-15.2.1-1.1/bin/../lib/gcc/arm-none-eabi/15.2.1/../../../../arm-none-eabi/lib/thumb/v8-m.main+dp/hard/libc.a(libc_a-findfp.o)
                              /Users/seungwon/test/.tools/xpack-arm-none-eabi-gcc-15.2.1-1.1/bin/../lib/gcc/arm-none-eabi/15.2.1/../../../../arm-none-eabi/lib/thumb/v8-m.main+dp/hard/libc.a(libc_a-fflush.o) (__sglue)
/Users/seungwon/test/.tools/xpack-arm-none-eabi-gcc-15.2.1-1.1/bin/../lib/gcc/arm-none-eabi/15.2.1/../../../../arm-none-eabi/lib/thumb/v8-m.main+dp/hard/libc.a(libc_a-memcmp.o)
                              build/full/192f/mve-refmat/benchmark/verify_batch.c.o (memcmp)
/Users/seungwon/test/.tools/xpack-arm-none-eabi-gcc-15.2.1-1.1/bin/../lib/gcc/arm-none-eabi/15.2.1/../../../../arm-none-eabi/lib/thumb/v8-m.main+dp/hard/libc.a(libc_a-memmove.o)
                              build/full/192f/mve-refmat/benchmark/verify_batch.c.o (memmove)
/Users/seungwon/test/.tools/xpack-arm-none-eabi-gcc-15.2.1-1.1/bin/../lib/gcc/arm-none-eabi/15.2.1/../../../../arm-none-eabi/lib/thumb/v8-m.main+dp/hard/libc.a(libc_a-memset.o)
[...]
Memory Configuration

Name             Origin             Length             Attributes
ROM              0x34180400         0x0003fc00         xrw
BOOTRAM          0x341c0000         0x00040000         xrw
HEAPRAM          0x34200000         0x001c0000         xrw
*default*        0x00000000         0xffffffff

Linker script and memory map

LOAD /Users/seungwon/test/.tools/xpack-arm-none-eabi-gcc-15.2.1-1.1/bin/../lib/gcc/arm-none-eabi/15.2.1/thumb/v8-m.main+dp/hard/crti.o
LOAD /Users/seungwon/test/.tools/xpack-arm-none-eabi-gcc-15.2.1-1.1/bin/../lib/gcc/arm-none-eabi/15.2.1/thumb/v8-m.main+dp/hard/crtbegin.o
LOAD /Users/seungwon/test/.tools/xpack-arm-none-eabi-gcc-15.2.1-1.1/bin/../lib/gcc/arm-none-eabi/15.2.1/../../../../arm-none-eabi/lib/thumb/v8-m.main+dp/hard/crt0.o
LOAD build/full/192f/mve-refmat/benchmark/benchmark.c.o
LOAD build/full/192f/mve-refmat/benchmark/sign_low_memory.c.o
LOAD build/full/192f/mve-refmat/benchmark/verify_batch.c.o
LOAD build/full/192f/mve-refmat/benchmark/field_batch.c.o
LOAD build/full/192f/mve-refmat/benchmark/mpc_batch.c.o
LOAD build/full/192f/mve-refmat/benchmark/aim3.c.o
LOAD build/full/192f/mve-refmat/benchmark/hash.c.o
LOAD build/full/192f/mve-refmat/benchmark/sign.c.o
LOAD build/full/192f/mve-refmat/benchmark/tree.c.o
LOAD build/full/192f/mve-refmat/benchmark/field_common.c.o
LOAD build/full/192f/mve-refmat/benchmark/field_mve.c.o
LOAD build/full/192f/mve-refmat/benchmark/matvec_reference.c.o
LOAD build/full/192f/mve-refmat/benchmark/aes.c.o
LOAD build/full/192f/mve-refmat/benchmark/fips202.c.o
LOAD build/full/192f/mve-refmat/benchmark/rng.c.o
LOAD build/full/192f/mve-refmat/benchmark/platform.c.o
LOAD build/full/192f/mve-refmat/benchmark/system_stm32n6xx_fsbl.c.o
LOAD build/full/192f/mve-refmat/benchmark/stm32n6xx_hal.c.o
LOAD build/full/192f/mve-refmat/benchmark/stm32n6xx_hal_cortex.c.o
LOAD build/full/192f/mve-refmat/benchmark/stm32n6xx_hal_pwr.c.o
LOAD build/full/192f/mve-refmat/benchmark/stm32n6xx_hal_pwr_ex.c.o
LOAD build/full/192f/mve-refmat/benchmark/stm32n6xx_hal_rcc.c.o
LOAD build/full/192f/mve-refmat/benchmark/stm32n6xx_hal_rcc_ex.c.o
LOAD build/full/192f/mve-refmat/benchmark/startup_stm32n657x0hxq_fsbl.s.o
LOAD /Users/seungwon/test/.tools/xpack-arm-none-eabi-gcc-15.2.1-1.1/bin/../lib/gcc/arm-none-eabi/15.2.1/../../../../arm-none-eabi/lib/thumb/v8-m.main+dp/hard/libc.a
LOAD /Users/seungwon/test/.tools/xpack-arm-none-eabi-gcc-15.2.1-1.1/bin/../lib/gcc/arm-none-eabi/15.2.1/../../../../arm-none-eabi/lib/thumb/v8-m.main+dp/hard/libm.a
START GROUP
LOAD /Users/seungwon/test/.tools/xpack-arm-none-eabi-gcc-15.2.1-1.1/bin/../lib/gcc/arm-none-eabi/15.2.1/thumb/v8-m.main+dp/hard/libgcc.a
LOAD /Users/seungwon/test/.tools/xpack-arm-none-eabi-gcc-15.2.1-1.1/bin/../lib/gcc/arm-none-eabi/15.2.1/../../../../arm-none-eabi/lib/thumb/v8-m.main+dp/hard/libc.a
END GROUP
START GROUP
LOAD /Users/seungwon/test/.tools/xpack-arm-none-eabi-gcc-15.2.1-1.1/bin/../lib/gcc/arm-none-eabi/15.2.1/thumb/v8-m.main+dp/hard/libgcc.a
LOAD /Users/seungwon/test/.tools/xpack-arm-none-eabi-gcc-15.2.1-1.1/bin/../lib/gcc/arm-none-eabi/15.2.1/../../../../arm-none-eabi/lib/thumb/v8-m.main+dp/hard/libc.a
LOAD /Users/seungwon/test/.tools/xpack-arm-none-eabi-gcc-15.2.1-1.1/bin/../lib/gcc/arm-none-eabi/15.2.1/../../../../arm-none-eabi/lib/thumb/v8-m.main+dp/hard/libnosys.a
END GROUP
LOAD /Users/seungwon/test/.tools/xpack-arm-none-eabi-gcc-15.2.1-1.1/bin/../lib/gcc/arm-none-eabi/15.2.1/thumb/v8-m.main+dp/hard/crtend.o
LOAD /Users/seungwon/test/.tools/xpack-arm-none-eabi-gcc-15.2.1-1.1/bin/../lib/gcc/arm-none-eabi/15.2.1/thumb/v8-m.main+dp/hard/crtn.o
                0x00001000                        _Min_Heap_Size = 0x1000
                0x00020000                        _Min_Stack_Size = 0x20000
                0x34200000                        _estack = (ORIGIN (BOOTRAM) + LENGTH (BOOTRAM))
                0x341e0000                        _sstack = (_estack - _Min_Stack_Size)

.isr_vector     0x34180400      0x34c
                0x34180400                        . = ALIGN (0x400)
 *(.isr_vector)
 .isr_vector    0x34180400      0x34c build/full/192f/mve-refmat/benchmark/startup_stm32n657x0hxq_fsbl.s.o
                0x34180400                g_pfnVectors
                0x3418074c                        . = ALIGN (0x4)

.text           0x34180750    0x116a8
                0x34180750                        . = ALIGN (0x4)
 *(.text .text*)
 .text.__do_global_dtors_aux
                0x34180750       0x28 /Users/seungwon/test/.tools/xpack-arm-none-eabi-gcc-15.2.1-1.1/bin/../lib/gcc/arm-none-eabi/15.2.1/thumb/v8-m.main+dp/hard/crtbegin.o
 .text.frame_dummy
                0x34180778       0x1c /Users/seungwon/test/.tools/xpack-arm-none-eabi-gcc-15.2.1-1.1/bin/../lib/gcc/arm-none-eabi/15.2.1/thumb/v8-m.main+dp/hard/crtbegin.o
 .text.fill_field
                0x34180794       0xb0 build/full/192f/mve-refmat/benchmark/benchmark.c.o
 *fill*         0x34180844        0x4 
 .text.print_stats
                0x34180848      0x1e8 build/full/192f/mve-refmat/benchmark/benchmark.c.o
 .text.run_e2e  0x34180a30      0x1ac build/full/192f/mve-refmat/benchmark/benchmark.c.o
 .text.benchmark_field_kernels
                0x34180bdc      0xc88 build/full/192f/mve-refmat/benchmark/benchmark.c.o
 .text.startup.main
                0x34181864      0x298 build/full/192f/mve-refmat/benchmark/benchmark.c.o
                0x34181864                main
 .text.__wrap_samsungsds_aimer_192f_ref_crypto_sign_signature
                0x34181afc      0xa08 build/full/192f/mve-refmat/benchmark/sign_low_memory.c.o
                0x34181afc                __wrap_samsungsds_aimer_192f_ref_crypto_sign_signature
 .text.m55_crypto_sign_verify_internal
                0x34182504      0x694 build/full/192f/mve-refmat/benchmark/verify_batch.c.o
 .text.__wrap_samsungsds_aimer_192f_ref_crypto_sign_verify
                0x34182b98       0x48 build/full/192f/mve-refmat/benchmark/verify_batch.c.o
                0x34182b98                __wrap_samsungsds_aimer_192f_ref_crypto_sign_verify
 .text.m55_square_reduce_batch4
                0x34182be0      0x1dc build/full/192f/mve-refmat/benchmark/field_batch.c.o
 .text.m55_gf_mul_const_batch4
                0x34182dbc      0x3bc build/full/192f/mve-refmat/benchmark/field_batch.c.o
                0x34182dbc                m55_gf_mul_const_batch4
 .text.m55_gf_frobenius_batch4
                0x34183178      0x364 build/full/192f/mve-refmat/benchmark/field_batch.c.o
                0x34183178                m55_gf_frobenius_batch4
 .text.m55_gf_sqr_batch4
                0x341834dc      0x3ac build/full/192f/mve-refmat/benchmark/field_batch.c.o
                0x341834dc                m55_gf_sqr_batch4
 .text.m55_aim3_mpc_batch4
                0x34183888      0x238 build/full/192f/mve-refmat/benchmark/mpc_batch.c.o
                0x34183888                m55_aim3_mpc_batch4
 .text.squeeze_invertible_matrix
                0x34183ac0      0x184 build/full/192f/mve-refmat/benchmark/aim3.c.o
 .text.samsungsds_aimer_192f_ref_aim3_generate_linear
                0x34183c44       0x54 build/full/192f/mve-refmat/benchmark/aim3.c.o
                0x34183c44                samsungsds_aimer_192f_ref_aim3_generate_linear
 .text.samsungsds_aimer_192f_ref_aim3_nozeroinpsb
                0x34183c98      0x18c build/full/192f/mve-refmat/benchmark/aim3.c.o
                0x34183c98                samsungsds_aimer_192f_ref_aim3_nozeroinpsb
 .text.samsungsds_aimer_192f_ref_aim3_sbox_outputs
                0x34183e24       0x94 build/full/192f/mve-refmat/benchmark/aim3.c.o
                0x34183e24                samsungsds_aimer_192f_ref_aim3_sbox_outputs
 .text.samsungsds_aimer_192f_ref_aim3_mpc
                0x34183eb8      0x130 build/full/192f/mve-refmat/benchmark/aim3.c.o
                0x34183eb8                samsungsds_aimer_192f_ref_aim3_mpc
 .text.samsungsds_aimer_192f_ref_hash_init
                0x34183fe8        0x4 build/full/192f/mve-refmat/benchmark/hash.c.o
                0x34183fe8                samsungsds_aimer_192f_ref_hash_init
 .text.samsungsds_aimer_192f_ref_hash_init_prefix
                0x34183fec       0x20 build/full/192f/mve-refmat/benchmark/hash.c.o
                0x34183fec                samsungsds_aimer_192f_ref_hash_init_prefix
 .text.samsungsds_aimer_192f_ref_hash_update
                0x3418400c        0x4 build/full/192f/mve-refmat/benchmark/hash.c.o
                0x3418400c                samsungsds_aimer_192f_ref_hash_update
 .text.samsungsds_aimer_192f_ref_hash_final
                0x34184010        0x4 build/full/192f/mve-refmat/benchmark/hash.c.o
                0x34184010                samsungsds_aimer_192f_ref_hash_final
 .text.samsungsds_aimer_192f_ref_hash_squeeze
                0x34184014        0xc build/full/192f/mve-refmat/benchmark/hash.c.o
                0x34184014                samsungsds_aimer_192f_ref_hash_squeeze
 .text.samsungsds_aimer_192f_ref_hash_ctx_release
                0x34184020        0x4 build/full/192f/mve-refmat/benchmark/hash.c.o
                0x34184020                samsungsds_aimer_192f_ref_hash_ctx_release
 .text.samsungsds_aimer_192f_ref_crypto_sign_keypair
                0x34184024       0xcc build/full/192f/mve-refmat/benchmark/sign.c.o
                0x34184024                samsungsds_aimer_192f_ref_crypto_sign_keypair
 .text.samsungsds_aimer_192f_ref_expand_tree
                0x341840f0       0x90 build/full/192f/mve-refmat/benchmark/tree.c.o
                0x341840f0                samsungsds_aimer_192f_ref_expand_tree
 .text.samsungsds_aimer_192f_ref_reveal_all_but
                0x34184180       0x4c build/full/192f/mve-refmat/benchmark/tree.c.o
                0x34184180                samsungsds_aimer_192f_ref_reveal_all_but
 .text.samsungsds_aimer_192f_ref_reconstruct_tree
                0x341841cc      0x114 build/full/192f/mve-refmat/benchmark/tree.c.o
                0x341841cc                samsungsds_aimer_192f_ref_reconstruct_tree
 .text.samsungsds_aimer_192f_ref_gf_to_bytes
                0x341842e0       0x94 build/full/192f/mve-refmat/benchmark/field_common.c.o
                0x341842e0                samsungsds_aimer_192f_ref_gf_to_bytes
 .text.samsungsds_aimer_192f_ref_gf_from_bytes
                0x34184374      0x148 build/full/192f/mve-refmat/benchmark/field_common.c.o
                0x34184374                samsungsds_aimer_192f_ref_gf_from_bytes
 .text.samsungsds_aimer_192f_ref_gf_set0
                0x341844bc       0x14 build/full/192f/mve-refmat/benchmark/field_common.c.o
                0x341844bc                samsungsds_aimer_192f_ref_gf_set0
 .text.samsungsds_aimer_192f_ref_gf_is0
                0x341844d0       0x24 build/full/192f/mve-refmat/benchmark/field_common.c.o
                0x341844d0                samsungsds_aimer_192f_ref_gf_is0
 .text.samsungsds_aimer_192f_ref_gf_copy
                0x341844f4       0x1c build/full/192f/mve-refmat/benchmark/field_common.c.o
                0x341844f4                samsungsds_aimer_192f_ref_gf_copy
 .text.samsungsds_aimer_192f_ref_gf_add
                0x34184510       0x48 build/full/192f/mve-refmat/benchmark/field_common.c.o
                0x34184510                samsungsds_aimer_192f_ref_gf_add
 .text.samsungsds_aimer_192f_ref_gf_inv
                0x34184558       0x58 build/full/192f/mve-refmat/benchmark/field_common.c.o
                0x34184558                samsungsds_aimer_192f_ref_gf_inv
 .text.samsungsds_aimer_192f_ref_gf_mul_add
                0x341845b0       0x40 build/full/192f/mve-refmat/benchmark/field_common.c.o
                0x341845b0                samsungsds_aimer_192f_ref_gf_mul_add
 .text.samsungsds_aimer_192f_ref_gf_mat_vec_mul_add
                0x341845f0       0x40 build/full/192f/mve-refmat/benchmark/field_common.c.o
                0x341845f0                samsungsds_aimer_192f_ref_gf_mat_vec_mul_add
 .text.m55_gf_reduce_words
                0x34184630       0xf4 build/full/192f/mve-refmat/benchmark/field_mve.c.o
 .text.m55_clmul_convolution
                0x34184724      0x10c build/full/192f/mve-refmat/benchmark/field_mve.c.o
 .text.samsungsds_aimer_192f_ref_gf_mul
                0x34184830      0x148 build/full/192f/mve-refmat/benchmark/field_mve.c.o
                0x34184830                samsungsds_aimer_192f_ref_gf_mul
 .text.samsungsds_aimer_192f_ref_gf_sqr
                0x34184978      0x338 build/full/192f/mve-refmat/benchmark/field_mve.c.o
                0x34184978                samsungsds_aimer_192f_ref_gf_sqr
 .text.samsungsds_aimer_192f_ref_gf_mat_vec_mul
                0x34184cb0      0x1e0 build/full/192f/mve-refmat/benchmark/matvec_reference.c.o
                0x34184cb0                samsungsds_aimer_192f_ref_gf_mat_vec_mul
 .text.br_aes_ct64_bitslice_Sbox
                0x34184e90      0x4ec build/full/192f/mve-refmat/benchmark/aes.c.o
 .text.br_aes_ct64_ortho
                0x3418537c      0x3f8 build/full/192f/mve-refmat/benchmark/aes.c.o
 .text.aes_ecb4x.constprop.0
                0x34185774     0x1274 build/full/192f/mve-refmat/benchmark/aes.c.o
 .text.aes256_ecb_keyexp
                0x341869e8      0x33c build/full/192f/mve-refmat/benchmark/aes.c.o
                0x341869e8                aes256_ecb_keyexp
 .text.aes256_ecb
                0x34186d24       0xa4 build/full/192f/mve-refmat/benchmark/aes.c.o
                0x34186d24                aes256_ecb
 .text.aes256_ctx_release
                0x34186dc8        0x8 build/full/192f/mve-refmat/benchmark/aes.c.o
                0x34186dc8                aes256_ctx_release
 .text.KeccakF1600_StatePermute
                0x34186dd0      0xef4 build/full/192f/mve-refmat/benchmark/fips202.c.o
 .text.keccak_inc_absorb
                0x34187cc4      0x124 build/full/192f/mve-refmat/benchmark/fips202.c.o
 .text.shake256_inc_init
                0x34187de8       0x28 build/full/192f/mve-refmat/benchmark/fips202.c.o
                0x34187de8                shake256_inc_init
 .text.shake256_inc_absorb
                0x34187e10        0xc build/full/192f/mve-refmat/benchmark/fips202.c.o
                0x34187e10                shake256_inc_absorb
 .text.shake256_inc_finalize
                0x34187e1c       0x48 build/full/192f/mve-refmat/benchmark/fips202.c.o
                0x34187e1c                shake256_inc_finalize
 .text.shake256_inc_squeeze
                0x34187e64      0x114 build/full/192f/mve-refmat/benchmark/fips202.c.o
                0x34187e64                shake256_inc_squeeze
 .text.shake256_inc_ctx_release
                0x34187f78        0x8 build/full/192f/mve-refmat/benchmark/fips202.c.o
                0x34187f78                shake256_inc_ctx_release
 .text.randombytes
                0x34187f80      0x350 build/full/192f/mve-refmat/benchmark/rng.c.o
                0x34187f80                randombytes
 .text.AES256_CTR_DRBG_Update
                0x341882d0      0x15c build/full/192f/mve-refmat/benchmark/rng.c.o
                0x341882d0                AES256_CTR_DRBG_Update
 .text.randombytes_init
                0x3418842c       0x88 build/full/192f/mve-refmat/benchmark/rng.c.o
                0x3418842c                randombytes_init
 .text.__wrap__write
                0x341884b4       0x58 build/full/192f/mve-refmat/benchmark/platform.c.o
                0x341884b4                __wrap__write
 .text.__wrap__read
                0x3418850c       0x14 build/full/192f/mve-refmat/benchmark/platform.c.o
                0x3418850c                __wrap__read
 .text._sbrk    0x34188520       0x6c build/full/192f/mve-refmat/benchmark/platform.c.o
                0x34188520                _sbrk
 .text.SysTick_Handler
                0x3418858c       0x24 build/full/192f/mve-refmat/benchmark/platform.c.o
                0x3418858c                SysTick_Handler
 .text.m55_measure_start
                0x341885b0       0x1c build/full/192f/mve-refmat/benchmark/platform.c.o
                0x341885b0                m55_measure_start
 .text.m55_measure_end
                0x341885cc       0x14 build/full/192f/mve-refmat/benchmark/platform.c.o
                0x341885cc                m55_measure_end
 .text.m55_measure_start64
                0x341885e0       0x8c build/full/192f/mve-refmat/benchmark/platform.c.o
                0x341885e0                m55_measure_start64
 .text.m55_measure_end64
                0x3418866c       0x94 build/full/192f/mve-refmat/benchmark/platform.c.o
                0x3418866c                m55_measure_end64
 .text.m55_long_timer_hz
                0x34188700        0xc build/full/192f/mve-refmat/benchmark/platform.c.o
                0x34188700                m55_long_timer_hz
 .text.m55_cpu_hz
                0x3418870c        0xc build/full/192f/mve-refmat/benchmark/platform.c.o
                0x3418870c                m55_cpu_hz
 .text.m55_static_ram_bytes
                0x34188718       0x10 build/full/192f/mve-refmat/benchmark/platform.c.o
                0x34188718                m55_static_ram_bytes
 .text.m55_stack_reserved_bytes
                0x34188728       0x10 build/full/192f/mve-refmat/benchmark/platform.c.o
                0x34188728                m55_stack_reserved_bytes
 .text.m55_stack_peak_bytes
                0x34188738       0x2c build/full/192f/mve-refmat/benchmark/platform.c.o
                0x34188738                m55_stack_peak_bytes
 .text.m55_heap_capacity_bytes
                0x34188764       0x10 build/full/192f/mve-refmat/benchmark/platform.c.o
                0x34188764                m55_heap_capacity_bytes
 .text.m55_heap_peak_bytes
                0x34188774       0x18 build/full/192f/mve-refmat/benchmark/platform.c.o
                0x34188774                m55_heap_peak_bytes
 .text.Error_Handler
                0x3418878c       0x20 build/full/192f/mve-refmat/benchmark/platform.c.o
                0x3418878c                Error_Handler
 .text.__wrap_main
                0x341887ac      0x340 build/full/192f/mve-refmat/benchmark/platform.c.o
                0x341887ac                __wrap_main
 .text.SystemInit
                0x34188aec      0x16c build/full/192f/mve-refmat/benchmark/system_stm32n6xx_fsbl.c.o
                0x34188aec                SystemInit
 .text.SystemCoreClockUpdate
                0x34188c58      0x1e4 build/full/192f/mve-refmat/benchmark/system_stm32n6xx_fsbl.c.o
                0x34188c58                SystemCoreClockUpdate
 .text.SECURE_SystemCoreClockUpdate
                0x34188e3c      0x1e0 build/full/192f/mve-refmat/benchmark/system_stm32n6xx_fsbl.c.o
                0x34188e3c                __acle_se_SECURE_SystemCoreClockUpdate
 .text.HAL_MspInit
                0x3418901c        0x4 build/full/192f/mve-refmat/benchmark/stm32n6xx_hal.c.o
                0x3418901c                HAL_MspInit
 .text.HAL_InitTick
                0x34189020       0x54 build/full/192f/mve-refmat/benchmark/stm32n6xx_hal.c.o
                0x34189020                HAL_InitTick
 .text.HAL_Init
                0x34189074       0x28 build/full/192f/mve-refmat/benchmark/stm32n6xx_hal.c.o
                0x34189074                HAL_Init
 .text.HAL_GetTick
                0x3418909c        0xc build/full/192f/mve-refmat/benchmark/stm32n6xx_hal.c.o
                0x3418909c                HAL_GetTick
 .text.HAL_NVIC_SetPriorityGrouping
                0x341890a8       0x24 build/full/192f/mve-refmat/benchmark/stm32n6xx_hal_cortex.c.o
                0x341890a8                HAL_NVIC_SetPriorityGrouping
 .text.HAL_NVIC_SetPriority
                0x341890cc       0x64 build/full/192f/mve-refmat/benchmark/stm32n6xx_hal_cortex.c.o
                0x341890cc                HAL_NVIC_SetPriority
 .text.HAL_SYSTICK_Config
                0x34189130       0x30 build/full/192f/mve-refmat/benchmark/stm32n6xx_hal_cortex.c.o
                0x34189130                HAL_SYSTICK_Config
 .text.HAL_PWREx_ConfigSupply
                0x34189160       0x34 build/full/192f/mve-refmat/benchmark/stm32n6xx_hal_pwr_ex.c.o
                0x34189160                HAL_PWREx_ConfigSupply
 .text.HAL_PWREx_ControlVoltageScaling
                0x34189194       0x34 build/full/192f/mve-refmat/benchmark/stm32n6xx_hal_pwr_ex.c.o
                0x34189194                HAL_PWREx_ControlVoltageScaling
 .text.RCC_IC_CheckPLLSources
                0x341891c8       0xcc build/full/192f/mve-refmat/benchmark/stm32n6xx_hal_rcc.c.o
 .text.RCC_PLL_Config
                0x34189294      0x1a0 build/full/192f/mve-refmat/benchmark/stm32n6xx_hal_rcc.c.o
 .text.HAL_RCC_OscConfig
                0x34189434      0x984 build/full/192f/mve-refmat/benchmark/stm32n6xx_hal_rcc.c.o
                0x34189434                HAL_RCC_OscConfig
 .text.HAL_RCC_GetCpuClockFreq
                0x34189db8       0xb4 build/full/192f/mve-refmat/benchmark/stm32n6xx_hal_rcc.c.o
                0x34189db8                HAL_RCC_GetCpuClockFreq
 .text.HAL_RCC_ClockConfig
                0x34189e6c      0x2f8 build/full/192f/mve-refmat/benchmark/stm32n6xx_hal_rcc.c.o
                0x34189e6c                HAL_RCC_ClockConfig
 .text.HAL_RCC_GetClockConfig
                0x3418a164       0x88 build/full/192f/mve-refmat/benchmark/stm32n6xx_hal_rcc.c.o
                0x3418a164                HAL_RCC_GetClockConfig
 .text.HAL_RCCEx_GetPLL1CLKFreq
                0x3418a1ec      0x174 build/full/192f/mve-refmat/benchmark/stm32n6xx_hal_rcc_ex.c.o
                0x3418a1ec                HAL_RCCEx_GetPLL1CLKFreq
 .text.HAL_RCCEx_GetPLL2CLKFreq
                0x3418a360      0x174 build/full/192f/mve-refmat/benchmark/stm32n6xx_hal_rcc_ex.c.o
                0x3418a360                HAL_RCCEx_GetPLL2CLKFreq
 .text.HAL_RCCEx_GetPLL3CLKFreq
                0x3418a4d4      0x174 build/full/192f/mve-refmat/benchmark/stm32n6xx_hal_rcc_ex.c.o
                0x3418a4d4                HAL_RCCEx_GetPLL3CLKFreq
 .text.HAL_RCCEx_GetPLL4CLKFreq
                0x3418a648      0x174 build/full/192f/mve-refmat/benchmark/stm32n6xx_hal_rcc_ex.c.o
                0x3418a648                HAL_RCCEx_GetPLL4CLKFreq
 .text.Reset_Handler
                0x3418a7bc       0x5c build/full/192f/mve-refmat/benchmark/startup_stm32n657x0hxq_fsbl.s.o
                0x3418a7bc                Reset_Handler
 .text.Default_Handler
                0x3418a818        0x2 build/full/192f/mve-refmat/benchmark/startup_stm32n657x0hxq_fsbl.s.o
                0x3418a818                HASH_IRQHandler
                0x3418a818                EXTI2_IRQHandler
                0x3418a818                MCE2_IRQHandler
                0x3418a818                TIM8_CC_IRQHandler
                0x3418a818                USB2_OTG_HS_IRQHandler
                0x3418a818                SAI1_A_IRQHandler
                0x3418a818                EXTI5_IRQHandler
                0x3418a818                I3C1_ER_IRQHandler
                0x3418a818                DebugMon_Handler
                0x3418a818                UART8_IRQHandler
                0x3418a818                CTI_INT0_IRQHandler
                0x3418a818                SPI4_IRQHandler
                0x3418a818                LTDC_LO_IRQHandler
                0x3418a818                NPU2_IRQHandler
                0x3418a818                FDCAN3_IT0_IRQHandler
                0x3418a818                EXTI13_IRQHandler
                0x3418a818                TIM1_CC_IRQHandler
                0x3418a818                XSPI1_IRQHandler
                0x3418a818                HardFault_Handler
                0x3418a818                TIM10_IRQHandler
                0x3418a818                JPEG_IRQHandler
                0x3418a818                TAMP_IRQHandler
                0x3418a818                CACHE_ECC_IRQHandler
                0x3418a818                TIM6_IRQHandler
                0x3418a818                CSI_IRQHandler
                0x3418a818                EXTI12_IRQHandler
                0x3418a818                GFXTIM_IRQHandler
                0x3418a818                PendSV_Handler
                0x3418a818                NMI_Handler
                0x3418a818                EXTI3_IRQHandler
                0x3418a818                LPTIM4_IRQHandler
                0x3418a818                GPDMA1_Channel5_IRQHandler
                0x3418a818                EXTI8_IRQHandler
                0x3418a818                LPTIM2_IRQHandler
                0x3418a818                GFXMMU_IRQHandler
                0x3418a818                LTDC_LO_ERR_IRQHandler
                0x3418a818                I2C3_ER_IRQHandler
                0x3418a818                RIFSC_TAMPER_IRQHandler
                0x3418a818                USART10_IRQHandler
                0x3418a818                MDF1_FLT2_IRQHandler
                0x3418a818                LPTIM3_IRQHandler
                0x3418a818                SAI2_A_IRQHandler
                0x3418a818                EXTI0_IRQHandler
                0x3418a818                HPDMA1_Channel9_IRQHandler
                0x3418a818                I2C2_EV_IRQHandler
                0x3418a818                GPU2D_IRQHandler
                0x3418a818                FPU_IRQHandler
                0x3418a818                GPDMA1_Channel3_IRQHandler
                0x3418a818                GPDMA1_Channel7_IRQHandler
                0x3418a818                MDF1_FLT4_IRQHandler
                0x3418a818                FDCAN1_IT1_IRQHandler
                0x3418a818                HPDMA1_Channel3_IRQHandler
                0x3418a818                UsageFault_Handler
                0x3418a818                ADC1_2_IRQHandler
                0x3418a818                GPDMA1_Channel9_IRQHandler
                0x3418a818                SPI1_IRQHandler
                0x3418a818                CACHEAXI_IRQHandler
                0x3418a818                SAI1_B_IRQHandler
                0x3418a818                GPDMA1_Channel2_IRQHandler
                0x3418a818                PAHB_ERR_IRQHandler
                0x3418a818                TIM8_UP_IRQHandler
                0x3418a818                RCC_S_IRQHandler
                0x3418a818                MDF1_FLT1_IRQHandler
                0x3418a818                LTDC_UP_IRQHandler
                0x3418a818                LOCKUP_IRQHandler
                0x3418a818                PKA_IRQHandler
                0x3418a818                USART6_IRQHandler
                0x3418a818                HPDMA1_Channel2_IRQHandler
                0x3418a818                MDF1_FLT5_IRQHandler
                0x3418a818                MCE4_IRQHandler
                0x3418a818                I3C2_ER_IRQHandler
                0x3418a818                EXTI15_IRQHandler
                0x3418a818                TIM17_IRQHandler
                0x3418a818                USART3_IRQHandler
                0x3418a818                HPDMA1_Channel6_IRQHandler
                0x3418a818                CRYP_IRQHandler
                0x3418a818                RTC_IRQHandler
                0x3418a818                XSPI2_IRQHandler
                0x3418a818                EXTI9_IRQHandler
                0x3418a818                IAC_IRQHandler
                0x3418a818                HPDMA1_Channel0_IRQHandler
                0x3418a818                LPTIM5_IRQHandler
                0x3418a818                HPDMA1_Channel1_IRQHandler
                0x3418a818                UART5_IRQHandler
                0x3418a818                TIM4_IRQHandler
                0x3418a818                NPU3_IRQHandler
                0x3418a818                I3C2_EV_IRQHandler
                0x3418a818                I2C1_EV_IRQHandler
                0x3418a818                FDCAN_CU_IRQHandler
                0x3418a818                GPDMA1_Channel12_IRQHandler
                0x3418a818                HPDMA1_Channel7_IRQHandler
                0x3418a818                GPDMA1_Channel1_IRQHandler
                0x3418a818                TIM16_IRQHandler
                0x3418a818                GPDMA1_Channel15_IRQHandler
                0x3418a818                UART4_IRQHandler
                0x3418a818                SecureFault_Handler
                0x3418a818                TCM_ECC_IRQHandler
                0x3418a818                TIM3_IRQHandler
                0x3418a818                RCC_IRQHandler
                0x3418a818                UART9_IRQHandler
                0x3418a818                NPU1_IRQHandler
                0x3418a818                SAI2_B_IRQHandler
                0x3418a818                Default_Handler
                0x3418a818                GPDMA1_Channel8_IRQHandler
                0x3418a818                HPDMA1_Channel8_IRQHandler
                0x3418a818                TIM18_IRQHandler
                0x3418a818                TIM14_IRQHandler
                0x3418a818                TIM13_IRQHandler
                0x3418a818                CTI_INT1_IRQHandler
                0x3418a818                GPDMA1_Channel11_IRQHandler
                0x3418a818                GPU2D_ER_IRQHandler
                0x3418a818                SPI5_IRQHandler
                0x3418a818                TIM12_IRQHandler
                0x3418a818                TIM7_IRQHandler
                0x3418a818                FDCAN3_IT1_IRQHandler
                0x3418a818                HPDMA1_Channel10_IRQHandler
                0x3418a818                SDMMC1_IRQHandler
                0x3418a818                SAES_IRQHandler
                0x3418a818                TIM5_IRQHandler
                0x3418a818                UCPD1_IRQHandler
                0x3418a818                GPDMA1_Channel0_IRQHandler
                0x3418a818                I3C1_EV_IRQHandler
                0x3418a818                HPDMA1_Channel5_IRQHandler
                0x3418a818                TIM15_IRQHandler
                0x3418a818                I2C3_EV_IRQHandler
                0x3418a818                HPDMA1_Channel4_IRQHandler
                0x3418a818                HPDMA1_Channel15_IRQHandler
                0x3418a818                TIM9_IRQHandler
                0x3418a818                ETH1_IRQHandler
                0x3418a818                USB1_OTG_HS_IRQHandler
                0x3418a818                PVD_PVM_IRQHandler
                0x3418a818                SPI2_IRQHandler
                0x3418a818                TIM1_TRG_CCU_IRQHandler
                0x3418a818                HPDMA1_Channel11_IRQHandler
                0x3418a818                MemManage_Handler
                0x3418a818                EXTI14_IRQHandler
                0x3418a818                EXTI11_IRQHandler
                0x3418a818                VENC_IRQHandler
                0x3418a818                SVC_Handler
                0x3418a818                GPDMA1_Channel14_IRQHandler
                0x3418a818                EXTI4_IRQHandler
                0x3418a818                RTC_S_IRQHandler
                0x3418a818                GPDMA1_Channel13_IRQHandler
                0x3418a818                RNG_IRQHandler
                0x3418a818                XSPI3_IRQHandler
                0x3418a818                FDCAN2_IT1_IRQHandler
                0x3418a818                TIM1_UP_IRQHandler
                0x3418a818                NPU0_IRQHandler
                0x3418a818                BCK_ECC_IRQHandler
                0x3418a818                WWDG_IRQHandler
                0x3418a818                SPI6_IRQHandler
                0x3418a818                MDIOS_IRQHandler
                0x3418a818                I2C4_EV_IRQHandler
                0x3418a818                FDCAN2_IT0_IRQHandler
                0x3418a818                IWDG_IRQHandler
                0x3418a818                HPDMA1_Channel14_IRQHandler
                0x3418a818                LPUART1_IRQHandler
                0x3418a818                FDCAN1_IT0_IRQHandler
                0x3418a818                MDF1_FLT0_IRQHandler
                0x3418a818                TIM2_IRQHandler
                0x3418a818                MCE3_IRQHandler
                0x3418a818                GPDMA1_Channel4_IRQHandler
                0x3418a818                EXTI7_IRQHandler
                0x3418a818                DMA2D_IRQHandler
                0x3418a818                TIM1_BRK_IRQHandler
                0x3418a818                EXTI1_IRQHandler
                0x3418a818                SDMMC2_IRQHandler
                0x3418a818                TIM11_IRQHandler
                0x3418a818                LTDC_UP_ERR_IRQHandler
                0x3418a818                UART7_IRQHandler
                0x3418a818                DTS_IRQHandler
                0x3418a818                MDF1_FLT3_IRQHandler
                0x3418a818                USART2_IRQHandler
                0x3418a818                GPDMA1_Channel6_IRQHandler
                0x3418a818                ADF1_FLT0_IRQHandler
                0x3418a818                I2C2_ER_IRQHandler
                0x3418a818                MCE1_IRQHandler
                0x3418a818                SPDIFRX_IRQHandler
                0x3418a818                TIM8_BRK_IRQHandler
                0x3418a818                HPDMA1_Channel12_IRQHandler
                0x3418a818                BusFault_Handler
                0x3418a818                USART1_IRQHandler
                0x3418a818                EXTI10_IRQHandler
                0x3418a818                SPI3_IRQHandler
                0x3418a818                WAKEUP_PIN_IRQHandler
                0x3418a818                DCMIPP_IRQHandler
                0x3418a818                I2C1_ER_IRQHandler
                0x3418a818                FMC_IRQHandler
                0x3418a818                EXTI6_IRQHandler
                0x3418a818                LPTIM1_IRQHandler
                0x3418a818                DCMI_PSSI_IRQHandler
                0x3418a818                TIM8_TRG_CCU_IRQHandler
                0x3418a818                I2C4_ER_IRQHandler
                0x3418a818                GPDMA1_Channel10_IRQHandler
                0x3418a818                ICACHE_IRQHandler
                0x3418a818                HPDMA1_Channel13_IRQHandler
 *fill*         0x3418a81a        0x2 
 .text.abort    0x3418a81c       0x10 /Users/seungwon/test/.tools/xpack-arm-none-eabi-gcc-15.2.1-1.1/bin/../lib/gcc/arm-none-eabi/15.2.1/../../../../arm-none-eabi/lib/thumb/v8-m.main+dp/hard/libc.a(libc_a-abort.o)
                0x3418a81c                abort
 .text.atexit   0x3418a82c        0xc /Users/seungwon/test/.tools/xpack-arm-none-eabi-gcc-15.2.1-1.1/bin/../lib/gcc/arm-none-eabi/15.2.1/../../../../arm-none-eabi/lib/thumb/v8-m.main+dp/hard/libc.a(libc_a-atexit.o)
                0x3418a82c                atexit
 .text._calloc_r
                0x3418a838       0x7c /Users/seungwon/test/.tools/xpack-arm-none-eabi-gcc-15.2.1-1.1/bin/../lib/gcc/arm-none-eabi/15.2.1/../../../../arm-none-eabi/lib/thumb/v8-m.main+dp/hard/libc.a(libc_a-callocr.o)
                0x3418a838                _calloc_r
 .text.exit     0x3418a8b4       0x1c /Users/seungwon/test/.tools/xpack-arm-none-eabi-gcc-15.2.1-1.1/bin/../lib/gcc/arm-none-eabi/15.2.1/../../../../arm-none-eabi/lib/thumb/v8-m.main+dp/hard/libc.a(libc_a-exit.o)
                0x3418a8b4                exit
 .text.malloc   0x3418a8d0       0x10 /Users/seungwon/test/.tools/xpack-arm-none-eabi-gcc-15.2.1-1.1/bin/../lib/gcc/arm-none-eabi/15.2.1/../../../../arm-none-eabi/lib/thumb/v8-m.main+dp/hard/libc.a(libc_a-malloc.o)
                0x3418a8d0                malloc
 .text.free     0x3418a8e0       0x10 /Users/seungwon/test/.tools/xpack-arm-none-eabi-gcc-15.2.1-1.1/bin/../lib/gcc/arm-none-eabi/15.2.1/../../../../arm-none-eabi/lib/thumb/v8-m.main+dp/hard/libc.a(libc_a-malloc.o)
                0x3418a8e0                free
 .text._malloc_r
                0x3418a8f0      0x5a8 /Users/seungwon/test/.tools/xpack-arm-none-eabi-gcc-15.2.1-1.1/bin/../lib/gcc/arm-none-eabi/15.2.1/../../../../arm-none-eabi/lib/thumb/v8-m.main+dp/hard/libc.a(libc_a-mallocr.o)
                0x3418a8f0                _malloc_r
 .text.__malloc_lock
                0x3418ae98        0xc /Users/seungwon/test/.tools/xpack-arm-none-eabi-gcc-15.2.1-1.1/bin/../lib/gcc/arm-none-eabi/15.2.1/../../../../arm-none-eabi/lib/thumb/v8-m.main+dp/hard/libc.a(libc_a-mlock.o)
                0x3418ae98                __malloc_lock
 .text.__malloc_unlock
                0x3418aea4        0xc /Users/seungwon/test/.tools/xpack-arm-none-eabi-gcc-15.2.1-1.1/bin/../lib/gcc/arm-none-eabi/15.2.1/../../../../arm-none-eabi/lib/thumb/v8-m.main+dp/hard/libc.a(libc_a-mlock.o)
                0x3418aea4                __malloc_unlock
 .text.printf   0x3418aeb0       0x28 /Users/seungwon/test/.tools/xpack-arm-none-eabi-gcc-15.2.1-1.1/bin/../lib/gcc/arm-none-eabi/15.2.1/../../../../arm-none-eabi/lib/thumb/v8-m.main+dp/hard/libc.a(libc_a-printf.o)
                0x3418aeb0                printf
 .text._puts_r  0x3418aed8       0xc0 /Users/seungwon/test/.tools/xpack-arm-none-eabi-gcc-15.2.1-1.1/bin/../lib/gcc/arm-none-eabi/15.2.1/../../../../arm-none-eabi/lib/thumb/v8-m.main+dp/hard/libc.a(libc_a-puts.o)
                0x3418aed8                _puts_r
 .text.puts     0x3418af98       0x10 /Users/seungwon/test/.tools/xpack-arm-none-eabi-gcc-15.2.1-1.1/bin/../lib/gcc/arm-none-eabi/15.2.1/../../../../arm-none-eabi/lib/thumb/v8-m.main+dp/hard/libc.a(libc_a-puts.o)
                0x3418af98                puts
 .text.__sflush_r
                0x3418afa8      0x134 /Users/seungwon/test/.tools/xpack-arm-none-eabi-gcc-15.2.1-1.1/bin/../lib/gcc/arm-none-eabi/15.2.1/../../../../arm-none-eabi/lib/thumb/v8-m.main+dp/hard/libc.a(libc_a-fflush.o)
                0x3418afa8                __sflush_r
 .text._fflush_r
                0x3418b0dc       0x70 /Users/seungwon/test/.tools/xpack-arm-none-eabi-gcc-15.2.1-1.1/bin/../lib/gcc/arm-none-eabi/15.2.1/../../../../arm-none-eabi/lib/thumb/v8-m.main+dp/hard/libc.a(libc_a-fflush.o)
                0x3418b0dc                _fflush_r
 .text.fflush   0x3418b14c       0x90 /Users/seungwon/test/.tools/xpack-arm-none-eabi-gcc-15.2.1-1.1/bin/../lib/gcc/arm-none-eabi/15.2.1/../../../../arm-none-eabi/lib/thumb/v8-m.main+dp/hard/libc.a(libc_a-fflush.o)
                0x3418b14c                fflush
 .text.stdio_exit_handler
                0x3418b1dc       0x18 /Users/seungwon/test/.tools/xpack-arm-none-eabi-gcc-15.2.1-1.1/bin/../lib/gcc/arm-none-eabi/15.2.1/../../../../arm-none-eabi/lib/thumb/v8-m.main+dp/hard/libc.a(libc_a-findfp.o)
 .text.cleanup_stdio
                0x3418b1f4       0x40 /Users/seungwon/test/.tools/xpack-arm-none-eabi-gcc-15.2.1-1.1/bin/../lib/gcc/arm-none-eabi/15.2.1/../../../../arm-none-eabi/lib/thumb/v8-m.main+dp/hard/libc.a(libc_a-findfp.o)
 .text.global_stdio_init.part.0
                0x3418b234       0xf0 /Users/seungwon/test/.tools/xpack-arm-none-eabi-gcc-15.2.1-1.1/bin/../lib/gcc/arm-none-eabi/15.2.1/../../../../arm-none-eabi/lib/thumb/v8-m.main+dp/hard/libc.a(libc_a-findfp.o)
 .text.__sinit  0x3418b324       0x3c /Users/seungwon/test/.tools/xpack-arm-none-eabi-gcc-15.2.1-1.1/bin/../lib/gcc/arm-none-eabi/15.2.1/../../../../arm-none-eabi/lib/thumb/v8-m.main+dp/hard/libc.a(libc_a-findfp.o)
                0x3418b324                __sinit
 .text.__sfp_lock_acquire
                0x3418b360        0xc /Users/seungwon/test/.tools/xpack-arm-none-eabi-gcc-15.2.1-1.1/bin/../lib/gcc/arm-none-eabi/15.2.1/../../../../arm-none-eabi/lib/thumb/v8-m.main+dp/hard/libc.a(libc_a-findfp.o)
                0x3418b360                __sfp_lock_acquire
 .text.__sfp_lock_release
                0x3418b36c        0xc /Users/seungwon/test/.tools/xpack-arm-none-eabi-gcc-15.2.1-1.1/bin/../lib/gcc/arm-none-eabi/15.2.1/../../../../arm-none-eabi/lib/thumb/v8-m.main+dp/hard/libc.a(libc_a-findfp.o)
                0x3418b36c                __sfp_lock_release
 .text.memcmp   0x3418b378       0x80 /Users/seungwon/test/.tools/xpack-arm-none-eabi-gcc-15.2.1-1.1/bin/../lib/gcc/arm-none-eabi/15.2.1/../../../../arm-none-eabi/lib/thumb/v8-m.main+dp/hard/libc.a(libc_a-memcmp.o)
                0x3418b378                memcmp
 .text.memmove  0x3418b3f8      0x124 /Users/seungwon/test/.tools/xpack-arm-none-eabi-gcc-15.2.1-1.1/bin/../lib/gcc/arm-none-eabi/15.2.1/../../../../arm-none-eabi/lib/thumb/v8-m.main+dp/hard/libc.a(libc_a-memmove.o)
                0x3418b3f8                memmove
 .text.memset   0x3418b51c       0x88 /Users/seungwon/test/.tools/xpack-arm-none-eabi-gcc-15.2.1-1.1/bin/../lib/gcc/arm-none-eabi/15.2.1/../../../../arm-none-eabi/lib/thumb/v8-m.main+dp/hard/libc.a(libc_a-memset.o)
                0x3418b51c                memset
 .text.raise    0x3418b5a4       0x64 /Users/seungwon/test/.tools/xpack-arm-none-eabi-gcc-15.2.1-1.1/bin/../lib/gcc/arm-none-eabi/15.2.1/../../../../arm-none-eabi/lib/thumb/v8-m.main+dp/hard/libc.a(libc_a-signal.o)
                0x3418b5a4                raise
 .text._kill_r  0x3418b608       0x28 /Users/seungwon/test/.tools/xpack-arm-none-eabi-gcc-15.2.1-1.1/bin/../lib/gcc/arm-none-eabi/15.2.1/../../../../arm-none-eabi/lib/thumb/v8-m.main+dp/hard/libc.a(libc_a-signalr.o)
                0x3418b608                _kill_r
 .text._getpid_r
                0x3418b630        0x4 /Users/seungwon/test/.tools/xpack-arm-none-eabi-gcc-15.2.1-1.1/bin/../lib/gcc/arm-none-eabi/15.2.1/../../../../arm-none-eabi/lib/thumb/v8-m.main+dp/hard/libc.a(libc_a-signalr.o)
                0x3418b630                _getpid_r
 .text._sbrk_r  0x3418b634       0x24 /Users/seungwon/test/.tools/xpack-arm-none-eabi-gcc-15.2.1-1.1/bin/../lib/gcc/arm-none-eabi/15.2.1/../../../../arm-none-eabi/lib/thumb/v8-m.main+dp/hard/libc.a(libc_a-sbrkr.o)
                0x3418b634                _sbrk_r
 .text.__errno  0x3418b658        0xc /Users/seungwon/test/.tools/xpack-arm-none-eabi-gcc-15.2.1-1.1/bin/../lib/gcc/arm-none-eabi/15.2.1/../../../../arm-none-eabi/lib/thumb/v8-m.main+dp/hard/libc.a(libc_a-errno.o)
                0x3418b658                __errno
 .text.sysconf  0x3418b664       0x1c /Users/seungwon/test/.tools/xpack-arm-none-eabi-gcc-15.2.1-1.1/bin/../lib/gcc/arm-none-eabi/15.2.1/../../../../arm-none-eabi/lib/thumb/v8-m.main+dp/hard/libc.a(libc_a-sysconf.o)
                0x3418b664                sysconf
 .text.__libc_init_array
                0x3418b680       0x4c /Users/seungwon/test/.tools/xpack-arm-none-eabi-gcc-15.2.1-1.1/bin/../lib/gcc/arm-none-eabi/15.2.1/../../../../arm-none-eabi/lib/thumb/v8-m.main+dp/hard/libc.a(libc_a-init.o)
                0x3418b680                __libc_init_array
 .text.__libc_fini_array
                0x3418b6cc       0x28 /Users/seungwon/test/.tools/xpack-arm-none-eabi-gcc-15.2.1-1.1/bin/../lib/gcc/arm-none-eabi/15.2.1/../../../../arm-none-eabi/lib/thumb/v8-m.main+dp/hard/libc.a(libc_a-fini.o)
                0x3418b6cc                __libc_fini_array
 .text.__retarget_lock_init_recursive
                0x3418b6f4        0x4 /Users/seungwon/test/.tools/xpack-arm-none-eabi-gcc-15.2.1-1.1/bin/../lib/gcc/arm-none-eabi/15.2.1/../../../../arm-none-eabi/lib/thumb/v8-m.main+dp/hard/libc.a(libc_a-lock.o)
                0x3418b6f4                __retarget_lock_init_recursive
 .text.__retarget_lock_close_recursive
                0x3418b6f8        0x4 /Users/seungwon/test/.tools/xpack-arm-none-eabi-gcc-15.2.1-1.1/bin/../lib/gcc/arm-none-eabi/15.2.1/../../../../arm-none-eabi/lib/thumb/v8-m.main+dp/hard/libc.a(libc_a-lock.o)
                0x3418b6f8                __retarget_lock_close_recursive
 .text.__retarget_lock_acquire_recursive
                0x3418b6fc        0x4 /Users/seungwon/test/.tools/xpack-arm-none-eabi-gcc-15.2.1-1.1/bin/../lib/gcc/arm-none-eabi/15.2.1/../../../../arm-none-eabi/lib/thumb/v8-m.main+dp/hard/libc.a(libc_a-lock.o)
                0x3418b6fc                __retarget_lock_acquire_recursive
 .text.__retarget_lock_release_recursive
                0x3418b700        0x4 /Users/seungwon/test/.tools/xpack-arm-none-eabi-gcc-15.2.1-1.1/bin/../lib/gcc/arm-none-eabi/15.2.1/../../../../arm-none-eabi/lib/thumb/v8-m.main+dp/hard/libc.a(libc_a-lock.o)
                0x3418b700                __retarget_lock_release_recursive
 .text          0x3418b704       0xec /Users/seungwon/test/.tools/xpack-arm-none-eabi-gcc-15.2.1-1.1/bin/../lib/gcc/arm-none-eabi/15.2.1/../../../../arm-none-eabi/lib/thumb/v8-m.main+dp/hard/libc.a(libc_a-memcpy.o)
                0x3418b704                memcpy
 .text.strlen   0x3418b7f0       0x5c /Users/seungwon/test/.tools/xpack-arm-none-eabi-gcc-15.2.1-1.1/bin/../lib/gcc/arm-none-eabi/15.2.1/../../../../arm-none-eabi/lib/thumb/v8-m.main+dp/hard/libc.a(libc_a-strlen-stub.o)
                0x3418b7f0                strlen
 .text.__register_exitproc
                0x3418b84c       0x84 /Users/seungwon/test/.tools/xpack-arm-none-eabi-gcc-15.2.1-1.1/bin/../lib/gcc/arm-none-eabi/15.2.1/../../../../arm-none-eabi/lib/thumb/v8-m.main+dp/hard/libc.a(libc_a-__atexit.o)
                0x3418b84c                __register_exitproc
 .text.startup.register_fini
                0x3418b8d0       0x14 /Users/seungwon/test/.tools/xpack-arm-none-eabi-gcc-15.2.1-1.1/bin/../lib/gcc/arm-none-eabi/15.2.1/../../../../arm-none-eabi/lib/thumb/v8-m.main+dp/hard/libc.a(libc_a-__call_atexit.o)
 .text.__call_exitprocs
                0x3418b8e4       0xec /Users/seungwon/test/.tools/xpack-arm-none-eabi-gcc-15.2.1-1.1/bin/../lib/gcc/arm-none-eabi/15.2.1/../../../../arm-none-eabi/lib/thumb/v8-m.main+dp/hard/libc.a(libc_a-__call_atexit.o)
                0x3418b8e4                __call_exitprocs
 .text._malloc_trim_r
                0x3418b9d0       0xac /Users/seungwon/test/.tools/xpack-arm-none-eabi-gcc-15.2.1-1.1/bin/../lib/gcc/arm-none-eabi/15.2.1/../../../../arm-none-eabi/lib/thumb/v8-m.main+dp/hard/libc.a(libc_a-freer.o)
                0x3418b9d0                _malloc_trim_r
 .text._free_r  0x3418ba7c      0x208 /Users/seungwon/test/.tools/xpack-arm-none-eabi-gcc-15.2.1-1.1/bin/../lib/gcc/arm-none-eabi/15.2.1/../../../../arm-none-eabi/lib/thumb/v8-m.main+dp/hard/libc.a(libc_a-freer.o)
                0x3418ba7c                _free_r
 *fill*         0x3418bc84        0x4 
 .text._vfprintf_r
                0x3418bc88     0x2124 /Users/seungwon/test/.tools/xpack-arm-none-eabi-gcc-15.2.1-1.1/bin/../lib/gcc/arm-none-eabi/15.2.1/../../../../arm-none-eabi/lib/thumb/v8-m.main+dp/hard/libc.a(libc_a-vfprintf.o)
                0x3418bc88                _vfprintf_r
 .text.__sbprintf
                0x3418ddac       0x80 /Users/seungwon/test/.tools/xpack-arm-none-eabi-gcc-15.2.1-1.1/bin/../lib/gcc/arm-none-eabi/15.2.1/../../../../arm-none-eabi/lib/thumb/v8-m.main+dp/hard/libc.a(libc_a-vfprintf.o)
 .text.__sfvwrite_r
                0x3418de2c      0x2f4 /Users/seungwon/test/.tools/xpack-arm-none-eabi-gcc-15.2.1-1.1/bin/../lib/gcc/arm-none-eabi/15.2.1/../../../../arm-none-eabi/lib/thumb/v8-m.main+dp/hard/libc.a(libc_a-fvwrite.o)
                0x3418de2c                __sfvwrite_r
 .text._fwalk_sglue
                0x3418e120       0x44 /Users/seungwon/test/.tools/xpack-arm-none-eabi-gcc-15.2.1-1.1/bin/../lib/gcc/arm-none-eabi/15.2.1/../../../../arm-none-eabi/lib/thumb/v8-m.main+dp/hard/libc.a(libc_a-fwalk.o)
                0x3418e120                _fwalk_sglue
 .text._realloc_r
                0x3418e164      0x364 /Users/seungwon/test/.tools/xpack-arm-none-eabi-gcc-15.2.1-1.1/bin/../lib/gcc/arm-none-eabi/15.2.1/../../../../arm-none-eabi/lib/thumb/v8-m.main+dp/hard/libc.a(libc_a-reallocr.o)
                0x3418e164                _realloc_r
 .text.__sprint_r
                0x3418e4c8       0x20 /Users/seungwon/test/.tools/xpack-arm-none-eabi-gcc-15.2.1-1.1/bin/../lib/gcc/arm-none-eabi/15.2.1/../../../../arm-none-eabi/lib/thumb/v8-m.main+dp/hard/libc.a(libc_a-sprint_r.o)
                0x3418e4c8                __sprint_r
 .text._fclose_r
                0x3418e4e8       0xc4 /Users/seungwon/test/.tools/xpack-arm-none-eabi-gcc-15.2.1-1.1/bin/../lib/gcc/arm-none-eabi/15.2.1/../../../../arm-none-eabi/lib/thumb/v8-m.main+dp/hard/libc.a(libc_a-fclose.o)
                0x3418e4e8                _fclose_r
 .text.__sread  0x3418e5ac       0x24 /Users/seungwon/test/.tools/xpack-arm-none-eabi-gcc-15.2.1-1.1/bin/../lib/gcc/arm-none-eabi/15.2.1/../../../../arm-none-eabi/lib/thumb/v8-m.main+dp/hard/libc.a(libc_a-stdio.o)
                0x3418e5ac                __sread
 .text.__swrite
                0x3418e5d0       0x40 /Users/seungwon/test/.tools/xpack-arm-none-eabi-gcc-15.2.1-1.1/bin/../lib/gcc/arm-none-eabi/15.2.1/../../../../arm-none-eabi/lib/thumb/v8-m.main+dp/hard/libc.a(libc_a-stdio.o)
                0x3418e5d0                __swrite
 .text.__sseek  0x3418e610       0x28 /Users/seungwon/test/.tools/xpack-arm-none-eabi-gcc-15.2.1-1.1/bin/../lib/gcc/arm-none-eabi/15.2.1/../../../../arm-none-eabi/lib/thumb/v8-m.main+dp/hard/libc.a(libc_a-stdio.o)
                0x3418e610                __sseek
 .text.__sclose
                0x3418e638        0x8 /Users/seungwon/test/.tools/xpack-arm-none-eabi-gcc-15.2.1-1.1/bin/../lib/gcc/arm-none-eabi/15.2.1/../../../../arm-none-eabi/lib/thumb/v8-m.main+dp/hard/libc.a(libc_a-stdio.o)
                0x3418e638                __sclose
 .text.__swsetup_r
                0x3418e640       0xdc /Users/seungwon/test/.tools/xpack-arm-none-eabi-gcc-15.2.1-1.1/bin/../lib/gcc/arm-none-eabi/15.2.1/../../../../arm-none-eabi/lib/thumb/v8-m.main+dp/hard/libc.a(libc_a-wsetup.o)
                0x3418e640                __swsetup_r
 .text.strncpy  0x3418e71c       0x6c /Users/seungwon/test/.tools/xpack-arm-none-eabi-gcc-15.2.1-1.1/bin/../lib/gcc/arm-none-eabi/15.2.1/../../../../arm-none-eabi/lib/thumb/v8-m.main+dp/hard/libc.a(libc_a-strncpy.o)
                0x3418e71c                strncpy
 .text.__locale_mb_cur_max
                0x3418e788        0xc /Users/seungwon/test/.tools/xpack-arm-none-eabi-gcc-15.2.1-1.1/bin/../lib/gcc/arm-none-eabi/15.2.1/../../../../arm-none-eabi/lib/thumb/v8-m.main+dp/hard/libc.a(libc_a-locale.o)
                0x3418e788                __locale_mb_cur_max
 .text._localeconv_r
                0x3418e794        0x8 /Users/seungwon/test/.tools/xpack-arm-none-eabi-gcc-15.2.1-1.1/bin/../lib/gcc/arm-none-eabi/15.2.1/../../../../arm-none-eabi/lib/thumb/v8-m.main+dp/hard/libc.a(libc_a-localeconv.o)
                0x3418e794                _localeconv_r
 .text._close_r
                0x3418e79c       0x24 /Users/seungwon/test/.tools/xpack-arm-none-eabi-gcc-15.2.1-1.1/bin/../lib/gcc/arm-none-eabi/15.2.1/../../../../arm-none-eabi/lib/thumb/v8-m.main+dp/hard/libc.a(libc_a-closer.o)
                0x3418e79c                _close_r
 .text._lseek_r
                0x3418e7c0       0x28 /Users/seungwon/test/.tools/xpack-arm-none-eabi-gcc-15.2.1-1.1/bin/../lib/gcc/arm-none-eabi/15.2.1/../../../../arm-none-eabi/lib/thumb/v8-m.main+dp/hard/libc.a(libc_a-lseekr.o)
                0x3418e7c0                _lseek_r
 .text._read_r  0x3418e7e8       0x28 /Users/seungwon/test/.tools/xpack-arm-none-eabi-gcc-15.2.1-1.1/bin/../lib/gcc/arm-none-eabi/15.2.1/../../../../arm-none-eabi/lib/thumb/v8-m.main+dp/hard/libc.a(libc_a-readr.o)
                0x3418e7e8                _read_r
 .text._write_r
                0x3418e810       0x28 /Users/seungwon/test/.tools/xpack-arm-none-eabi-gcc-15.2.1-1.1/bin/../lib/gcc/arm-none-eabi/15.2.1/../../../../arm-none-eabi/lib/thumb/v8-m.main+dp/hard/libc.a(libc_a-writer.o)
                0x3418e810                _write_r
 .text.memchr   0x3418e838       0x94 /Users/seungwon/test/.tools/xpack-arm-none-eabi-gcc-15.2.1-1.1/bin/../lib/gcc/arm-none-eabi/15.2.1/../../../../arm-none-eabi/lib/thumb/v8-m.main+dp/hard/libc.a(libc_a-memchr-stub.o)
                0x3418e838                memchr
 .text._wcrtomb_r
                0x3418e8cc       0x50 /Users/seungwon/test/.tools/xpack-arm-none-eabi-gcc-15.2.1-1.1/bin/../lib/gcc/arm-none-eabi/15.2.1/../../../../arm-none-eabi/lib/thumb/v8-m.main+dp/hard/libc.a(libc_a-wcrtomb.o)
                0x3418e8cc                _wcrtomb_r
 .text._wcsrtombs_r
                0x3418e91c       0x18 /Users/seungwon/test/.tools/xpack-arm-none-eabi-gcc-15.2.1-1.1/bin/../lib/gcc/arm-none-eabi/15.2.1/../../../../arm-none-eabi/lib/thumb/v8-m.main+dp/hard/libc.a(libc_a-wcsrtombs.o)
                0x3418e91c                _wcsrtombs_r
 *fill*         0x3418e934        0x4 
 .text.frexp    0x3418e938       0x8c /Users/seungwon/test/.tools/xpack-arm-none-eabi-gcc-15.2.1-1.1/bin/../lib/gcc/arm-none-eabi/15.2.1/../../../../arm-none-eabi/lib/thumb/v8-m.main+dp/hard/libc.a(libm_a-s_frexp.o)
                0x3418e938                frexp
 .text.quorem   0x3418e9c4      0x13c /Users/seungwon/test/.tools/xpack-arm-none-eabi-gcc-15.2.1-1.1/bin/../lib/gcc/arm-none-eabi/15.2.1/../../../../arm-none-eabi/lib/thumb/v8-m.main+dp/hard/libc.a(libc_a-dtoa.o)
 .text._dtoa_r  0x3418eb00      0xe0c /Users/seungwon/test/.tools/xpack-arm-none-eabi-gcc-15.2.1-1.1/bin/../lib/gcc/arm-none-eabi/15.2.1/../../../../arm-none-eabi/lib/thumb/v8-m.main+dp/hard/libc.a(libc_a-dtoa.o)
                0x3418eb00                _dtoa_r
 .text.__ascii_mbtowc
                0x3418f90c       0x2c /Users/seungwon/test/.tools/xpack-arm-none-eabi-gcc-15.2.1-1.1/bin/../lib/gcc/arm-none-eabi/15.2.1/../../../../arm-none-eabi/lib/thumb/v8-m.main+dp/hard/libc.a(libc_a-mbtowc_r.o)
                0x3418f90c                __ascii_mbtowc
 .text._Balloc  0x3418f938       0x4c /Users/seungwon/test/.tools/xpack-arm-none-eabi-gcc-15.2.1-1.1/bin/../lib/gcc/arm-none-eabi/15.2.1/../../../../arm-none-eabi/lib/thumb/v8-m.main+dp/hard/libc.a(libc_a-mprec.o)
                0x3418f938                _Balloc
 .text._Bfree   0x3418f984       0x14 /Users/seungwon/test/.tools/xpack-arm-none-eabi-gcc-15.2.1-1.1/bin/../lib/gcc/arm-none-eabi/15.2.1/../../../../arm-none-eabi/lib/thumb/v8-m.main+dp/hard/libc.a(libc_a-mprec.o)
                0x3418f984                _Bfree
 .text.__multadd
                0x3418f998       0xa8 /Users/seungwon/test/.tools/xpack-arm-none-eabi-gcc-15.2.1-1.1/bin/../lib/gcc/arm-none-eabi/15.2.1/../../../../arm-none-eabi/lib/thumb/v8-m.main+dp/hard/libc.a(libc_a-mprec.o)
                0x3418f998                __multadd
 .text.__hi0bits
                0x3418fa40       0x54 /Users/seungwon/test/.tools/xpack-arm-none-eabi-gcc-15.2.1-1.1/bin/../lib/gcc/arm-none-eabi/15.2.1/../../../../arm-none-eabi/lib/thumb/v8-m.main+dp/hard/libc.a(libc_a-mprec.o)
                0x3418fa40                __hi0bits
 .text.__lo0bits
                0x3418fa94       0x80 /Users/seungwon/test/.tools/xpack-arm-none-eabi-gcc-15.2.1-1.1/bin/../lib/gcc/arm-none-eabi/15.2.1/../../../../arm-none-eabi/lib/thumb/v8-m.main+dp/hard/libc.a(libc_a-mprec.o)
                0x3418fa94                __lo0bits
 .text.__i2b    0x3418fb14       0x5c /Users/seungwon/test/.tools/xpack-arm-none-eabi-gcc-15.2.1-1.1/bin/../lib/gcc/arm-none-eabi/15.2.1/../../../../arm-none-eabi/lib/thumb/v8-m.main+dp/hard/libc.a(libc_a-mprec.o)
                0x3418fb14                __i2b
 .text.__multiply
                0x3418fb70      0x188 /Users/seungwon/test/.tools/xpack-arm-none-eabi-gcc-15.2.1-1.1/bin/../lib/gcc/arm-none-eabi/15.2.1/../../../../arm-none-eabi/lib/thumb/v8-m.main+dp/hard/libc.a(libc_a-mprec.o)
                0x3418fb70                __multiply
 .text.__pow5mult
                0x3418fcf8       0xb8 /Users/seungwon/test/.tools/xpack-arm-none-eabi-gcc-15.2.1-1.1/bin/../lib/gcc/arm-none-eabi/15.2.1/../../../../arm-none-eabi/lib/thumb/v8-m.main+dp/hard/libc.a(libc_a-mprec.o)
                0x3418fcf8                __pow5mult
 .text.__lshift
                0x3418fdb0       0xe4 /Users/seungwon/test/.tools/xpack-arm-none-eabi-gcc-15.2.1-1.1/bin/../lib/gcc/arm-none-eabi/15.2.1/../../../../arm-none-eabi/lib/thumb/v8-m.main+dp/hard/libc.a(libc_a-mprec.o)
                0x3418fdb0                __lshift
 .text.__mcmp   0x3418fe94       0x40 /Users/seungwon/test/.tools/xpack-arm-none-eabi-gcc-15.2.1-1.1/bin/../lib/gcc/arm-none-eabi/15.2.1/../../../../arm-none-eabi/lib/thumb/v8-m.main+dp/hard/libc.a(libc_a-mprec.o)
                0x3418fe94                __mcmp
 .text.__mdiff  0x3418fed4      0x188 /Users/seungwon/test/.tools/xpack-arm-none-eabi-gcc-15.2.1-1.1/bin/../lib/gcc/arm-none-eabi/15.2.1/../../../../arm-none-eabi/lib/thumb/v8-m.main+dp/hard/libc.a(libc_a-mprec.o)
                0x3418fed4                __mdiff
 .text.__d2b    0x3419005c       0xc0 /Users/seungwon/test/.tools/xpack-arm-none-eabi-gcc-15.2.1-1.1/bin/../lib/gcc/arm-none-eabi/15.2.1/../../../../arm-none-eabi/lib/thumb/v8-m.main+dp/hard/libc.a(libc_a-mprec.o)
                0x3419005c                __d2b
 .text.__smakebuf_r
                0x3419011c       0xe8 /Users/seungwon/test/.tools/xpack-arm-none-eabi-gcc-15.2.1-1.1/bin/../lib/gcc/arm-none-eabi/15.2.1/../../../../arm-none-eabi/lib/thumb/v8-m.main+dp/hard/libc.a(libc_a-makebuf.o)
                0x3419011c                __smakebuf_r
 .text.__ascii_wctomb
                0x34190204       0x20 /Users/seungwon/test/.tools/xpack-arm-none-eabi-gcc-15.2.1-1.1/bin/../lib/gcc/arm-none-eabi/15.2.1/../../../../arm-none-eabi/lib/thumb/v8-m.main+dp/hard/libc.a(libc_a-wctomb_r.o)
                0x34190204                __ascii_wctomb
 .text._fstat_r
                0x34190224       0x28 /Users/seungwon/test/.tools/xpack-arm-none-eabi-gcc-15.2.1-1.1/bin/../lib/gcc/arm-none-eabi/15.2.1/../../../../arm-none-eabi/lib/thumb/v8-m.main+dp/hard/libc.a(libc_a-fstatr.o)
                0x34190224                _fstat_r
 .text._isatty_r
                0x3419024c       0x24 /Users/seungwon/test/.tools/xpack-arm-none-eabi-gcc-15.2.1-1.1/bin/../lib/gcc/arm-none-eabi/15.2.1/../../../../arm-none-eabi/lib/thumb/v8-m.main+dp/hard/libc.a(libc_a-isattyr.o)
                0x3419024c                _isatty_r
 .text._wcsnrtombs_l
                0x34190270       0xfc /Users/seungwon/test/.tools/xpack-arm-none-eabi-gcc-15.2.1-1.1/bin/../lib/gcc/arm-none-eabi/15.2.1/../../../../arm-none-eabi/lib/thumb/v8-m.main+dp/hard/libc.a(libc_a-wcsnrtombs.o)
                0x34190270                _wcsnrtombs_l
 .text._wcsnrtombs_r
                0x3419036c       0x28 /Users/seungwon/test/.tools/xpack-arm-none-eabi-gcc-15.2.1-1.1/bin/../lib/gcc/arm-none-eabi/15.2.1/../../../../arm-none-eabi/lib/thumb/v8-m.main+dp/hard/libc.a(libc_a-wcsnrtombs.o)
                0x3419036c                _wcsnrtombs_r
 .text.__assert_func
                0x34190394       0x44 /Users/seungwon/test/.tools/xpack-arm-none-eabi-gcc-15.2.1-1.1/bin/../lib/gcc/arm-none-eabi/15.2.1/../../../../arm-none-eabi/lib/thumb/v8-m.main+dp/hard/libc.a(libc_a-assert.o)
                0x34190394                __assert_func
 .text.fiprintf
                0x341903d8       0x28 /Users/seungwon/test/.tools/xpack-arm-none-eabi-gcc-15.2.1-1.1/bin/../lib/gcc/arm-none-eabi/15.2.1/../../../../arm-none-eabi/lib/thumb/v8-m.main+dp/hard/libc.a(libc_a-fiprintf.o)
                0x341903d8                fiprintf
 .text._vfiprintf_r
                0x34190400     0x11ac /Users/seungwon/test/.tools/xpack-arm-none-eabi-gcc-15.2.1-1.1/bin/../lib/gcc/arm-none-eabi/15.2.1/../../../../arm-none-eabi/lib/thumb/v8-m.main+dp/hard/libc.a(libc_a-vfiprintf.o)
                0x34190400                _vfiprintf_r
 .text.__sbprintf
                0x341915ac       0x80 /Users/seungwon/test/.tools/xpack-arm-none-eabi-gcc-15.2.1-1.1/bin/../lib/gcc/arm-none-eabi/15.2.1/../../../../arm-none-eabi/lib/thumb/v8-m.main+dp/hard/libc.a(libc_a-vfiprintf.o)
 *fill*         0x3419162c        0x4 
 .text.sqrt     0x34191630       0x58 /Users/seungwon/test/.tools/xpack-arm-none-eabi-gcc-15.2.1-1.1/bin/../lib/gcc/arm-none-eabi/15.2.1/../../../../arm-none-eabi/lib/thumb/v8-m.main+dp/hard/libm.a(libm_a-w_sqrt.o)
                0x34191630                sqrt
 .text.__ieee754_sqrt
                0x34191688        0x8 /Users/seungwon/test/.tools/xpack-arm-none-eabi-gcc-15.2.1-1.1/bin/../lib/gcc/arm-none-eabi/15.2.1/../../../../arm-none-eabi/lib/thumb/v8-m.main+dp/hard/libm.a(libm_a-e_sqrt.o)
                0x34191688                __ieee754_sqrt
 .text          0x34191690      0x378 /Users/seungwon/test/.tools/xpack-arm-none-eabi-gcc-15.2.1-1.1/bin/../lib/gcc/arm-none-eabi/15.2.1/thumb/v8-m.main+dp/hard/libgcc.a(_arm_addsubdf3.o)
                0x34191690                __aeabi_drsub
                0x34191698                __subdf3
                0x34191698                __aeabi_dsub
                0x3419169c                __aeabi_dadd
                0x3419169c                __adddf3
                0x34191914                __aeabi_ui2d
                0x34191914                __floatunsidf
                0x34191934                __floatsidf
                0x34191934                __aeabi_i2d
                0x34191958                __extendsfdf2
                0x34191958                __aeabi_f2d
                0x3419199c                __aeabi_ul2d
                0x3419199c                __floatundidf
                0x341919ac                __aeabi_l2d
                0x341919ac                __floatdidf
 .text          0x34191a08       0x30 /Users/seungwon/test/.tools/xpack-arm-none-eabi-gcc-15.2.1-1.1/bin/../lib/gcc/arm-none-eabi/15.2.1/thumb/v8-m.main+dp/hard/libgcc.a(_aeabi_uldivmod.o)
                0x34191a08                __aeabi_uldivmod
 .text.__udivmoddi4
                0x34191a38      0x340 /Users/seungwon/test/.tools/xpack-arm-none-eabi-gcc-15.2.1-1.1/bin/../lib/gcc/arm-none-eabi/15.2.1/thumb/v8-m.main+dp/hard/libgcc.a(_udivmoddi4.o)
                0x34191a38                __udivmoddi4
 .text          0x34191d78        0x4 /Users/seungwon/test/.tools/xpack-arm-none-eabi-gcc-15.2.1-1.1/bin/../lib/gcc/arm-none-eabi/15.2.1/thumb/v8-m.main+dp/hard/libgcc.a(_dvmd_tls.o)
                0x34191d78                __aeabi_ldiv0
                0x34191d78                __aeabi_idiv0
 .text._close   0x34191d7c       0x10 /Users/seungwon/test/.tools/xpack-arm-none-eabi-gcc-15.2.1-1.1/bin/../lib/gcc/arm-none-eabi/15.2.1/../../../../arm-none-eabi/lib/thumb/v8-m.main+dp/hard/libnosys.a(close.o)
                0x34191d7c                _close
 .text._fstat   0x34191d8c       0x10 /Users/seungwon/test/.tools/xpack-arm-none-eabi-gcc-15.2.1-1.1/bin/../lib/gcc/arm-none-eabi/15.2.1/../../../../arm-none-eabi/lib/thumb/v8-m.main+dp/hard/libnosys.a(fstat.o)
                0x34191d8c                _fstat
 .text._getpid  0x34191d9c       0x10 /Users/seungwon/test/.tools/xpack-arm-none-eabi-gcc-15.2.1-1.1/bin/../lib/gcc/arm-none-eabi/15.2.1/../../../../arm-none-eabi/lib/thumb/v8-m.main+dp/hard/libnosys.a(getpid.o)
                0x34191d9c                _getpid
 .text._isatty  0x34191dac       0x10 /Users/seungwon/test/.tools/xpack-arm-none-eabi-gcc-15.2.1-1.1/bin/../lib/gcc/arm-none-eabi/15.2.1/../../../../arm-none-eabi/lib/thumb/v8-m.main+dp/hard/libnosys.a(isatty.o)
                0x34191dac                _isatty
 .text._kill    0x34191dbc       0x10 /Users/seungwon/test/.tools/xpack-arm-none-eabi-gcc-15.2.1-1.1/bin/../lib/gcc/arm-none-eabi/15.2.1/../../../../arm-none-eabi/lib/thumb/v8-m.main+dp/hard/libnosys.a(kill.o)
                0x34191dbc                _kill
 .text._lseek   0x34191dcc       0x10 /Users/seungwon/test/.tools/xpack-arm-none-eabi-gcc-15.2.1-1.1/bin/../lib/gcc/arm-none-eabi/15.2.1/../../../../arm-none-eabi/lib/thumb/v8-m.main+dp/hard/libnosys.a(lseek.o)
                0x34191dcc                _lseek
 .text._exit    0x34191ddc        0x4 /Users/seungwon/test/.tools/xpack-arm-none-eabi-gcc-15.2.1-1.1/bin/../lib/gcc/arm-none-eabi/15.2.1/../../../../arm-none-eabi/lib/thumb/v8-m.main+dp/hard/libnosys.a(_exit.o)
                0x34191ddc                _exit
 *(.glue_7 .glue_7t)
 .glue_7        0x34191de0        0x0 linker stubs
 .glue_7t       0x34191de0        0x0 linker stubs
 *(.eh_frame)
 .eh_frame      0x34191de0        0x0 /Users/seungwon/test/.tools/xpack-arm-none-eabi-gcc-15.2.1-1.1/bin/../lib/gcc/arm-none-eabi/15.2.1/thumb/v8-m.main+dp/hard/crtbegin.o
 *(.RamFunc .RamFunc*)
 *(.init)
 .init          0x34191de0        0x4 /Users/seungwon/test/.tools/xpack-arm-none-eabi-gcc-15.2.1-1.1/bin/../lib/gcc/arm-none-eabi/15.2.1/thumb/v8-m.main+dp/hard/crti.o
                0x34191de0                _init
 .init          0x34191de4        0x8 /Users/seungwon/test/.tools/xpack-arm-none-eabi-gcc-15.2.1-1.1/bin/../lib/gcc/arm-none-eabi/15.2.1/thumb/v8-m.main+dp/hard/crtn.o
 *(.fini)
 .fini          0x34191dec        0x4 /Users/seungwon/test/.tools/xpack-arm-none-eabi-gcc-15.2.1-1.1/bin/../lib/gcc/arm-none-eabi/15.2.1/thumb/v8-m.main+dp/hard/crti.o
                0x34191dec                _fini
 .fini          0x34191df0        0x8 /Users/seungwon/test/.tools/xpack-arm-none-eabi-gcc-15.2.1-1.1/bin/../lib/gcc/arm-none-eabi/15.2.1/thumb/v8-m.main+dp/hard/crtn.o
                0x34191df8                        . = ALIGN (0x4)
                0x34191df8                        _etext = .

.vfp11_veneer   0x34191df8        0x0
 .vfp11_veneer  0x34191df8        0x0 linker stubs

.v4_bx          0x34191df8        0x0
 .v4_bx         0x34191df8        0x0 linker stubs

.iplt           0x34191df8        0x0
 .iplt          0x34191df8        0x0 /Users/seungwon/test/.tools/xpack-arm-none-eabi-gcc-15.2.1-1.1/bin/../lib/gcc/arm-none-eabi/15.2.1/thumb/v8-m.main+dp/hard/crtbegin.o

.rodata         0x34191df8      0xa40
                0x34191df8                        . = ALIGN (0x4)
 *(.rodata .rodata*)
 .rodata.print_stats.str1.4
                0x34191df8      0x6eb build/full/192f/mve-refmat/benchmark/benchmark.c.o
                                0x15a (size before relaxing)
 .rodata.benchmark_field_kernels.str1.4
                0x341924e3        0x0 build/full/192f/mve-refmat/benchmark/benchmark.c.o
                                 0x38 (size before relaxing)
 .rodata.main.str1.4
                0x341924e3        0x0 build/full/192f/mve-refmat/benchmark/benchmark.c.o
                                0x2a8 (size before relaxing)
 *fill*         0x341924e3        0x1 
 .rodata.aim3_exponents
                0x341924e4        0xc build/full/192f/mve-refmat/benchmark/mpc_batch.c.o
 .rodata.aim3_exponents
                0x341924f0        0xc build/full/192f/mve-refmat/benchmark/aim3.c.o
 .rodata.Rcon   0x341924fc        0xa build/full/192f/mve-refmat/benchmark/aes.c.o
 *fill*         0x34192506        0x2 
 .rodata.KeccakF_RoundConstants
                0x34192508       0xc0 build/full/192f/mve-refmat/benchmark/fips202.c.o
 .rodata.__wrap_main.str1.4
                0x341925c8        0x0 build/full/192f/mve-refmat/benchmark/platform.c.o
                                 0x56 (size before relaxing)
 .rodata.message.0
                0x341925c8       0x2a build/full/192f/mve-refmat/benchmark/platform.c.o
 .rodata._puts_r.str1.4
                0x341925f2        0x0 /Users/seungwon/test/.tools/xpack-arm-none-eabi-gcc-15.2.1-1.1/bin/../lib/gcc/arm-none-eabi/15.2.1/../../../../arm-none-eabi/lib/thumb/v8-m.main+dp/hard/libc.a(libc_a-puts.o)
                                  0x2 (size before relaxing)
 .rodata._vfprintf_r.str1.4
                0x341925f2        0x0 /Users/seungwon/test/.tools/xpack-arm-none-eabi-gcc-15.2.1-1.1/bin/../lib/gcc/arm-none-eabi/15.2.1/../../../../arm-none-eabi/lib/thumb/v8-m.main+dp/hard/libc.a(libc_a-vfprintf.o)
                                 0x42 (size before relaxing)
 *fill*         0x341925f2        0x2 
 .rodata.zeroes.0
                0x341925f4       0x10 /Users/seungwon/test/.tools/xpack-arm-none-eabi-gcc-15.2.1-1.1/bin/../lib/gcc/arm-none-eabi/15.2.1/../../../../arm-none-eabi/lib/thumb/v8-m.main+dp/hard/libc.a(libc_a-vfprintf.o)
 .rodata.blanks.1
                0x34192604       0x10 /Users/seungwon/test/.tools/xpack-arm-none-eabi-gcc-15.2.1-1.1/bin/../lib/gcc/arm-none-eabi/15.2.1/../../../../arm-none-eabi/lib/thumb/v8-m.main+dp/hard/libc.a(libc_a-vfprintf.o)
 .rodata.str1.4
                0x34192614        0x0 /Users/seungwon/test/.tools/xpack-arm-none-eabi-gcc-15.2.1-1.1/bin/../lib/gcc/arm-none-eabi/15.2.1/../../../../arm-none-eabi/lib/thumb/v8-m.main+dp/hard/libc.a(libc_a-locale.o)
                                 0x4c (size before relaxing)
 .rodata._ctype_
                0x34192614      0x101 /Users/seungwon/test/.tools/xpack-arm-none-eabi-gcc-15.2.1-1.1/bin/../lib/gcc/arm-none-eabi/15.2.1/../../../../arm-none-eabi/lib/thumb/v8-m.main+dp/hard/libc.a(libc_a-ctype_.o)
                0x34192614                _ctype_
 .rodata._dtoa_r.str1.4
                0x34192715        0x0 /Users/seungwon/test/.tools/xpack-arm-none-eabi-gcc-15.2.1-1.1/bin/../lib/gcc/arm-none-eabi/15.2.1/../../../../arm-none-eabi/lib/thumb/v8-m.main+dp/hard/libc.a(libc_a-dtoa.o)
                                 0xd9 (size before relaxing)
 .rodata.__multadd.str1.4
                0x34192715        0x0 /Users/seungwon/test/.tools/xpack-arm-none-eabi-gcc-15.2.1-1.1/bin/../lib/gcc/arm-none-eabi/15.2.1/../../../../arm-none-eabi/lib/thumb/v8-m.main+dp/hard/libc.a(libc_a-mprec.o)
                                 0xc6 (size before relaxing)
 *fill*         0x34192715        0x3 
 .rodata.p05.0  0x34192718        0xc /Users/seungwon/test/.tools/xpack-arm-none-eabi-gcc-15.2.1-1.1/bin/../lib/gcc/arm-none-eabi/15.2.1/../../../../arm-none-eabi/lib/thumb/v8-m.main+dp/hard/libc.a(libc_a-mprec.o)
 *fill*         0x34192724        0x4 
 .rodata.__mprec_bigtens
                0x34192728       0x28 /Users/seungwon/test/.tools/xpack-arm-none-eabi-gcc-15.2.1-1.1/bin/../lib/gcc/arm-none-eabi/15.2.1/../../../../arm-none-eabi/lib/thumb/v8-m.main+dp/hard/libc.a(libc_a-mprec.o)
                0x34192728                __mprec_bigtens
 .rodata.__mprec_tens
                0x34192750       0xc8 /Users/seungwon/test/.tools/xpack-arm-none-eabi-gcc-15.2.1-1.1/bin/../lib/gcc/arm-none-eabi/15.2.1/../../../../arm-none-eabi/lib/thumb/v8-m.main+dp/hard/libc.a(libc_a-mprec.o)
                0x34192750                __mprec_tens
 .rodata.__assert_func.str1.4
                0x34192818        0x0 /Users/seungwon/test/.tools/xpack-arm-none-eabi-gcc-15.2.1-1.1/bin/../lib/gcc/arm-none-eabi/15.2.1/../../../../arm-none-eabi/lib/thumb/v8-m.main+dp/hard/libc.a(libc_a-assert.o)
                                 0x43 (size before relaxing)
 .rodata._vfiprintf_r.str1.4
                0x34192818        0x0 /Users/seungwon/test/.tools/xpack-arm-none-eabi-gcc-15.2.1-1.1/bin/../lib/gcc/arm-none-eabi/15.2.1/../../../../arm-none-eabi/lib/thumb/v8-m.main+dp/hard/libc.a(libc_a-vfiprintf.o)
                                 0x2f (size before relaxing)
 .rodata.zeroes.0
                0x34192818       0x10 /Users/seungwon/test/.tools/xpack-arm-none-eabi-gcc-15.2.1-1.1/bin/../lib/gcc/arm-none-eabi/15.2.1/../../../../arm-none-eabi/lib/thumb/v8-m.main+dp/hard/libc.a(libc_a-vfiprintf.o)
 .rodata.blanks.1
                0x34192828       0x10 /Users/seungwon/test/.tools/xpack-arm-none-eabi-gcc-15.2.1-1.1/bin/../lib/gcc/arm-none-eabi/15.2.1/../../../../arm-none-eabi/lib/thumb/v8-m.main+dp/hard/libc.a(libc_a-vfiprintf.o)
                0x34192838                        . = ALIGN (0x4)

.ARM.extab
 *(.ARM.extab* .gnu.linkonce.armextab.*)

.ARM.exidx      0x34192838        0x8
                0x34192838                        __exidx_start = .
 *(.ARM.exidx*)
 .ARM.exidx     0x34192838        0x8 /Users/seungwon/test/.tools/xpack-arm-none-eabi-gcc-15.2.1-1.1/bin/../lib/gcc/arm-none-eabi/15.2.1/../../../../arm-none-eabi/lib/thumb/v8-m.main+dp/hard/libc.a(libc_a-memcpy.o)
 .ARM.exidx.text.__udivmoddi4
                0x34192840        0x0 /Users/seungwon/test/.tools/xpack-arm-none-eabi-gcc-15.2.1-1.1/bin/../lib/gcc/arm-none-eabi/15.2.1/thumb/v8-m.main+dp/hard/libgcc.a(_udivmoddi4.o)
                                  0x8 (size before relaxing)
                0x34192840                        __exidx_end = .

.preinit_array  0x34192840        0x0
                0x34192840                        PROVIDE (__preinit_array_start = .)
 *(.preinit_array*)
                0x34192840                        PROVIDE (__preinit_array_end = .)

.init_array     0x34192840        0x8
                0x34192840                        PROVIDE (__init_array_start = .)
 *(SORT_BY_NAME(.init_array.*))
 .init_array.00000
                0x34192840        0x4 /Users/seungwon/test/.tools/xpack-arm-none-eabi-gcc-15.2.1-1.1/bin/../lib/gcc/arm-none-eabi/15.2.1/../../../../arm-none-eabi/lib/thumb/v8-m.main+dp/hard/libc.a(libc_a-__call_atexit.o)
 *(.init_array*)
 .init_array    0x34192844        0x4 /Users/seungwon/test/.tools/xpack-arm-none-eabi-gcc-15.2.1-1.1/bin/../lib/gcc/arm-none-eabi/15.2.1/thumb/v8-m.main+dp/hard/crtbegin.o
                0x34192848                        PROVIDE (__init_array_end = .)

.fini_array     0x34192848        0x4
                0x34192848                        PROVIDE (__fini_array_start = .)
 *(SORT_BY_NAME(.fini_array.*))
 *(.fini_array*)
 .fini_array    0x34192848        0x4 /Users/seungwon/test/.tools/xpack-arm-none-eabi-gcc-15.2.1-1.1/bin/../lib/gcc/arm-none-eabi/15.2.1/thumb/v8-m.main+dp/hard/crtbegin.o
                0x3419284c                        PROVIDE (__fini_array_end = .)

.rel.dyn        0x3419284c        0x0
 .rel.iplt      0x3419284c        0x0 /Users/seungwon/test/.tools/xpack-arm-none-eabi-gcc-15.2.1-1.1/bin/../lib/gcc/arm-none-eabi/15.2.1/thumb/v8-m.main+dp/hard/crtbegin.o

.gnu.sgstubs    0x34192860       0x20
                0x34192860                        . = ALIGN (0x20)
 *fill*         0x34192860        0x0 
 *(.gnu.sgstubs*)
                0x34192860                        . = ALIGN (0x20)
 .gnu.sgstubs.__stub
                0x34192860        0x8 linker stubs
                0x34192860                SECURE_SystemCoreClockUpdate
                0x34192880                        _sidata = LOADADDR (.data)

.data           0x341c0000      0x890 load address 0x34192880
                0x341c0000                        . = ALIGN (0x4)
                0x341c0000                        _sdata = .
 *(.data .data*)
 .data.prng_state
                0x341c0000        0x8 build/full/192f/mve-refmat/benchmark/benchmark.c.o
 .data.SystemCoreClock
                0x341c0008        0x4 build/full/192f/mve-refmat/benchmark/system_stm32n6xx_fsbl.c.o
                0x341c0008                SystemCoreClock
 .data.uwTickFreq
                0x341c000c        0x1 build/full/192f/mve-refmat/benchmark/stm32n6xx_hal.c.o
                0x341c000c                uwTickFreq
 *fill*         0x341c000d        0x3 
 .data.uwTickPrio
                0x341c0010        0x4 build/full/192f/mve-refmat/benchmark/stm32n6xx_hal.c.o
                0x341c0010                uwTickPrio
 .data.__malloc_sbrk_base
                0x341c0014        0x4 /Users/seungwon/test/.tools/xpack-arm-none-eabi-gcc-15.2.1-1.1/bin/../lib/gcc/arm-none-eabi/15.2.1/../../../../arm-none-eabi/lib/thumb/v8-m.main+dp/hard/libc.a(libc_a-mallocr.o)
                0x341c0014                __malloc_sbrk_base
 .data.__malloc_trim_threshold
                0x341c0018        0x4 /Users/seungwon/test/.tools/xpack-arm-none-eabi-gcc-15.2.1-1.1/bin/../lib/gcc/arm-none-eabi/15.2.1/../../../../arm-none-eabi/lib/thumb/v8-m.main+dp/hard/libc.a(libc_a-mallocr.o)
                0x341c0018                __malloc_trim_threshold
 *fill*         0x341c001c        0x4 
 .data.__malloc_av_
                0x341c0020      0x408 /Users/seungwon/test/.tools/xpack-arm-none-eabi-gcc-15.2.1-1.1/bin/../lib/gcc/arm-none-eabi/15.2.1/../../../../arm-none-eabi/lib/thumb/v8-m.main+dp/hard/libc.a(libc_a-mallocr.o)
                0x341c0020                __malloc_av_
 .data.__sglue  0x341c0428        0xc /Users/seungwon/test/.tools/xpack-arm-none-eabi-gcc-15.2.1-1.1/bin/../lib/gcc/arm-none-eabi/15.2.1/../../../../arm-none-eabi/lib/thumb/v8-m.main+dp/hard/libc.a(libc_a-findfp.o)
                0x341c0428                __sglue
 .data._impure_ptr
                0x341c0434        0x4 /Users/seungwon/test/.tools/xpack-arm-none-eabi-gcc-15.2.1-1.1/bin/../lib/gcc/arm-none-eabi/15.2.1/../../../../arm-none-eabi/lib/thumb/v8-m.main+dp/hard/libc.a(libc_a-impure.o)
                0x341c0434                _impure_ptr
 .data._impure_data
                0x341c0438      0x200 /Users/seungwon/test/.tools/xpack-arm-none-eabi-gcc-15.2.1-1.1/bin/../lib/gcc/arm-none-eabi/15.2.1/../../../../arm-none-eabi/lib/thumb/v8-m.main+dp/hard/libc.a(libc_a-impure.o)
                0x341c0438                _impure_data
 .data.__atexit_recursive_mutex
                0x341c0638        0x4 /Users/seungwon/test/.tools/xpack-arm-none-eabi-gcc-15.2.1-1.1/bin/../lib/gcc/arm-none-eabi/15.2.1/../../../../arm-none-eabi/lib/thumb/v8-m.main+dp/hard/libc.a(libc_a-__call_atexit.o)
                0x341c0638                __atexit_recursive_mutex
 .data.__global_locale
                0x341c063c      0x254 /Users/seungwon/test/.tools/xpack-arm-none-eabi-gcc-15.2.1-1.1/bin/../lib/gcc/arm-none-eabi/15.2.1/../../../../arm-none-eabi/lib/thumb/v8-m.main+dp/hard/libc.a(libc_a-locale.o)
                0x341c063c                __global_locale
                0x341c0890                        . = ALIGN (0x4)
                0x341c0890                        _edata = .

.igot.plt       0x341c0890        0x0 load address 0x34193110
 .igot.plt      0x341c0890        0x0 /Users/seungwon/test/.tools/xpack-arm-none-eabi-gcc-15.2.1-1.1/bin/../lib/gcc/arm-none-eabi/15.2.1/thumb/v8-m.main+dp/hard/crtbegin.o

.noncacheable   0x341c0890       0x10 load address 0x34193110
                0x341c08a0                        . = ALIGN (0x20)
 *fill*         0x341c0890       0x10 
                0x341c08a0                        __snoncacheable = .
 *(.noncacheable)
                0x341c08a0                        . = ALIGN (0x20)
                0x341c08a0                        __enoncacheable = .

.bss            0x341c08a0     0x4080 load address 0x34193110
                0x341c08a0                        . = ALIGN (0x8)
                0x341c08a0                        _sbss = .
                0x341c08a0                        __bss_start__ = .
 *(.bss .bss*)
 .bss.completed.1
                0x341c08a0        0x1 /Users/seungwon/test/.tools/xpack-arm-none-eabi-gcc-15.2.1-1.1/bin/../lib/gcc/arm-none-eabi/15.2.1/thumb/v8-m.main+dp/hard/crtbegin.o
 *fill*         0x341c08a1        0x3 
 .bss.object.0  0x341c08a4       0x18 /Users/seungwon/test/.tools/xpack-arm-none-eabi-gcc-15.2.1-1.1/bin/../lib/gcc/arm-none-eabi/15.2.1/thumb/v8-m.main+dp/hard/crtbegin.o
 *fill*         0x341c08bc        0x4 
 .bss.benchmark_checksum
                0x341c08c0        0x8 build/full/192f/mve-refmat/benchmark/benchmark.c.o
 .bss.message   0x341c08c8       0x3b build/full/192f/mve-refmat/benchmark/benchmark.c.o
 *fill*         0x341c0903        0x1 
 .bss.signature
                0x341c0904     0x3c30 build/full/192f/mve-refmat/benchmark/benchmark.c.o
 .bss.secret_key
                0x341c4534       0x48 build/full/192f/mve-refmat/benchmark/benchmark.c.o
 .bss.public_key
                0x341c457c       0x30 build/full/192f/mve-refmat/benchmark/benchmark.c.o
 .bss.DRBG_ctx  0x341c45ac       0x34 build/full/192f/mve-refmat/benchmark/rng.c.o
                0x341c45ac                DRBG_ctx
 .bss.stack_fill_end
                0x341c45e0        0x4 build/full/192f/mve-refmat/benchmark/platform.c.o
 .bss.heap_peak
                0x341c45e4        0x4 build/full/192f/mve-refmat/benchmark/platform.c.o
 .bss.heap_end  0x341c45e8        0x4 build/full/192f/mve-refmat/benchmark/platform.c.o
 *fill*         0x341c45ec        0x4 
 .bss.systick_wraps
                0x341c45f0        0x8 build/full/192f/mve-refmat/benchmark/platform.c.o
 .bss.measurement_start64
                0x341c45f8        0x8 build/full/192f/mve-refmat/benchmark/platform.c.o
 .bss.measurement_start
                0x341c4600        0x4 build/full/192f/mve-refmat/benchmark/platform.c.o
 .bss.uwTick    0x341c4604        0x4 build/full/192f/mve-refmat/benchmark/stm32n6xx_hal.c.o
                0x341c4604                uwTick
 .bss.__malloc_current_mallinfo
                0x341c4608       0x28 /Users/seungwon/test/.tools/xpack-arm-none-eabi-gcc-15.2.1-1.1/bin/../lib/gcc/arm-none-eabi/15.2.1/../../../../arm-none-eabi/lib/thumb/v8-m.main+dp/hard/libc.a(libc_a-mallocr.o)
                0x341c4608                __malloc_current_mallinfo
 .bss.__malloc_max_total_mem
                0x341c4630        0x4 /Users/seungwon/test/.tools/xpack-arm-none-eabi-gcc-15.2.1-1.1/bin/../lib/gcc/arm-none-eabi/15.2.1/../../../../arm-none-eabi/lib/thumb/v8-m.main+dp/hard/libc.a(libc_a-mallocr.o)
                0x341c4630                __malloc_max_total_mem
 .bss.__malloc_max_sbrked_mem
                0x341c4634        0x4 /Users/seungwon/test/.tools/xpack-arm-none-eabi-gcc-15.2.1-1.1/bin/../lib/gcc/arm-none-eabi/15.2.1/../../../../arm-none-eabi/lib/thumb/v8-m.main+dp/hard/libc.a(libc_a-mallocr.o)
                0x341c4634                __malloc_max_sbrked_mem
 .bss.__malloc_top_pad
                0x341c4638        0x4 /Users/seungwon/test/.tools/xpack-arm-none-eabi-gcc-15.2.1-1.1/bin/../lib/gcc/arm-none-eabi/15.2.1/../../../../arm-none-eabi/lib/thumb/v8-m.main+dp/hard/libc.a(libc_a-mallocr.o)
                0x341c4638                __malloc_top_pad
 .bss.__sf      0x341c463c      0x138 /Users/seungwon/test/.tools/xpack-arm-none-eabi-gcc-15.2.1-1.1/bin/../lib/gcc/arm-none-eabi/15.2.1/../../../../arm-none-eabi/lib/thumb/v8-m.main+dp/hard/libc.a(libc_a-findfp.o)
                0x341c463c                __sf
 .bss.__stdio_exit_handler
                0x341c4774        0x4 /Users/seungwon/test/.tools/xpack-arm-none-eabi-gcc-15.2.1-1.1/bin/../lib/gcc/arm-none-eabi/15.2.1/../../../../arm-none-eabi/lib/thumb/v8-m.main+dp/hard/libc.a(libc_a-findfp.o)
                0x341c4774                __stdio_exit_handler
 .bss.__lock___malloc_recursive_mutex
                0x341c4778        0x1 /Users/seungwon/test/.tools/xpack-arm-none-eabi-gcc-15.2.1-1.1/bin/../lib/gcc/arm-none-eabi/15.2.1/../../../../arm-none-eabi/lib/thumb/v8-m.main+dp/hard/libc.a(libc_a-lock.o)
                0x341c4778                __lock___malloc_recursive_mutex
 *fill*         0x341c4779        0x3 
 .bss.__lock___atexit_recursive_mutex
                0x341c477c        0x1 /Users/seungwon/test/.tools/xpack-arm-none-eabi-gcc-15.2.1-1.1/bin/../lib/gcc/arm-none-eabi/15.2.1/../../../../arm-none-eabi/lib/thumb/v8-m.main+dp/hard/libc.a(libc_a-lock.o)
                0x341c477c                __lock___atexit_recursive_mutex
 *fill*         0x341c477d        0x3 
 .bss.__lock___sfp_recursive_mutex
                0x341c4780        0x1 /Users/seungwon/test/.tools/xpack-arm-none-eabi-gcc-15.2.1-1.1/bin/../lib/gcc/arm-none-eabi/15.2.1/../../../../arm-none-eabi/lib/thumb/v8-m.main+dp/hard/libc.a(libc_a-lock.o)
                0x341c4780                __lock___sfp_recursive_mutex
 *fill*         0x341c4781        0x3 
 .bss.__atexit0
                0x341c4784      0x190 /Users/seungwon/test/.tools/xpack-arm-none-eabi-gcc-15.2.1-1.1/bin/../lib/gcc/arm-none-eabi/15.2.1/../../../../arm-none-eabi/lib/thumb/v8-m.main+dp/hard/libc.a(libc_a-__atexit.o)
                0x341c4784                __atexit0
 .bss.__atexit  0x341c4914        0x4 /Users/seungwon/test/.tools/xpack-arm-none-eabi-gcc-15.2.1-1.1/bin/../lib/gcc/arm-none-eabi/15.2.1/../../../../arm-none-eabi/lib/thumb/v8-m.main+dp/hard/libc.a(libc_a-__call_atexit.o)
                0x341c4914                __atexit
 .bss.errno     0x341c4918        0x4 /Users/seungwon/test/.tools/xpack-arm-none-eabi-gcc-15.2.1-1.1/bin/../lib/gcc/arm-none-eabi/15.2.1/../../../../arm-none-eabi/lib/thumb/v8-m.main+dp/hard/libc.a(libc_a-reent.o)
                0x341c4918                errno
 *(COMMON)
                0x341c4920                        . = ALIGN (0x8)
 *fill*         0x341c491c        0x4 
                0x341c4920                        _ebss = .
                0x341c4920                        __bss_end__ = .

._user_stack    0x341e0000    0x20000
                0x341e0000                        . = ALIGN (0x8)
                [!provide]                        PROVIDE (end = .)
                [!provide]                        PROVIDE (_end = .)
                0x34200000                        . = (. + _Min_Stack_Size)
 *fill*         0x341e0000    0x20000 
                0x34200000                        . = ALIGN (0x8)

._user_heap     0x34200000     0x1000
                0x34200000                        . = ALIGN (0x8)
                0x34200000                        _sheap = .
                0x34201000                        . = (. + _Min_Heap_Size)
 *fill*         0x34200000     0x1000 
                0x34201000                        . = ALIGN (0x8)
                0x343c0000                        _eheap = (ORIGIN (HEAPRAM) + LENGTH (HEAPRAM))
                0x00000001                        ASSERT ((_ebss <= _sstack), BOOTRAM data overlaps the stack)

.ARM.attributes
                0x00000000       0x3a
 *(.ARM.attributes)
 .ARM.attributes
                0x00000000       0x24 /Users/seungwon/test/.tools/xpack-arm-none-eabi-gcc-15.2.1-1.1/bin/../lib/gcc/arm-none-eabi/15.2.1/thumb/v8-m.main+dp/hard/crti.o
 .ARM.attributes
                0x00000024       0x36 /Users/seungwon/test/.tools/xpack-arm-none-eabi-gcc-15.2.1-1.1/bin/../lib/gcc/arm-none-eabi/15.2.1/thumb/v8-m.main+dp/hard/crtbegin.o
 .ARM.attributes
                0x0000005a       0x3e build/full/192f/mve-refmat/benchmark/benchmark.c.o
 .ARM.attributes
                0x00000098       0x3e build/full/192f/mve-refmat/benchmark/sign_low_memory.c.o
 .ARM.attributes
                0x000000d6       0x3e build/full/192f/mve-refmat/benchmark/verify_batch.c.o
 .ARM.attributes
                0x00000114       0x3e build/full/192f/mve-refmat/benchmark/field_batch.c.o
 .ARM.attributes
                0x00000152       0x3e build/full/192f/mve-refmat/benchmark/mpc_batch.c.o
 .ARM.attributes
                0x00000190       0x3e build/full/192f/mve-refmat/benchmark/aim3.c.o
 .ARM.attributes
                0x000001ce       0x3e build/full/192f/mve-refmat/benchmark/hash.c.o
 .ARM.attributes
                0x0000020c       0x3e build/full/192f/mve-refmat/benchmark/sign.c.o
 .ARM.attributes
                0x0000024a       0x3e build/full/192f/mve-refmat/benchmark/tree.c.o
 .ARM.attributes
                0x00000288       0x3e build/full/192f/mve-refmat/benchmark/field_common.c.o
 .ARM.attributes
                0x000002c6       0x3e build/full/192f/mve-refmat/benchmark/field_mve.c.o
 .ARM.attributes
                0x00000304       0x3e build/full/192f/mve-refmat/benchmark/matvec_reference.c.o
 .ARM.attributes
                0x00000342       0x3e build/full/192f/mve-refmat/benchmark/aes.c.o
 .ARM.attributes
                0x00000380       0x3e build/full/192f/mve-refmat/benchmark/fips202.c.o
 .ARM.attributes
                0x000003be       0x3e build/full/192f/mve-refmat/benchmark/rng.c.o
 .ARM.attributes
                0x000003fc       0x3e build/full/192f/mve-refmat/benchmark/platform.c.o
 .ARM.attributes
                0x0000043a       0x3e build/full/192f/mve-refmat/benchmark/system_stm32n6xx_fsbl.c.o
 .ARM.attributes
                0x00000478       0x3e build/full/192f/mve-refmat/benchmark/stm32n6xx_hal.c.o
 .ARM.attributes
                0x000004b6       0x3e build/full/192f/mve-refmat/benchmark/stm32n6xx_hal_cortex.c.o
 .ARM.attributes
                0x000004f4       0x3e build/full/192f/mve-refmat/benchmark/stm32n6xx_hal_pwr_ex.c.o
 .ARM.attributes
                0x00000532       0x3e build/full/192f/mve-refmat/benchmark/stm32n6xx_hal_rcc.c.o
 .ARM.attributes
                0x00000570       0x3e build/full/192f/mve-refmat/benchmark/stm32n6xx_hal_rcc_ex.c.o
 .ARM.attributes
                0x000005ae       0x22 build/full/192f/mve-refmat/benchmark/startup_stm32n657x0hxq_fsbl.s.o
 .ARM.attributes
                0x000005d0       0x36 /Users/seungwon/test/.tools/xpack-arm-none-eabi-gcc-15.2.1-1.1/bin/../lib/gcc/arm-none-eabi/15.2.1/../../../../arm-none-eabi/lib/thumb/v8-m.main+dp/hard/libc.a(libc_a-abort.o)
 .ARM.attributes
                0x00000606       0x36 /Users/seungwon/test/.tools/xpack-arm-none-eabi-gcc-15.2.1-1.1/bin/../lib/gcc/arm-none-eabi/15.2.1/../../../../arm-none-eabi/lib/thumb/v8-m.main+dp/hard/libc.a(libc_a-atexit.o)
 .ARM.attributes
                0x0000063c       0x36 /Users/seungwon/test/.tools/xpack-arm-none-eabi-gcc-15.2.1-1.1/bin/../lib/gcc/arm-none-eabi/15.2.1/../../../../arm-none-eabi/lib/thumb/v8-m.main+dp/hard/libc.a(libc_a-callocr.o)
 .ARM.attributes
                0x00000672       0x36 /Users/seungwon/test/.tools/xpack-arm-none-eabi-gcc-15.2.1-1.1/bin/../lib/gcc/arm-none-eabi/15.2.1/../../../../arm-none-eabi/lib/thumb/v8-m.main+dp/hard/libc.a(libc_a-exit.o)
 .ARM.attributes
                0x000006a8       0x36 /Users/seungwon/test/.tools/xpack-arm-none-eabi-gcc-15.2.1-1.1/bin/../lib/gcc/arm-none-eabi/15.2.1/../../../../arm-none-eabi/lib/thumb/v8-m.main+dp/hard/libc.a(libc_a-malloc.o)
 .ARM.attributes
                0x000006de       0x36 /Users/seungwon/test/.tools/xpack-arm-none-eabi-gcc-15.2.1-1.1/bin/../lib/gcc/arm-none-eabi/15.2.1/../../../../arm-none-eabi/lib/thumb/v8-m.main+dp/hard/libc.a(libc_a-mallocr.o)
 .ARM.attributes
                0x00000714       0x36 /Users/seungwon/test/.tools/xpack-arm-none-eabi-gcc-15.2.1-1.1/bin/../lib/gcc/arm-none-eabi/15.2.1/../../../../arm-none-eabi/lib/thumb/v8-m.main+dp/hard/libc.a(libc_a-mlock.o)
 .ARM.attributes
                0x0000074a       0x36 /Users/seungwon/test/.tools/xpack-arm-none-eabi-gcc-15.2.1-1.1/bin/../lib/gcc/arm-none-eabi/15.2.1/../../../../arm-none-eabi/lib/thumb/v8-m.main+dp/hard/libc.a(libc_a-printf.o)
 .ARM.attributes
                0x00000780       0x36 /Users/seungwon/test/.tools/xpack-arm-none-eabi-gcc-15.2.1-1.1/bin/../lib/gcc/arm-none-eabi/15.2.1/../../../../arm-none-eabi/lib/thumb/v8-m.main+dp/hard/libc.a(libc_a-puts.o)
 .ARM.attributes
                0x000007b6       0x36 /Users/seungwon/test/.tools/xpack-arm-none-eabi-gcc-15.2.1-1.1/bin/../lib/gcc/arm-none-eabi/15.2.1/../../../../arm-none-eabi/lib/thumb/v8-m.main+dp/hard/libc.a(libc_a-fflush.o)
 .ARM.attributes
                0x000007ec       0x36 /Users/seungwon/test/.tools/xpack-arm-none-eabi-gcc-15.2.1-1.1/bin/../lib/gcc/arm-none-eabi/15.2.1/../../../../arm-none-eabi/lib/thumb/v8-m.main+dp/hard/libc.a(libc_a-findfp.o)
 .ARM.attributes
                0x00000822       0x36 /Users/seungwon/test/.tools/xpack-arm-none-eabi-gcc-15.2.1-1.1/bin/../lib/gcc/arm-none-eabi/15.2.1/../../../../arm-none-eabi/lib/thumb/v8-m.main+dp/hard/libc.a(libc_a-memcmp.o)
 .ARM.attributes
                0x00000858       0x36 /Users/seungwon/test/.tools/xpack-arm-none-eabi-gcc-15.2.1-1.1/bin/../lib/gcc/arm-none-eabi/15.2.1/../../../../arm-none-eabi/lib/thumb/v8-m.main+dp/hard/libc.a(libc_a-memmove.o)
 .ARM.attributes
                0x0000088e       0x36 /Users/seungwon/test/.tools/xpack-arm-none-eabi-gcc-15.2.1-1.1/bin/../lib/gcc/arm-none-eabi/15.2.1/../../../../arm-none-eabi/lib/thumb/v8-m.main+dp/hard/libc.a(libc_a-memset.o)
 .ARM.attributes
                0x000008c4       0x36 /Users/seungwon/test/.tools/xpack-arm-none-eabi-gcc-15.2.1-1.1/bin/../lib/gcc/arm-none-eabi/15.2.1/../../../../arm-none-eabi/lib/thumb/v8-m.main+dp/hard/libc.a(libc_a-signal.o)
 .ARM.attributes
                0x000008fa       0x36 /Users/seungwon/test/.tools/xpack-arm-none-eabi-gcc-15.2.1-1.1/bin/../lib/gcc/arm-none-eabi/15.2.1/../../../../arm-none-eabi/lib/thumb/v8-m.main+dp/hard/libc.a(libc_a-impure.o)
 .ARM.attributes
                0x00000930       0x36 /Users/seungwon/test/.tools/xpack-arm-none-eabi-gcc-15.2.1-1.1/bin/../lib/gcc/arm-none-eabi/15.2.1/../../../../arm-none-eabi/lib/thumb/v8-m.main+dp/hard/libc.a(libc_a-signalr.o)
 .ARM.attributes
                0x00000966       0x36 /Users/seungwon/test/.tools/xpack-arm-none-eabi-gcc-15.2.1-1.1/bin/../lib/gcc/arm-none-eabi/15.2.1/../../../../arm-none-eabi/lib/thumb/v8-m.main+dp/hard/libc.a(libc_a-sbrkr.o)
 .ARM.attributes
                0x0000099c       0x36 /Users/seungwon/test/.tools/xpack-arm-none-eabi-gcc-15.2.1-1.1/bin/../lib/gcc/arm-none-eabi/15.2.1/../../../../arm-none-eabi/lib/thumb/v8-m.main+dp/hard/libc.a(libc_a-errno.o)
 .ARM.attributes
                0x000009d2       0x36 /Users/seungwon/test/.tools/xpack-arm-none-eabi-gcc-15.2.1-1.1/bin/../lib/gcc/arm-none-eabi/15.2.1/../../../../arm-none-eabi/lib/thumb/v8-m.main+dp/hard/libc.a(libc_a-sysconf.o)
 .ARM.attributes
                0x00000a08       0x36 /Users/seungwon/test/.tools/xpack-arm-none-eabi-gcc-15.2.1-1.1/bin/../lib/gcc/arm-none-eabi/15.2.1/../../../../arm-none-eabi/lib/thumb/v8-m.main+dp/hard/libc.a(libc_a-init.o)
 .ARM.attributes
                0x00000a3e       0x36 /Users/seungwon/test/.tools/xpack-arm-none-eabi-gcc-15.2.1-1.1/bin/../lib/gcc/arm-none-eabi/15.2.1/../../../../arm-none-eabi/lib/thumb/v8-m.main+dp/hard/libc.a(libc_a-fini.o)
 .ARM.attributes
                0x00000a74       0x36 /Users/seungwon/test/.tools/xpack-arm-none-eabi-gcc-15.2.1-1.1/bin/../lib/gcc/arm-none-eabi/15.2.1/../../../../arm-none-eabi/lib/thumb/v8-m.main+dp/hard/libc.a(libc_a-lock.o)
 .ARM.attributes
                0x00000aaa       0x22 /Users/seungwon/test/.tools/xpack-arm-none-eabi-gcc-15.2.1-1.1/bin/../lib/gcc/arm-none-eabi/15.2.1/../../../../arm-none-eabi/lib/thumb/v8-m.main+dp/hard/libc.a(libc_a-memcpy.o)
 .ARM.attributes
                0x00000acc       0x36 /Users/seungwon/test/.tools/xpack-arm-none-eabi-gcc-15.2.1-1.1/bin/../lib/gcc/arm-none-eabi/15.2.1/../../../../arm-none-eabi/lib/thumb/v8-m.main+dp/hard/libc.a(libc_a-strlen-stub.o)
 .ARM.attributes
                0x00000b02       0x36 /Users/seungwon/test/.tools/xpack-arm-none-eabi-gcc-15.2.1-1.1/bin/../lib/gcc/arm-none-eabi/15.2.1/../../../../arm-none-eabi/lib/thumb/v8-m.main+dp/hard/libc.a(libc_a-__atexit.o)
 .ARM.attributes
                0x00000b38       0x36 /Users/seungwon/test/.tools/xpack-arm-none-eabi-gcc-15.2.1-1.1/bin/../lib/gcc/arm-none-eabi/15.2.1/../../../../arm-none-eabi/lib/thumb/v8-m.main+dp/hard/libc.a(libc_a-__call_atexit.o)
 .ARM.attributes
                0x00000b6e       0x36 /Users/seungwon/test/.tools/xpack-arm-none-eabi-gcc-15.2.1-1.1/bin/../lib/gcc/arm-none-eabi/15.2.1/../../../../arm-none-eabi/lib/thumb/v8-m.main+dp/hard/libc.a(libc_a-freer.o)
 .ARM.attributes